******************************************************************************
                  MSP430 Linker PC v4.2.1                      
******************************************************************************
>> Linked Thu Jun 02 22:10:14 2016

OUTPUT FILE NAME:   <Click_Go_v4.out>
ENTRY POINT SYMBOL: "_c_int00"  address: 0000cdb6


MEMORY CONFIGURATION

         name            origin    length      used     unused   attr    fill
----------------------  --------  ---------  --------  --------  ----  --------
  SFR                   00000000   00000010  00000000  00000010  RWIX
  PERIPHERALS_8BIT      00000010   000000f0  00000000  000000f0  RWIX
  PERIPHERALS_16BIT     00000100   00000100  00000000  00000100  RWIX
  RAM                   00000210   000001f0  00000182  0000006e  RWIX
  INFOD                 00001000   00000040  00000000  00000040  RWIX
  INFOC                 00001040   00000040  00000000  00000040  RWIX
  INFOB                 00001080   00000040  00000000  00000040  RWIX
  INFOA                 000010c0   00000040  00000000  00000040  RWIX
  FLASH                 0000c000   00002fe0  0000111d  00001ec3  RWIX
  INT00                 0000efe0   00000002  00000000  00000002  RWIX
  INT01                 0000efe2   00000002  00000000  00000002  RWIX
  INT02                 0000efe4   00000002  00000002  00000000  RWIX
  INT03                 0000efe6   00000002  00000002  00000000  RWIX
  INT04                 0000efe8   00000002  00000000  00000002  RWIX
  INT05                 0000efea   00000002  00000002  00000000  RWIX
  INT06                 0000efec   00000002  00000002  00000000  RWIX
  INT07                 0000efee   00000002  00000002  00000000  RWIX
  INT08                 0000eff0   00000002  00000002  00000000  RWIX
  INT09                 0000eff2   00000002  00000002  00000000  RWIX
  INT10                 0000eff4   00000002  00000002  00000000  RWIX
  INT11                 0000eff6   00000002  00000002  00000000  RWIX
  INT12                 0000eff8   00000002  00000002  00000000  RWIX
  INT13                 0000effa   00000002  00000002  00000000  RWIX
  INT14                 0000effc   00000002  00000002  00000000  RWIX
  RESET                 0000effe   00000002  00000002  00000000  RWIX


SECTION ALLOCATION MAP

 output                                  attributes/
section   page    origin      length       input sections
--------  ----  ----------  ----------   ----------------
.init_array 
*          0    0000c000    00000000     UNINITIALIZED

.data      0    00000210    000000d4     UNINITIALIZED
                  00000210    000000c8     np_module_mdk_v1.lib : np_driver_spi.obj (.data)
                  000002d8    00000004     NCN_GPIO.obj (.data)
                  000002dc    00000003     np_module_mdk_v1.lib : np_function_ncn_interface.obj (.data:mdk_app_version)
                  000002df    00000001                          : np_driver_pm.obj (.data)
                  000002e0    00000003     NCN_GPIO.obj (.data:pin_adc)
                  000002e3    00000001     np_module_mdk_v1.lib : np_driver_timerA0.obj (.data)

.TI.persistent 
*          0    00000210    00000000     UNINITIALIZED

.bss       0    000002e4    0000005e     UNINITIALIZED
                  000002e4    00000040     (.common:t_message)
                  00000324    00000010     (.common:GPIO_Pins)
                  00000334    00000006     (.common:freq_call_function0)
                  0000033a    00000002     (.common:PWM_value_PIN4)
                  0000033c    00000002     (.common:PWM_value_PIN5)
                  0000033e    00000002     (.common:mdk_cmd_func_table_ptr)
                  00000340    00000001     (.common:mdk_cmd_func_number)
                  00000341    00000001     (.common:source_address)

.TI.noinit 
*          0    000002e4    00000000     UNINITIALIZED

.stack     0    000003b0    00000050     UNINITIALIZED
                  000003b0    00000002     rts430_eabi.lib : boot.obj (.stack)
                  000003b2    0000004e     --HOLE--

.text      0    0000c000    00000ee2     
                  0000c000    000001a8     np_module_mdk_v1.lib : np_driver_spi.obj (.text:np_driver_spi_isr)
                  0000c1a8    0000017a                          : np_function_ncn_interface.obj (.text:np_function_ncn_interface_parse)
                  0000c322    00000132                          : np_function_ncn_interface.obj (.text:np_function_ncn_interface_post_message)
                  0000c454    00000106     tmain.obj (.text:np_api_loop)
                  0000c55a    000000ec     NCN_GPIO.obj (.text:analogWrite)
                  0000c646    000000d2     t_my_app.obj (.text:Settings)
                  0000c718    000000c8     np_module_mdk_v1.lib : np_function_ncn_interface.obj (.text:np_function_ncn_interface_get_message)
                  0000c7e0    00000098     tmain.obj (.text:np_api_setup)
                  0000c878    00000098     NCN_GPIO.obj (.text:pinMode)
                  0000c910    00000084     NCN_GPIO.obj (.text:digitalWrite)
                  0000c994    00000080     NCN_GPIO.obj (.text:digitalRead)
                  0000ca14    00000060     NCN_GPIO.obj (.text:analogRead)
                  0000ca74    0000005e     rts430_eabi.lib : copy_decompress_rle.obj (.text:__TI_decompress_rle_core)
                  0000cad2    0000005e                     : autoinit.obj (.text:_auto_init)
                  0000cb30    0000005e     np_module_mdk_v1.lib : np_driver_timerA0.obj (.text:np_driver_timer_isr)
                  0000cb8e    00000046     t_my_app.obj (.text:PWM)
                  0000cbd4    00000046     np_module_mdk_v1.lib : system.obj (.text:np_system_init)
                  0000cc1a    0000003e                          : np_driver_ucs.obj (.text:np_driver_ucs_init)
                  0000cc58    0000003a                          : np_api_apis.obj (.text:np_api_register)
                  0000cc92    00000032                          : np_driver_spi.obj (.text:np_driver_spi_apply_post)
                  0000ccc4    00000032                          : np_driver_spi.obj (.text:np_driver_spi_init)
                  0000ccf6    0000002c     rts430_eabi.lib : lsl16.obj (.text)
                  0000cd22    0000002a     np_module_mdk_v1.lib : main.obj (.text:main)
                  0000cd4c    00000028                          : np_function_ncn_interface.obj (.text:np_function_ncn_interface_loop)
                  0000cd74    00000024                          : np_function_crc.obj (.text:np_function_crc_calculate)
                  0000cd98    0000001e                          : np_function_task.obj (.text:np_function_task_register)
                  0000cdb6    0000001a     rts430_eabi.lib : boot.obj (.text:_c_int00_noexit)
                  0000cdd0    0000001a     np_module_mdk_v1.lib : np_api_apis.obj (.text:np_api_upload)
                  0000cdea    00000018                          : np_function_crc.obj (.text:np_function_crc_check)
                  0000ce02    00000016     rts430_eabi.lib : div16u.obj (.text)
                  0000ce18    00000014                     : copy_zero_init.obj (.text:decompress:ZI:__TI_zero_init)
                  0000ce2c    00000014                     : mult16.obj (.text)
                  0000ce40    00000012                     : copy_decompress_none.obj (.text:decompress:none:__TI_decompress_none)
                  0000ce52    00000012                     : memcpy.obj (.text:memcpy)
                  0000ce64    00000010                     : epilog.obj (.text)
                  0000ce74    0000000e     np_module_mdk_v1.lib : np_driver_pm.obj (.text:np_driver_pm_loop)
                  0000ce82    0000000e                          : np_driver_timerA0.obj (.text:np_driver_timer_init)
                  0000ce90    0000000e                          : np_function_task.obj (.text:np_function_task_init)
                  0000ce9e    00000008                          : np_api_apis.obj (.text:np_api_poweroff)
                  0000cea6    00000008                          : np_driver_spi.obj (.text:np_driver_spi_is_aviable)
                  0000ceae    00000008                          : np_driver_timerA0.obj (.text:np_driver_timer_enable)
                  0000ceb6    00000006     rts430_eabi.lib : isr_trap.obj (.text:__TI_ISR_TRAP)
                  0000cebc    00000006                     : copy_decompress_rle.obj (.text:decompress:rle24:__TI_decompress_rle24)
                  0000cec2    00000006     np_module_mdk_v1.lib : np_driver_pm.obj (.text:np_driver_pm_mode_get)
                  0000cec8    00000006                          : np_function_ncn_interface.obj (.text:np_function_set_post_address)
                  0000cece    00000004     rts430_eabi.lib : pre_init.obj (.text:_system_pre_init)
                  0000ced2    00000004                     : exit.obj (.text:abort)
                  0000ced6    00000004     np_module_mdk_v1.lib : np_driver_pm.obj (.text:np_driver_pm_gie_clear)
                  0000ceda    00000004                          : np_driver_pm.obj (.text:np_driver_pm_gie_set)
                  0000cede    00000002     tmain.obj (.text:np_api_start)
                  0000cee0    00000002     tmain.obj (.text:np_api_stop)

.const     0    0000cee2    00000219     
                  0000cee2    00000200     np_module_mdk_v1.lib : np_function_crc.obj (.const:crc_table)
                  0000d0e2    00000010     NCN_GPIO.obj (.const:.string:pin_list)
                  0000d0f2    00000008     tmain.obj (.const:my_cmd_func_table)
                  0000d0fa    00000001     np_module_mdk_v1.lib : np_function_ncn_interface.obj (.const:.string:$P$T0$1)

.cinit     0    0000d0fc    00000022     
                  0000d0fc    0000000f     (.cinit..data.load) [load image, compression = rle]
                  0000d10b    00000001     --HOLE-- [fill = 0]
                  0000d10c    00000006     (__TI_handler_table)
                  0000d112    00000004     (.cinit..bss.load) [load image, compression = zero_init]
                  0000d116    00000008     (__TI_cinit_table)

PORT1      0    0000efe4    00000002     
                  0000efe4    00000002     rts430_eabi.lib : int02.obj (.int02)

PORT2      0    0000efe6    00000002     
                  0000efe6    00000002     rts430_eabi.lib : int03.obj (.int03)

ADC10      0    0000efea    00000002     
                  0000efea    00000002     rts430_eabi.lib : int05.obj (.int05)

USCIAB0TX 
*          0    0000efec    00000002     
                  0000efec    00000002     rts430_eabi.lib : int06.obj (.int06)

USCIAB0RX 
*          0    0000efee    00000002     
                  0000efee    00000002     np_module_mdk_v1.lib : np_driver_spi.obj (.int07)

TIMER0_A1 
*          0    0000eff0    00000002     
                  0000eff0    00000002     rts430_eabi.lib : int08.obj (.int08)

TIMER0_A0 
*          0    0000eff2    00000002     
                  0000eff2    00000002     np_module_mdk_v1.lib : np_driver_timerA0.obj (.int09)

WDT        0    0000eff4    00000002     
                  0000eff4    00000002     rts430_eabi.lib : int10.obj (.int10)

COMPARATORA 
*          0    0000eff6    00000002     
                  0000eff6    00000002     rts430_eabi.lib : int11.obj (.int11)

TIMER1_A1 
*          0    0000eff8    00000002     
                  0000eff8    00000002     rts430_eabi.lib : int12.obj (.int12)

TIMER1_A0 
*          0    0000effa    00000002     
                  0000effa    00000002     rts430_eabi.lib : int13.obj (.int13)

NMI        0    0000effc    00000002     
                  0000effc    00000002     rts430_eabi.lib : int14.obj (.int14)

.reset     0    0000effe    00000002     
                  0000effe    00000002     rts430_eabi.lib : boot.obj (.reset)


LINKER GENERATED COPY TABLES

__TI_cinit_table @ 0000d116 records: 2, size/record: 4, table size: 8
	.data: load addr=0000d0fc, load size=0000000f bytes, run addr=00000210, run size=000000d4 bytes, compression=rle
	.bss: load addr=0000d112, load size=00000004 bytes, run addr=000002e4, run size=0000005e bytes, compression=zero_init


LINKER GENERATED HANDLER TABLE

__TI_handler_table @ 0000d10c records: 3, size/record: 2, table size: 6
	index: 0, handler: __TI_zero_init
	index: 1, handler: __TI_decompress_rle24
	index: 2, handler: __TI_decompress_none


GLOBAL SYMBOLS: SORTED ALPHABETICALLY BY Name 

address    name
--------   ----
0000004a   ADC10AE0
000001b0   ADC10CTL0
000001b2   ADC10CTL1
00000048   ADC10DTC0
00000049   ADC10DTC1
000001b4   ADC10MEM
000001bc   ADC10SA
00000057   BCSCTL1
00000058   BCSCTL2
00000053   BCSCTL3
0000ced2   C$$EXIT
00000059   CACTL1
0000005a   CACTL2
000010fb   CALBC1_12MHZ
000010f9   CALBC1_16MHZ
000010ff   CALBC1_1MHZ
000010fd   CALBC1_8MHZ
000010fa   CALDCO_12MHZ
000010f8   CALDCO_16MHZ
000010fe   CALDCO_1MHZ
000010fc   CALDCO_8MHZ
0000005b   CAPD
00000056   DCOCTL
00000128   FCTL1
0000012a   FCTL2
0000012c   FCTL3
00000324   GPIO_Pins
00000000   IE1
00000001   IE2
00000002   IFG1
00000003   IFG2
00000022   P1DIR
00000025   P1IE
00000024   P1IES
00000023   P1IFG
00000020   P1IN
00000021   P1OUT
00000027   P1REN
00000026   P1SEL
00000041   P1SEL2
0000002a   P2DIR
0000002d   P2IE
0000002c   P2IES
0000002b   P2IFG
00000028   P2IN
00000029   P2OUT
0000002f   P2REN
0000002e   P2SEL
00000042   P2SEL2
0000001a   P3DIR
00000018   P3IN
00000019   P3OUT
00000010   P3REN
0000001b   P3SEL
00000043   P3SEL2
0000cb8e   PWM
0000033a   PWM_value_PIN4
0000033c   PWM_value_PIN5
0000c646   Settings
00000172   TA0CCR0
00000174   TA0CCR1
00000176   TA0CCR2
00000162   TA0CCTL0
00000164   TA0CCTL1
00000166   TA0CCTL2
00000160   TA0CTL
0000012e   TA0IV
00000170   TA0R
00000192   TA1CCR0
00000194   TA1CCR1
00000196   TA1CCR2
00000182   TA1CCTL0
00000184   TA1CCTL1
00000186   TA1CCTL2
00000180   TA1CTL
0000011e   TA1IV
00000190   TA1R
0000005d   UCA0ABCTL
00000062   UCA0BR0
00000063   UCA0BR1
00000060   UCA0CTL0
00000061   UCA0CTL1
0000005f   UCA0IRRCTL
0000005e   UCA0IRTCTL
00000064   UCA0MCTL
00000066   UCA0RXBUF
00000065   UCA0STAT
00000067   UCA0TXBUF
0000006a   UCB0BR0
0000006b   UCB0BR1
00000068   UCB0CTL0
00000069   UCB0CTL1
0000006c   UCB0I2CIE
00000118   UCB0I2COA
0000011a   UCB0I2CSA
0000006e   UCB0RXBUF
0000006d   UCB0STAT
0000006f   UCB0TXBUF
00000120   WDTCTL
00000400   __STACK_END
00000050   __STACK_SIZE
0000d116   __TI_CINIT_Base
0000d11e   __TI_CINIT_Limit
0000d10c   __TI_Handler_Table_Base
0000d112   __TI_Handler_Table_Limit
UNDEFED    __TI_INITARRAY_Base
UNDEFED    __TI_INITARRAY_Limit
0000ceb6   __TI_ISR_TRAP
00000001   __TI_args_main
0000ce40   __TI_decompress_none
0000cebc   __TI_decompress_rle24
00000001   __TI_exit
0000efe4   __TI_int02
0000efe6   __TI_int03
0000efea   __TI_int05
0000efec   __TI_int06
0000efee   __TI_int07
0000eff0   __TI_int08
0000eff2   __TI_int09
0000eff4   __TI_int10
0000eff6   __TI_int11
0000eff8   __TI_int12
0000effa   __TI_int13
0000effc   __TI_int14
0000ce18   __TI_zero_init
ffffffff   __binit__
ffffffff   __c_args__
0000ce02   __mspabi_divu
0000ce70   __mspabi_func_epilog_1
0000ce6e   __mspabi_func_epilog_2
0000ce6c   __mspabi_func_epilog_3
0000ce6a   __mspabi_func_epilog_4
0000ce68   __mspabi_func_epilog_5
0000ce66   __mspabi_func_epilog_6
0000ce64   __mspabi_func_epilog_7
0000ce2c   __mspabi_mpyi
0000ce02   __mspabi_remu
0000ccf6   __mspabi_slli
0000cd1e   __mspabi_slli_1
0000cd0c   __mspabi_slli_10
0000cd0a   __mspabi_slli_11
0000cd08   __mspabi_slli_12
0000cd06   __mspabi_slli_13
0000cd04   __mspabi_slli_14
0000cd02   __mspabi_slli_15
0000cd1c   __mspabi_slli_2
0000cd1a   __mspabi_slli_3
0000cd18   __mspabi_slli_4
0000cd16   __mspabi_slli_5
0000cd14   __mspabi_slli_6
0000cd12   __mspabi_slli_7
0000cd10   __mspabi_slli_8
0000cd0e   __mspabi_slli_9
0000cad2   _auto_init
0000cdb6   _c_int00
0000cdb6   _c_int00_noexit
0000effe   _reset_vector
000003b0   _stack
0000cece   _system_pre_init
0000ced2   abort
0000ca14   analogRead
0000c55a   analogWrite
ffffffff   binit
0000cee2   crc_table
0000c994   digitalRead
0000c910   digitalWrite
00000334   freq_call_function0
0000cd22   main
000002dc   mdk_app_version
000002df   mdk_auto_power_save
00000340   mdk_cmd_func_number
0000033e   mdk_cmd_func_table_ptr
0000ce52   memcpy
000002cf   my_node
0000c454   np_api_loop
0000ce9e   np_api_poweroff
0000cc58   np_api_register
0000c7e0   np_api_setup
0000cede   np_api_start
0000cee0   np_api_stop
0000cdd0   np_api_upload
0000ced6   np_driver_pm_gie_clear
0000ceda   np_driver_pm_gie_set
0000ce74   np_driver_pm_loop
0000cec2   np_driver_pm_mode_get
0000cc92   np_driver_spi_apply_post
0000ccc4   np_driver_spi_init
0000cea6   np_driver_spi_is_aviable
0000c000   np_driver_spi_isr
0000ceae   np_driver_timer_enable
0000ce82   np_driver_timer_init
0000cb30   np_driver_timer_isr
0000cc1a   np_driver_ucs_init
0000cd74   np_function_crc_calculate
0000cdea   np_function_crc_check
0000c718   np_function_ncn_interface_get_message
0000cd4c   np_function_ncn_interface_loop
0000c1a8   np_function_ncn_interface_parse
0000c322   np_function_ncn_interface_post_message
0000ce74   np_function_pm_loop
0000cec2   np_function_pm_mode_get
0000cec8   np_function_set_post_address
0000ce90   np_function_task_init
0000cd98   np_function_task_register
0000cbd4   np_system_init
0000c878   pinMode
0000d0e2   pin_list
000002e3   run_the_loop
00000341   source_address
000002cc   spi_count
00000210   spi_get_buf
0000026e   spi_post_buf
000002ce   spi_rw
000002cd   spi_status
000002e4   t_message
000002d4   test_get
000002d0   test_post


GLOBAL SYMBOLS: SORTED BY Symbol Address 

address    name
--------   ----
00000000   IE1
00000001   IE2
00000001   __TI_args_main
00000001   __TI_exit
00000002   IFG1
00000003   IFG2
00000010   P3REN
00000018   P3IN
00000019   P3OUT
0000001a   P3DIR
0000001b   P3SEL
00000020   P1IN
00000021   P1OUT
00000022   P1DIR
00000023   P1IFG
00000024   P1IES
00000025   P1IE
00000026   P1SEL
00000027   P1REN
00000028   P2IN
00000029   P2OUT
0000002a   P2DIR
0000002b   P2IFG
0000002c   P2IES
0000002d   P2IE
0000002e   P2SEL
0000002f   P2REN
00000041   P1SEL2
00000042   P2SEL2
00000043   P3SEL2
00000048   ADC10DTC0
00000049   ADC10DTC1
0000004a   ADC10AE0
00000050   __STACK_SIZE
00000053   BCSCTL3
00000056   DCOCTL
00000057   BCSCTL1
00000058   BCSCTL2
00000059   CACTL1
0000005a   CACTL2
0000005b   CAPD
0000005d   UCA0ABCTL
0000005e   UCA0IRTCTL
0000005f   UCA0IRRCTL
00000060   UCA0CTL0
00000061   UCA0CTL1
00000062   UCA0BR0
00000063   UCA0BR1
00000064   UCA0MCTL
00000065   UCA0STAT
00000066   UCA0RXBUF
00000067   UCA0TXBUF
00000068   UCB0CTL0
00000069   UCB0CTL1
0000006a   UCB0BR0
0000006b   UCB0BR1
0000006c   UCB0I2CIE
0000006d   UCB0STAT
0000006e   UCB0RXBUF
0000006f   UCB0TXBUF
00000118   UCB0I2COA
0000011a   UCB0I2CSA
0000011e   TA1IV
00000120   WDTCTL
00000128   FCTL1
0000012a   FCTL2
0000012c   FCTL3
0000012e   TA0IV
00000160   TA0CTL
00000162   TA0CCTL0
00000164   TA0CCTL1
00000166   TA0CCTL2
00000170   TA0R
00000172   TA0CCR0
00000174   TA0CCR1
00000176   TA0CCR2
00000180   TA1CTL
00000182   TA1CCTL0
00000184   TA1CCTL1
00000186   TA1CCTL2
00000190   TA1R
00000192   TA1CCR0
00000194   TA1CCR1
00000196   TA1CCR2
000001b0   ADC10CTL0
000001b2   ADC10CTL1
000001b4   ADC10MEM
000001bc   ADC10SA
00000210   spi_get_buf
0000026e   spi_post_buf
000002cc   spi_count
000002cd   spi_status
000002ce   spi_rw
000002cf   my_node
000002d0   test_post
000002d4   test_get
000002dc   mdk_app_version
000002df   mdk_auto_power_save
000002e3   run_the_loop
000002e4   t_message
00000324   GPIO_Pins
00000334   freq_call_function0
0000033a   PWM_value_PIN4
0000033c   PWM_value_PIN5
0000033e   mdk_cmd_func_table_ptr
00000340   mdk_cmd_func_number
00000341   source_address
000003b0   _stack
00000400   __STACK_END
000010f8   CALDCO_16MHZ
000010f9   CALBC1_16MHZ
000010fa   CALDCO_12MHZ
000010fb   CALBC1_12MHZ
000010fc   CALDCO_8MHZ
000010fd   CALBC1_8MHZ
000010fe   CALDCO_1MHZ
000010ff   CALBC1_1MHZ
0000c000   np_driver_spi_isr
0000c1a8   np_function_ncn_interface_parse
0000c322   np_function_ncn_interface_post_message
0000c454   np_api_loop
0000c55a   analogWrite
0000c646   Settings
0000c718   np_function_ncn_interface_get_message
0000c7e0   np_api_setup
0000c878   pinMode
0000c910   digitalWrite
0000c994   digitalRead
0000ca14   analogRead
0000cad2   _auto_init
0000cb30   np_driver_timer_isr
0000cb8e   PWM
0000cbd4   np_system_init
0000cc1a   np_driver_ucs_init
0000cc58   np_api_register
0000cc92   np_driver_spi_apply_post
0000ccc4   np_driver_spi_init
0000ccf6   __mspabi_slli
0000cd02   __mspabi_slli_15
0000cd04   __mspabi_slli_14
0000cd06   __mspabi_slli_13
0000cd08   __mspabi_slli_12
0000cd0a   __mspabi_slli_11
0000cd0c   __mspabi_slli_10
0000cd0e   __mspabi_slli_9
0000cd10   __mspabi_slli_8
0000cd12   __mspabi_slli_7
0000cd14   __mspabi_slli_6
0000cd16   __mspabi_slli_5
0000cd18   __mspabi_slli_4
0000cd1a   __mspabi_slli_3
0000cd1c   __mspabi_slli_2
0000cd1e   __mspabi_slli_1
0000cd22   main
0000cd4c   np_function_ncn_interface_loop
0000cd74   np_function_crc_calculate
0000cd98   np_function_task_register
0000cdb6   _c_int00
0000cdb6   _c_int00_noexit
0000cdd0   np_api_upload
0000cdea   np_function_crc_check
0000ce02   __mspabi_divu
0000ce02   __mspabi_remu
0000ce18   __TI_zero_init
0000ce2c   __mspabi_mpyi
0000ce40   __TI_decompress_none
0000ce52   memcpy
0000ce64   __mspabi_func_epilog_7
0000ce66   __mspabi_func_epilog_6
0000ce68   __mspabi_func_epilog_5
0000ce6a   __mspabi_func_epilog_4
0000ce6c   __mspabi_func_epilog_3
0000ce6e   __mspabi_func_epilog_2
0000ce70   __mspabi_func_epilog_1
0000ce74   np_driver_pm_loop
0000ce74   np_function_pm_loop
0000ce82   np_driver_timer_init
0000ce90   np_function_task_init
0000ce9e   np_api_poweroff
0000cea6   np_driver_spi_is_aviable
0000ceae   np_driver_timer_enable
0000ceb6   __TI_ISR_TRAP
0000cebc   __TI_decompress_rle24
0000cec2   np_driver_pm_mode_get
0000cec2   np_function_pm_mode_get
0000cec8   np_function_set_post_address
0000cece   _system_pre_init
0000ced2   C$$EXIT
0000ced2   abort
0000ced6   np_driver_pm_gie_clear
0000ceda   np_driver_pm_gie_set
0000cede   np_api_start
0000cee0   np_api_stop
0000cee2   crc_table
0000d0e2   pin_list
0000d10c   __TI_Handler_Table_Base
0000d112   __TI_Handler_Table_Limit
0000d116   __TI_CINIT_Base
0000d11e   __TI_CINIT_Limit
0000efe4   __TI_int02
0000efe6   __TI_int03
0000efea   __TI_int05
0000efec   __TI_int06
0000efee   __TI_int07
0000eff0   __TI_int08
0000eff2   __TI_int09
0000eff4   __TI_int10
0000eff6   __TI_int11
0000eff8   __TI_int12
0000effa   __TI_int13
0000effc   __TI_int14
0000effe   _reset_vector
ffffffff   __binit__
ffffffff   __c_args__
ffffffff   binit
UNDEFED    __TI_INITARRAY_Base
UNDEFED    __TI_INITARRAY_Limit

[217 symbols]
