******************************************************************************
                  MSP430 Linker PC v4.2.1                      
******************************************************************************
>> Linked Tue Aug 16 10:11:59 2016

OUTPUT FILE NAME:   <CCS_ARD_MSP.out>
ENTRY POINT SYMBOL: "_c_int00"  address: 0000d30c


MEMORY CONFIGURATION

         name            origin    length      used     unused   attr    fill
----------------------  --------  ---------  --------  --------  ----  --------
  SFR                   00000000   00000010  00000000  00000010  RWIX
  PERIPHERALS_8BIT      00000010   000000f0  00000000  000000f0  RWIX
  PERIPHERALS_16BIT     00000100   00000100  00000000  00000100  RWIX
  RAM                   00000210   000001f0  000001bb  00000035  RWIX
  INFOD                 00001000   00000040  00000000  00000040  RWIX
  INFOC                 00001040   00000040  00000000  00000040  RWIX
  INFOB                 00001080   00000040  00000000  00000040  RWIX
  INFOA                 000010c0   00000040  00000000  00000040  RWIX
  FLASH                 0000c000   00002fe0  00001669  00001977  RWIX
  INT00                 0000efe0   00000002  00000000  00000002  RWIX
  INT01                 0000efe2   00000002  00000000  00000002  RWIX
  INT02                 0000efe4   00000002  00000002  00000000  RWIX
  INT03                 0000efe6   00000002  00000002  00000000  RWIX
  INT04                 0000efe8   00000002  00000000  00000002  RWIX
  INT05                 0000efea   00000002  00000002  00000000  RWIX
  INT06                 0000efec   00000002  00000002  00000000  RWIX
  INT07                 0000efee   00000002  00000002  00000000  RWIX
  INT08                 0000eff0   00000002  00000002  00000000  RWIX
  INT09                 0000eff2   00000002  00000002  00000000  RWIX
  INT10                 0000eff4   00000002  00000002  00000000  RWIX
  INT11                 0000eff6   00000002  00000002  00000000  RWIX
  INT12                 0000eff8   00000002  00000002  00000000  RWIX
  INT13                 0000effa   00000002  00000002  00000000  RWIX
  INT14                 0000effc   00000002  00000002  00000000  RWIX
  RESET                 0000effe   00000002  00000002  00000000  RWIX


SECTION ALLOCATION MAP

 output                                  attributes/
section   page    origin      length       input sections
--------  ----  ----------  ----------   ----------------
.data      0    00000210    000000d5     UNINITIALIZED
                  00000210    000000c8     np_module_mdk_v1.lib : np_driver_spi.obj (.data)
                  000002d8    00000003                          : np_function_ncn_interface.obj (.data:mdk_app_version)
                  000002db    00000001                          : np_driver_pm.obj (.data)
                  000002dc    00000003     NCN_GPIO.obj (.data:pin_adc)
                  000002df    00000003     soft_uart_cpp.obj (.data)
                  000002e2    00000001     tmain.obj (.data:buf)
                  000002e3    00000001     np_module_mdk_v1.lib : np_driver_timerA0.obj (.data)
                  000002e4    00000001     t_my_app.obj (.data)

.TI.persistent 
*          0    00000210    00000000     UNINITIALIZED

.bss       0    000002e6    00000096     UNINITIALIZED
                  000002e6    00000040     (.common:t_message)
                  00000326    00000028     soft_uart_cpp.obj (.bss)
                  0000034e    00000008     (.common:$P$T0$1)
                  00000356    00000008     (.common:$P$T1$3)
                  0000035e    00000008     (.common:$P$T2$6)
                  00000366    00000008     (.common:$P$T3$9)
                  0000036e    00000006     (.common:freq_call_function0)
                  00000374    00000002     (.common:mdk_cmd_func_table_ptr)
                  00000376    00000001     (.common:mdk_cmd_func_number)
                  00000377    00000001     (.common:rxBitCnt$10)
                  00000378    00000001     (.common:rxBitCnt$4)
                  00000379    00000001     (.common:rxBitCnt$7)
                  0000037a    00000001     (.common:source_address)
                  0000037b    00000001     (.common:txBitCnt$2)

.TI.noinit 
*          0    000002e6    00000000     UNINITIALIZED

.stack     0    000003b0    00000050     UNINITIALIZED
                  000003b0    00000002     rts430_eabi.lib : boot.obj (.stack)
                  000003b2    0000004e     --HOLE--

.text      0    0000c000    00001436     
                  0000c000    000001b6     soft_uart_cpp.obj (.text:_ZN6Serial5beginElh)
                  0000c1b6    000001a8     np_module_mdk_v1.lib : np_driver_spi.obj (.text:np_driver_spi_isr)
                  0000c35e    0000017a                          : np_function_ncn_interface.obj (.text:np_function_ncn_interface_parse)
                  0000c4d8    0000013a     soft_uart_cpp.obj (.text:_ZN6Serial17_Timer_A1_ISR_ODDEv)
                  0000c612    0000013a     soft_uart_cpp.obj (.text:_ZN6Serial18_Timer_A1_ISR_EVENEv)
                  0000c74c    00000132     np_module_mdk_v1.lib : np_function_ncn_interface.obj (.text:np_function_ncn_interface_post_message)
                  0000c87e    00000108     soft_uart_cpp.obj (.text:_ZN6Serial5writeEh)
                  0000c986    000000ea     soft_uart_cpp.obj (.text:_ZN6Serial5beginEl)
                  0000ca70    000000c8     np_module_mdk_v1.lib : np_function_ncn_interface.obj (.text:np_function_ncn_interface_get_message)
                  0000cb38    00000098     NCN_GPIO.obj (.text:pinMode)
                  0000cbd0    0000008c     soft_uart_cpp.obj (.text:_ZN6Serial14_Timer_A1_ISR_Ev)
                  0000cc5c    00000084     NCN_GPIO.obj (.text:digitalWrite)
                  0000cce0    00000080     soft_uart_cpp.obj (.text:_ZN6Serial18_Timer_A1_ISR_NONEEv)
                  0000cd60    00000080     tmain.obj (.text:np_api_loop)
                  0000cde0    00000068     soft_uart_cpp.obj (.text:Timer_A1_ISR)
                  0000ce48    0000005e     rts430_eabi.lib : copy_decompress_rle.obj (.text:__TI_decompress_rle_core)
                  0000cea6    0000005e                     : autoinit.obj (.text:_auto_init)
                  0000cf04    0000005e     np_module_mdk_v1.lib : np_driver_timerA0.obj (.text:np_driver_timer_isr)
                  0000cf62    00000058     rts430_eabi.lib : div32u.obj (.text)
                  0000cfba    00000046     np_module_mdk_v1.lib : system.obj (.text:np_system_init)
                  0000d000    00000044     tmain.obj (.text:np_api_setup)
                  0000d044    00000040     rts430_eabi.lib : div32s.obj (.text)
                  0000d084    0000003e     np_module_mdk_v1.lib : np_driver_ucs.obj (.text:np_driver_ucs_init)
                  0000d0c2    0000003a                          : np_api_apis.obj (.text:np_api_register)
                  0000d0fc    00000032                          : np_driver_spi.obj (.text:np_driver_spi_apply_post)
                  0000d12e    00000032                          : np_driver_spi.obj (.text:np_driver_spi_init)
                  0000d160    0000002c     rts430_eabi.lib : asr16.obj (.text)
                  0000d18c    0000002c                     : lsl16.obj (.text)
                  0000d1b8    0000002a     np_module_mdk_v1.lib : main.obj (.text:main)
                  0000d1e2    00000028     soft_uart_cpp.obj (.text:_ZN6Serial5writeEPhh)
                  0000d20a    00000028     np_module_mdk_v1.lib : np_function_ncn_interface.obj (.text:np_function_ncn_interface_loop)
                  0000d232    00000024                          : np_function_crc.obj (.text:np_function_crc_calculate)
                  0000d256    00000022     queue.obj (.text:_ZN5queue4pushEh)
                  0000d278    00000022     soft_uart_cpp.obj (.text:_ZN6SerialC1Ev)
                  0000d29a    0000001e     soft_uart_cpp.obj (.text:Timer_A0_ISR)
                  0000d2b8    0000001e     np_module_mdk_v1.lib : np_function_task.obj (.text:np_function_task_register)
                  0000d2d6    0000001c     queue.obj (.text:_ZN5queue3popEv)
                  0000d2f2    0000001a     t_my_app.obj (.text:ON_OFF_button)
                  0000d30c    0000001a     rts430_eabi.lib : boot.obj (.text:_c_int00_noexit)
                  0000d326    0000001a     np_module_mdk_v1.lib : np_api_apis.obj (.text:np_api_upload)
                  0000d340    00000018                          : np_function_crc.obj (.text:np_function_crc_check)
                  0000d358    00000014     rts430_eabi.lib : copy_zero_init.obj (.text:decompress:ZI:__TI_zero_init)
                  0000d36c    00000012                     : copy_decompress_none.obj (.text:decompress:none:__TI_decompress_none)
                  0000d37e    00000012                     : memcpy.obj (.text:memcpy)
                  0000d390    00000010                     : epilog.obj (.text)
                  0000d3a0    0000000e                     : guard.obj (.text:__cxa_guard_acquire)
                  0000d3ae    0000000e     np_module_mdk_v1.lib : np_driver_pm.obj (.text:np_driver_pm_loop)
                  0000d3bc    0000000e                          : np_driver_timerA0.obj (.text:np_driver_timer_init)
                  0000d3ca    0000000e                          : np_function_task.obj (.text:np_function_task_init)
                  0000d3d8    0000000a     soft_uart_cpp.obj (.text:_ZN6Serial4readEv)
                  0000d3e2    0000000a     soft_uart_cpp.obj (.text:__sti___17_soft_uart_cpp_cpp_serial)
                  0000d3ec    00000008     np_module_mdk_v1.lib : np_api_apis.obj (.text:np_api_poweroff)
                  0000d3f4    00000008                          : np_driver_spi.obj (.text:np_driver_spi_is_aviable)
                  0000d3fc    00000008                          : np_driver_timerA0.obj (.text:np_driver_timer_enable)
                  0000d404    00000006     rts430_eabi.lib : isr_trap.obj (.text:__TI_ISR_TRAP)
                  0000d40a    00000006                     : guard.obj (.text:__cxa_guard_release)
                  0000d410    00000006                     : copy_decompress_rle.obj (.text:decompress:rle24:__TI_decompress_rle24)
                  0000d416    00000006     np_module_mdk_v1.lib : np_driver_pm.obj (.text:np_driver_pm_mode_get)
                  0000d41c    00000006                          : np_function_ncn_interface.obj (.text:np_function_set_post_address)
                  0000d422    00000004     rts430_eabi.lib : pre_init.obj (.text:_system_pre_init)
                  0000d426    00000004                     : exit.obj (.text:abort)
                  0000d42a    00000004     np_module_mdk_v1.lib : np_driver_pm.obj (.text:np_driver_pm_gie_clear)
                  0000d42e    00000004                          : np_driver_pm.obj (.text:np_driver_pm_gie_set)
                  0000d432    00000002     tmain.obj (.text:np_api_start)
                  0000d434    00000002     tmain.obj (.text:np_api_stop)

.const     0    0000d436    00000215     
                  0000d436    00000200     np_module_mdk_v1.lib : np_function_crc.obj (.const:crc_table)
                  0000d636    00000010     NCN_GPIO.obj (.const:.string:pin_list)
                  0000d646    00000004     tmain.obj (.const:my_cmd_func_table)
                  0000d64a    00000001     np_module_mdk_v1.lib : np_function_ncn_interface.obj (.const:.string:$P$T0$1)

.init_array 
*          0    0000d64c    00000002     
                  0000d64c    00000002     soft_uart_cpp.obj (.init_array)

.cinit     0    0000d64e    0000001c     
                  0000d64e    00000009     (.cinit..data.load) [load image, compression = rle]
                  0000d657    00000001     --HOLE-- [fill = 0]
                  0000d658    00000006     (__TI_handler_table)
                  0000d65e    00000004     (.cinit..bss.load) [load image, compression = zero_init]
                  0000d662    00000008     (__TI_cinit_table)

PORT1      0    0000efe4    00000002     
                  0000efe4    00000002     rts430_eabi.lib : int02.obj (.int02)

PORT2      0    0000efe6    00000002     
                  0000efe6    00000002     rts430_eabi.lib : int03.obj (.int03)

ADC10      0    0000efea    00000002     
                  0000efea    00000002     rts430_eabi.lib : int05.obj (.int05)

USCIAB0TX 
*          0    0000efec    00000002     
                  0000efec    00000002     rts430_eabi.lib : int06.obj (.int06)

USCIAB0RX 
*          0    0000efee    00000002     
                  0000efee    00000002     np_module_mdk_v1.lib : np_driver_spi.obj (.int07)

TIMER0_A1 
*          0    0000eff0    00000002     
                  0000eff0    00000002     rts430_eabi.lib : int08.obj (.int08)

TIMER0_A0 
*          0    0000eff2    00000002     
                  0000eff2    00000002     np_module_mdk_v1.lib : np_driver_timerA0.obj (.int09)

WDT        0    0000eff4    00000002     
                  0000eff4    00000002     rts430_eabi.lib : int10.obj (.int10)

COMPARATORA 
*          0    0000eff6    00000002     
                  0000eff6    00000002     rts430_eabi.lib : int11.obj (.int11)

TIMER1_A1 
*          0    0000eff8    00000002     
                  0000eff8    00000002     soft_uart_cpp.obj (.int12)

TIMER1_A0 
*          0    0000effa    00000002     
                  0000effa    00000002     soft_uart_cpp.obj (.int13)

NMI        0    0000effc    00000002     
                  0000effc    00000002     rts430_eabi.lib : int14.obj (.int14)

.reset     0    0000effe    00000002     
                  0000effe    00000002     rts430_eabi.lib : boot.obj (.reset)


LINKER GENERATED COPY TABLES

__TI_cinit_table @ 0000d662 records: 2, size/record: 4, table size: 8
	.data: load addr=0000d64e, load size=00000009 bytes, run addr=00000210, run size=000000d5 bytes, compression=rle
	.bss: load addr=0000d65e, load size=00000004 bytes, run addr=000002e6, run size=00000096 bytes, compression=zero_init


LINKER GENERATED HANDLER TABLE

__TI_handler_table @ 0000d658 records: 3, size/record: 2, table size: 6
	index: 0, handler: __TI_zero_init
	index: 1, handler: __TI_decompress_rle24
	index: 2, handler: __TI_decompress_none


GLOBAL SYMBOLS: SORTED ALPHABETICALLY BY Name 

address    name
--------   ----
0000004a   ADC10AE0
000001b0   ADC10CTL0
000001b2   ADC10CTL1
00000048   ADC10DTC0
00000049   ADC10DTC1
000001b4   ADC10MEM
000001bc   ADC10SA
00000057   BCSCTL1
00000058   BCSCTL2
00000053   BCSCTL3
0000d426   C$$EXIT
00000059   CACTL1
0000005a   CACTL2
000010fb   CALBC1_12MHZ
000010f9   CALBC1_16MHZ
000010ff   CALBC1_1MHZ
000010fd   CALBC1_8MHZ
000010fa   CALDCO_12MHZ
000010f8   CALDCO_16MHZ
000010fe   CALDCO_1MHZ
000010fc   CALDCO_8MHZ
0000005b   CAPD
00000056   DCOCTL
00000128   FCTL1
0000012a   FCTL2
0000012c   FCTL3
00000000   IE1
00000001   IE2
00000002   IFG1
00000003   IFG2
0000d2f2   ON_OFF_button
000002e4   On_Off_button
00000022   P1DIR
00000025   P1IE
00000024   P1IES
00000023   P1IFG
00000020   P1IN
00000021   P1OUT
00000027   P1REN
00000026   P1SEL
00000041   P1SEL2
0000002a   P2DIR
0000002d   P2IE
0000002c   P2IES
0000002b   P2IFG
00000028   P2IN
00000029   P2OUT
0000002f   P2REN
0000002e   P2SEL
00000042   P2SEL2
0000001a   P3DIR
00000018   P3IN
00000019   P3OUT
00000010   P3REN
0000001b   P3SEL
00000043   P3SEL2
00000172   TA0CCR0
00000174   TA0CCR1
00000176   TA0CCR2
00000162   TA0CCTL0
00000164   TA0CCTL1
00000166   TA0CCTL2
00000160   TA0CTL
0000012e   TA0IV
00000170   TA0R
00000192   TA1CCR0
00000194   TA1CCR1
00000196   TA1CCR2
00000182   TA1CCTL0
00000184   TA1CCTL1
00000186   TA1CCTL2
00000180   TA1CTL
0000011e   TA1IV
00000190   TA1R
000010db   TLV_ADC10_1_LEN
000010da   TLV_ADC10_1_TAG
000010c0   TLV_CHECKSUM
000010f7   TLV_DCO_30_LEN
000010f6   TLV_DCO_30_TAG
0000d29a   Timer_A0_ISR
0000cde0   Timer_A1_ISR
0000005d   UCA0ABCTL
00000062   UCA0BR0
00000063   UCA0BR1
00000060   UCA0CTL0
00000061   UCA0CTL1
0000005f   UCA0IRRCTL
0000005e   UCA0IRTCTL
00000064   UCA0MCTL
00000066   UCA0RXBUF
00000065   UCA0STAT
00000067   UCA0TXBUF
0000006a   UCB0BR0
0000006b   UCB0BR1
00000068   UCB0CTL0
00000069   UCB0CTL1
0000006c   UCB0I2CIE
00000118   UCB0I2COA
0000011a   UCB0I2CSA
0000006e   UCB0RXBUF
0000006d   UCB0STAT
0000006f   UCB0TXBUF
00000120   WDTCTL
0000d2d6   _ZN5queue3popEv
0000d256   _ZN5queue4pushEh
0000cbd0   _ZN6Serial14_Timer_A1_ISR_Ev
0000c4d8   _ZN6Serial17_Timer_A1_ISR_ODDEv
0000c612   _ZN6Serial18_Timer_A1_ISR_EVENEv
0000cce0   _ZN6Serial18_Timer_A1_ISR_NONEEv
0000d3d8   _ZN6Serial4readEv
0000c986   _ZN6Serial5beginEl
0000c000   _ZN6Serial5beginElh
0000d1e2   _ZN6Serial5writeEPhh
0000c87e   _ZN6Serial5writeEh
0000d278   _ZN6SerialC1Ev
0000d278   _ZN6SerialC2Ev
00000400   __STACK_END
00000050   __STACK_SIZE
0000d662   __TI_CINIT_Base
0000d66a   __TI_CINIT_Limit
0000d658   __TI_Handler_Table_Base
0000d65e   __TI_Handler_Table_Limit
0000d64c   __TI_INITARRAY_Base
0000d64e   __TI_INITARRAY_Limit
0000d404   __TI_ISR_TRAP
00000001   __TI_args_main
0000d36c   __TI_decompress_none
0000d410   __TI_decompress_rle24
00000001   __TI_exit
0000efe4   __TI_int02
0000efe6   __TI_int03
0000efea   __TI_int05
0000efec   __TI_int06
0000efee   __TI_int07
0000eff0   __TI_int08
0000eff2   __TI_int09
0000eff4   __TI_int10
0000eff6   __TI_int11
0000eff8   __TI_int12
0000effa   __TI_int13
0000effc   __TI_int14
0000d358   __TI_zero_init
ffffffff   __binit__
ffffffff   __c_args__
0000d3a0   __cxa_guard_acquire
0000d40a   __cxa_guard_release
0000d044   __mspabi_divli
0000cf62   __mspabi_divul
0000d39c   __mspabi_func_epilog_1
0000d39a   __mspabi_func_epilog_2
0000d398   __mspabi_func_epilog_3
0000d396   __mspabi_func_epilog_4
0000d394   __mspabi_func_epilog_5
0000d392   __mspabi_func_epilog_6
0000d390   __mspabi_func_epilog_7
0000d044   __mspabi_remli
0000cf62   __mspabi_remul
0000d18c   __mspabi_slli
0000d1b4   __mspabi_slli_1
0000d1a2   __mspabi_slli_10
0000d1a0   __mspabi_slli_11
0000d19e   __mspabi_slli_12
0000d19c   __mspabi_slli_13
0000d19a   __mspabi_slli_14
0000d198   __mspabi_slli_15
0000d1b2   __mspabi_slli_2
0000d1b0   __mspabi_slli_3
0000d1ae   __mspabi_slli_4
0000d1ac   __mspabi_slli_5
0000d1aa   __mspabi_slli_6
0000d1a8   __mspabi_slli_7
0000d1a6   __mspabi_slli_8
0000d1a4   __mspabi_slli_9
0000d160   __mspabi_srai
0000d188   __mspabi_srai_1
0000d176   __mspabi_srai_10
0000d174   __mspabi_srai_11
0000d172   __mspabi_srai_12
0000d170   __mspabi_srai_13
0000d16e   __mspabi_srai_14
0000d16c   __mspabi_srai_15
0000d186   __mspabi_srai_2
0000d184   __mspabi_srai_3
0000d182   __mspabi_srai_4
0000d180   __mspabi_srai_5
0000d17e   __mspabi_srai_6
0000d17c   __mspabi_srai_7
0000d17a   __mspabi_srai_8
0000d178   __mspabi_srai_9
0000d3e2   __sti___17_soft_uart_cpp_cpp_serial
0000cea6   _auto_init
0000d30c   _c_int00
0000d30c   _c_int00_noexit
0000effe   _reset_vector
000003b0   _stack
0000d422   _system_pre_init
0000d426   abort
ffffffff   binit
000002e2   buf
0000d436   crc_table
0000cc5c   digitalWrite
0000036e   freq_call_function0
0000d1b8   main
000002d8   mdk_app_version
000002db   mdk_auto_power_save
00000376   mdk_cmd_func_number
00000374   mdk_cmd_func_table_ptr
0000d37e   memcpy
000002cf   my_node
0000cd60   np_api_loop
0000d3ec   np_api_poweroff
0000d0c2   np_api_register
0000d000   np_api_setup
0000d432   np_api_start
0000d434   np_api_stop
0000d326   np_api_upload
0000d42a   np_driver_pm_gie_clear
0000d42e   np_driver_pm_gie_set
0000d3ae   np_driver_pm_loop
0000d416   np_driver_pm_mode_get
0000d0fc   np_driver_spi_apply_post
0000d12e   np_driver_spi_init
0000d3f4   np_driver_spi_is_aviable
0000c1b6   np_driver_spi_isr
0000d3fc   np_driver_timer_enable
0000d3bc   np_driver_timer_init
0000cf04   np_driver_timer_isr
0000d084   np_driver_ucs_init
0000d232   np_function_crc_calculate
0000d340   np_function_crc_check
0000ca70   np_function_ncn_interface_get_message
0000d20a   np_function_ncn_interface_loop
0000c35e   np_function_ncn_interface_parse
0000c74c   np_function_ncn_interface_post_message
0000d3ae   np_function_pm_loop
0000d416   np_function_pm_mode_get
0000d41c   np_function_set_post_address
0000d3ca   np_function_task_init
0000d2b8   np_function_task_register
0000cfba   np_system_init
0000cb38   pinMode
0000d636   pin_list
000002e3   run_the_loop
00000326   serial
0000037a   source_address
000002cc   spi_count
00000210   spi_get_buf
0000026e   spi_post_buf
000002ce   spi_rw
000002cd   spi_status
000002e6   t_message
000002d4   test_get
000002d0   test_post


GLOBAL SYMBOLS: SORTED BY Symbol Address 

address    name
--------   ----
00000000   IE1
00000001   IE2
00000001   __TI_args_main
00000001   __TI_exit
00000002   IFG1
00000003   IFG2
00000010   P3REN
00000018   P3IN
00000019   P3OUT
0000001a   P3DIR
0000001b   P3SEL
00000020   P1IN
00000021   P1OUT
00000022   P1DIR
00000023   P1IFG
00000024   P1IES
00000025   P1IE
00000026   P1SEL
00000027   P1REN
00000028   P2IN
00000029   P2OUT
0000002a   P2DIR
0000002b   P2IFG
0000002c   P2IES
0000002d   P2IE
0000002e   P2SEL
0000002f   P2REN
00000041   P1SEL2
00000042   P2SEL2
00000043   P3SEL2
00000048   ADC10DTC0
00000049   ADC10DTC1
0000004a   ADC10AE0
00000050   __STACK_SIZE
00000053   BCSCTL3
00000056   DCOCTL
00000057   BCSCTL1
00000058   BCSCTL2
00000059   CACTL1
0000005a   CACTL2
0000005b   CAPD
0000005d   UCA0ABCTL
0000005e   UCA0IRTCTL
0000005f   UCA0IRRCTL
00000060   UCA0CTL0
00000061   UCA0CTL1
00000062   UCA0BR0
00000063   UCA0BR1
00000064   UCA0MCTL
00000065   UCA0STAT
00000066   UCA0RXBUF
00000067   UCA0TXBUF
00000068   UCB0CTL0
00000069   UCB0CTL1
0000006a   UCB0BR0
0000006b   UCB0BR1
0000006c   UCB0I2CIE
0000006d   UCB0STAT
0000006e   UCB0RXBUF
0000006f   UCB0TXBUF
00000118   UCB0I2COA
0000011a   UCB0I2CSA
0000011e   TA1IV
00000120   WDTCTL
00000128   FCTL1
0000012a   FCTL2
0000012c   FCTL3
0000012e   TA0IV
00000160   TA0CTL
00000162   TA0CCTL0
00000164   TA0CCTL1
00000166   TA0CCTL2
00000170   TA0R
00000172   TA0CCR0
00000174   TA0CCR1
00000176   TA0CCR2
00000180   TA1CTL
00000182   TA1CCTL0
00000184   TA1CCTL1
00000186   TA1CCTL2
00000190   TA1R
00000192   TA1CCR0
00000194   TA1CCR1
00000196   TA1CCR2
000001b0   ADC10CTL0
000001b2   ADC10CTL1
000001b4   ADC10MEM
000001bc   ADC10SA
00000210   spi_get_buf
0000026e   spi_post_buf
000002cc   spi_count
000002cd   spi_status
000002ce   spi_rw
000002cf   my_node
000002d0   test_post
000002d4   test_get
000002d8   mdk_app_version
000002db   mdk_auto_power_save
000002e2   buf
000002e3   run_the_loop
000002e4   On_Off_button
000002e6   t_message
00000326   serial
0000036e   freq_call_function0
00000374   mdk_cmd_func_table_ptr
00000376   mdk_cmd_func_number
0000037a   source_address
000003b0   _stack
00000400   __STACK_END
000010c0   TLV_CHECKSUM
000010da   TLV_ADC10_1_TAG
000010db   TLV_ADC10_1_LEN
000010f6   TLV_DCO_30_TAG
000010f7   TLV_DCO_30_LEN
000010f8   CALDCO_16MHZ
000010f9   CALBC1_16MHZ
000010fa   CALDCO_12MHZ
000010fb   CALBC1_12MHZ
000010fc   CALDCO_8MHZ
000010fd   CALBC1_8MHZ
000010fe   CALDCO_1MHZ
000010ff   CALBC1_1MHZ
0000c000   _ZN6Serial5beginElh
0000c1b6   np_driver_spi_isr
0000c35e   np_function_ncn_interface_parse
0000c4d8   _ZN6Serial17_Timer_A1_ISR_ODDEv
0000c612   _ZN6Serial18_Timer_A1_ISR_EVENEv
0000c74c   np_function_ncn_interface_post_message
0000c87e   _ZN6Serial5writeEh
0000c986   _ZN6Serial5beginEl
0000ca70   np_function_ncn_interface_get_message
0000cb38   pinMode
0000cbd0   _ZN6Serial14_Timer_A1_ISR_Ev
0000cc5c   digitalWrite
0000cce0   _ZN6Serial18_Timer_A1_ISR_NONEEv
0000cd60   np_api_loop
0000cde0   Timer_A1_ISR
0000cea6   _auto_init
0000cf04   np_driver_timer_isr
0000cf62   __mspabi_divul
0000cf62   __mspabi_remul
0000cfba   np_system_init
0000d000   np_api_setup
0000d044   __mspabi_divli
0000d044   __mspabi_remli
0000d084   np_driver_ucs_init
0000d0c2   np_api_register
0000d0fc   np_driver_spi_apply_post
0000d12e   np_driver_spi_init
0000d160   __mspabi_srai
0000d16c   __mspabi_srai_15
0000d16e   __mspabi_srai_14
0000d170   __mspabi_srai_13
0000d172   __mspabi_srai_12
0000d174   __mspabi_srai_11
0000d176   __mspabi_srai_10
0000d178   __mspabi_srai_9
0000d17a   __mspabi_srai_8
0000d17c   __mspabi_srai_7
0000d17e   __mspabi_srai_6
0000d180   __mspabi_srai_5
0000d182   __mspabi_srai_4
0000d184   __mspabi_srai_3
0000d186   __mspabi_srai_2
0000d188   __mspabi_srai_1
0000d18c   __mspabi_slli
0000d198   __mspabi_slli_15
0000d19a   __mspabi_slli_14
0000d19c   __mspabi_slli_13
0000d19e   __mspabi_slli_12
0000d1a0   __mspabi_slli_11
0000d1a2   __mspabi_slli_10
0000d1a4   __mspabi_slli_9
0000d1a6   __mspabi_slli_8
0000d1a8   __mspabi_slli_7
0000d1aa   __mspabi_slli_6
0000d1ac   __mspabi_slli_5
0000d1ae   __mspabi_slli_4
0000d1b0   __mspabi_slli_3
0000d1b2   __mspabi_slli_2
0000d1b4   __mspabi_slli_1
0000d1b8   main
0000d1e2   _ZN6Serial5writeEPhh
0000d20a   np_function_ncn_interface_loop
0000d232   np_function_crc_calculate
0000d256   _ZN5queue4pushEh
0000d278   _ZN6SerialC1Ev
0000d278   _ZN6SerialC2Ev
0000d29a   Timer_A0_ISR
0000d2b8   np_function_task_register
0000d2d6   _ZN5queue3popEv
0000d2f2   ON_OFF_button
0000d30c   _c_int00
0000d30c   _c_int00_noexit
0000d326   np_api_upload
0000d340   np_function_crc_check
0000d358   __TI_zero_init
0000d36c   __TI_decompress_none
0000d37e   memcpy
0000d390   __mspabi_func_epilog_7
0000d392   __mspabi_func_epilog_6
0000d394   __mspabi_func_epilog_5
0000d396   __mspabi_func_epilog_4
0000d398   __mspabi_func_epilog_3
0000d39a   __mspabi_func_epilog_2
0000d39c   __mspabi_func_epilog_1
0000d3a0   __cxa_guard_acquire
0000d3ae   np_driver_pm_loop
0000d3ae   np_function_pm_loop
0000d3bc   np_driver_timer_init
0000d3ca   np_function_task_init
0000d3d8   _ZN6Serial4readEv
0000d3e2   __sti___17_soft_uart_cpp_cpp_serial
0000d3ec   np_api_poweroff
0000d3f4   np_driver_spi_is_aviable
0000d3fc   np_driver_timer_enable
0000d404   __TI_ISR_TRAP
0000d40a   __cxa_guard_release
0000d410   __TI_decompress_rle24
0000d416   np_driver_pm_mode_get
0000d416   np_function_pm_mode_get
0000d41c   np_function_set_post_address
0000d422   _system_pre_init
0000d426   C$$EXIT
0000d426   abort
0000d42a   np_driver_pm_gie_clear
0000d42e   np_driver_pm_gie_set
0000d432   np_api_start
0000d434   np_api_stop
0000d436   crc_table
0000d636   pin_list
0000d64c   __TI_INITARRAY_Base
0000d64e   __TI_INITARRAY_Limit
0000d658   __TI_Handler_Table_Base
0000d65e   __TI_Handler_Table_Limit
0000d662   __TI_CINIT_Base
0000d66a   __TI_CINIT_Limit
0000efe4   __TI_int02
0000efe6   __TI_int03
0000efea   __TI_int05
0000efec   __TI_int06
0000efee   __TI_int07
0000eff0   __TI_int08
0000eff2   __TI_int09
0000eff4   __TI_int10
0000eff6   __TI_int11
0000eff8   __TI_int12
0000effa   __TI_int13
0000effc   __TI_int14
0000effe   _reset_vector
ffffffff   __binit__
ffffffff   __c_args__
ffffffff   binit

[253 symbols]
