******************************************************************************
                  MSP430 Linker PC v4.2.1                      
******************************************************************************
>> Linked Thu Aug 27 17:57:48 2015

OUTPUT FILE NAME:   <Test_soft_uart_on_P2.out>
ENTRY POINT SYMBOL: "_c_int00"  address: 0000cd1a


MEMORY CONFIGURATION

         name            origin    length      used     unused   attr    fill
----------------------  --------  ---------  --------  --------  ----  --------
  SFR                   00000000   00000010  00000000  00000010  RWIX
  PERIPHERALS_8BIT      00000010   000000f0  00000000  000000f0  RWIX
  PERIPHERALS_16BIT     00000100   00000100  00000000  00000100  RWIX
  RAM                   00000200   00000200  000000a0  00000160  RWIX
  INFOD                 00001000   00000040  00000000  00000040  RWIX
  INFOC                 00001040   00000040  00000000  00000040  RWIX
  INFOB                 00001080   00000040  00000000  00000040  RWIX
  INFOA                 000010c0   00000040  00000000  00000040  RWIX
  FLASH                 0000c000   00003fe0  00000e25  000031bb  RWIX
  INT00                 0000ffe0   00000002  00000000  00000002  RWIX
  INT01                 0000ffe2   00000002  00000000  00000002  RWIX
  INT02                 0000ffe4   00000002  00000002  00000000  RWIX
  INT03                 0000ffe6   00000002  00000002  00000000  RWIX
  INT04                 0000ffe8   00000002  00000000  00000002  RWIX
  INT05                 0000ffea   00000002  00000002  00000000  RWIX
  INT06                 0000ffec   00000002  00000002  00000000  RWIX
  INT07                 0000ffee   00000002  00000002  00000000  RWIX
  INT08                 0000fff0   00000002  00000002  00000000  RWIX
  INT09                 0000fff2   00000002  00000002  00000000  RWIX
  INT10                 0000fff4   00000002  00000002  00000000  RWIX
  INT11                 0000fff6   00000002  00000002  00000000  RWIX
  INT12                 0000fff8   00000002  00000002  00000000  RWIX
  INT13                 0000fffa   00000002  00000002  00000000  RWIX
  INT14                 0000fffc   00000002  00000002  00000000  RWIX
  RESET                 0000fffe   00000002  00000002  00000000  RWIX


SECTION ALLOCATION MAP

 output                                  attributes/
section   page    origin      length       input sections
--------  ----  ----------  ----------   ----------------
.bss       0    00000200    0000004c     UNINITIALIZED
                  00000200    00000028     soft_uart_cpp.obj (.bss)
                  00000228    00000008     (.common:$P$T0$1)
                  00000230    00000008     (.common:$P$T1$3)
                  00000238    00000008     (.common:$P$T2$6)
                  00000240    00000008     (.common:$P$T3$9)
                  00000248    00000001     (.common:rxBitCnt$10)
                  00000249    00000001     (.common:rxBitCnt$4)
                  0000024a    00000001     (.common:rxBitCnt$7)
                  0000024b    00000001     (.common:txBitCnt$2)

.TI.noinit 
*          0    00000200    00000000     UNINITIALIZED

.data      0    0000024c    00000004     UNINITIALIZED
                  0000024c    00000003     soft_uart_cpp.obj (.data)
                  0000024f    00000001     main.obj (.data)

.TI.persistent 
*          0    0000024c    00000000     UNINITIALIZED

.stack     0    000003b0    00000050     UNINITIALIZED
                  000003b0    00000002     rts430_eabi.lib : boot.obj (.stack)
                  000003b2    0000004e     --HOLE--

.text      0    0000c000    00000dec     
                  0000c000    000001b6     soft_uart_cpp.obj (.text:_ZN6Serial5beginElh)
                  0000c1b6    0000013a     soft_uart_cpp.obj (.text:_ZN6Serial17_Timer_A1_ISR_ODDEv)
                  0000c2f0    0000013a     soft_uart_cpp.obj (.text:_ZN6Serial18_Timer_A1_ISR_EVENEv)
                  0000c42a    00000108     soft_uart_cpp.obj (.text:_ZN6Serial5writeEh)
                  0000c532    000000fa     soft_uart_cpp.obj (.text:_ZN6Serial14TimerA_UART_txEh)
                  0000c62c    000000ea     soft_uart_cpp.obj (.text:_ZN6Serial5beginEl)
                  0000c716    000000b6     main.obj (.text:main)
                  0000c7cc    000000a6     soft_uart_cpp.obj (.text:_ZN6Serial7printlnEi)
                  0000c872    0000008c     soft_uart_cpp.obj (.text:_ZN6Serial14_Timer_A1_ISR_Ev)
                  0000c8fe    00000080     soft_uart_cpp.obj (.text:_ZN6Serial18_Timer_A1_ISR_NONEEv)
                  0000c97e    00000068     soft_uart_cpp.obj (.text:Timer_A1_ISR)
                  0000c9e6    0000005e     rts430_eabi.lib : copy_decompress_rle.obj (.text:__TI_decompress_rle_core)
                  0000ca44    0000005e                     : autoinit.obj (.text:_auto_init)
                  0000caa2    00000058                     : div32u.obj (.text)
                  0000cafa    00000040                     : div32s.obj (.text)
                  0000cb3a    00000038     soft_uart_cpp.obj (.text:_ZN6Serial7printlnEPc)
                  0000cb72    0000002c     rts430_eabi.lib : asr16.obj (.text)
                  0000cb9e    0000002c                     : div16s.obj (.text)
                  0000cbca    0000002c                     : lsl16.obj (.text)
                  0000cbf6    00000028     soft_uart_cpp.obj (.text:_ZN6Serial5writeEPhh)
                  0000cc1e    00000024     queue.obj (.text:_ZN5queue9availableEv)
                  0000cc42    00000024     soft_uart_cpp.obj (.text:_ZN6Serial7printlnEc)
                  0000cc66    00000022     queue.obj (.text:_ZN5queue4pushEh)
                  0000cc88    00000022     soft_uart_cpp.obj (.text:_ZN6SerialC1Ev)
                  0000ccaa    0000001e     soft_uart_cpp.obj (.text:Timer_A0_ISR)
                  0000ccc8    0000001c     queue.obj (.text:_ZN5queue3popEv)
                  0000cce4    0000001c     soft_uart_cpp.obj (.text:_ZN6Serial5writeEPc)
                  0000cd00    0000001a     soft_uart_cpp.obj (.text:_ZN6Serial5beginElhhh)
                  0000cd1a    0000001a     rts430_eabi.lib : boot.obj (.text:_c_int00_noexit)
                  0000cd34    00000016                     : div16u.obj (.text)
                  0000cd4a    00000014                     : copy_zero_init.obj (.text:decompress:ZI:__TI_zero_init)
                  0000cd5e    00000014                     : memset.obj (.text:memset)
                  0000cd72    00000012                     : copy_decompress_none.obj (.text:decompress:none:__TI_decompress_none)
                  0000cd84    00000012                     : memcpy.obj (.text:memcpy)
                  0000cd96    00000010                     : epilog.obj (.text)
                  0000cda6    0000000e                     : guard.obj (.text:__cxa_guard_acquire)
                  0000cdb4    0000000a     soft_uart_cpp.obj (.text:_ZN6Serial4readEv)
                  0000cdbe    0000000a     soft_uart_cpp.obj (.text:_ZN6Serial9availableEv)
                  0000cdc8    0000000a     soft_uart_cpp.obj (.text:__sti___17_soft_uart_cpp_cpp_serial)
                  0000cdd2    00000006     rts430_eabi.lib : isr_trap.obj (.text:__TI_ISR_TRAP)
                  0000cdd8    00000006                     : guard.obj (.text:__cxa_guard_release)
                  0000cdde    00000006                     : copy_decompress_rle.obj (.text:decompress:rle24:__TI_decompress_rle24)
                  0000cde4    00000004                     : pre_init.obj (.text:_system_pre_init)
                  0000cde8    00000004                     : exit.obj (.text:abort)

.const     0    0000cdec    0000001d     
                  0000cdec    00000018     main.obj (.const:.string)
                  0000ce04    00000005     main.obj (.const:.string:$P$T0$1)

.init_array 
*          0    0000ce0a    00000002     
                  0000ce0a    00000002     soft_uart_cpp.obj (.init_array)

.cinit     0    0000ce0c    0000001a     
                  0000ce0c    00000008     (.cinit..data.load) [load image]
                  0000ce14    00000006     (__TI_handler_table)
                  0000ce1a    00000004     (.cinit..bss.load) [load image, compression = zero_init]
                  0000ce1e    00000008     (__TI_cinit_table)

PORT1      0    0000ffe4    00000002     
                  0000ffe4    00000002     rts430_eabi.lib : int02.obj (.int02)

PORT2      0    0000ffe6    00000002     
                  0000ffe6    00000002     rts430_eabi.lib : int03.obj (.int03)

ADC10      0    0000ffea    00000002     
                  0000ffea    00000002     rts430_eabi.lib : int05.obj (.int05)

USCIAB0TX 
*          0    0000ffec    00000002     
                  0000ffec    00000002     rts430_eabi.lib : int06.obj (.int06)

USCIAB0RX 
*          0    0000ffee    00000002     
                  0000ffee    00000002     rts430_eabi.lib : int07.obj (.int07)

TIMER0_A1 
*          0    0000fff0    00000002     
                  0000fff0    00000002     rts430_eabi.lib : int08.obj (.int08)

TIMER0_A0 
*          0    0000fff2    00000002     
                  0000fff2    00000002     rts430_eabi.lib : int09.obj (.int09)

WDT        0    0000fff4    00000002     
                  0000fff4    00000002     rts430_eabi.lib : int10.obj (.int10)

COMPARATORA 
*          0    0000fff6    00000002     
                  0000fff6    00000002     rts430_eabi.lib : int11.obj (.int11)

TIMER1_A1 
*          0    0000fff8    00000002     
                  0000fff8    00000002     soft_uart_cpp.obj (.int12)

TIMER1_A0 
*          0    0000fffa    00000002     
                  0000fffa    00000002     soft_uart_cpp.obj (.int13)

NMI        0    0000fffc    00000002     
                  0000fffc    00000002     rts430_eabi.lib : int14.obj (.int14)

.reset     0    0000fffe    00000002     
                  0000fffe    00000002     rts430_eabi.lib : boot.obj (.reset)


LINKER GENERATED COPY TABLES

__TI_cinit_table @ 0000ce1e records: 2, size/record: 4, table size: 8
	.data: load addr=0000ce0c, load size=00000008 bytes, run addr=0000024c, run size=00000004 bytes, compression=copy
	.bss: load addr=0000ce1a, load size=00000004 bytes, run addr=00000200, run size=0000004c bytes, compression=zero_init


LINKER GENERATED HANDLER TABLE

__TI_handler_table @ 0000ce14 records: 3, size/record: 2, table size: 6
	index: 0, handler: __TI_zero_init
	index: 1, handler: __TI_decompress_rle24
	index: 2, handler: __TI_decompress_none


GLOBAL SYMBOLS: SORTED ALPHABETICALLY BY Name 

address    name
--------   ----
0000004a   ADC10AE0
000001b0   ADC10CTL0
000001b2   ADC10CTL1
00000048   ADC10DTC0
00000049   ADC10DTC1
000001b4   ADC10MEM
000001bc   ADC10SA
00000057   BCSCTL1
00000058   BCSCTL2
00000053   BCSCTL3
0000cde8   C$$EXIT
00000059   CACTL1
0000005a   CACTL2
000010fb   CALBC1_12MHZ
000010f9   CALBC1_16MHZ
000010ff   CALBC1_1MHZ
000010fd   CALBC1_8MHZ
000010fa   CALDCO_12MHZ
000010f8   CALDCO_16MHZ
000010fe   CALDCO_1MHZ
000010fc   CALDCO_8MHZ
0000005b   CAPD
00000056   DCOCTL
00000128   FCTL1
0000012a   FCTL2
0000012c   FCTL3
00000000   IE1
00000001   IE2
00000002   IFG1
00000003   IFG2
00000022   P1DIR
00000025   P1IE
00000024   P1IES
00000023   P1IFG
00000020   P1IN
00000021   P1OUT
00000027   P1REN
00000026   P1SEL
00000041   P1SEL2
0000002a   P2DIR
0000002d   P2IE
0000002c   P2IES
0000002b   P2IFG
00000028   P2IN
00000029   P2OUT
0000002f   P2REN
0000002e   P2SEL
00000042   P2SEL2
0000001a   P3DIR
00000018   P3IN
00000019   P3OUT
00000010   P3REN
0000001b   P3SEL
00000043   P3SEL2
00000172   TA0CCR0
00000174   TA0CCR1
00000176   TA0CCR2
00000162   TA0CCTL0
00000164   TA0CCTL1
00000166   TA0CCTL2
00000160   TA0CTL
0000012e   TA0IV
00000170   TA0R
00000192   TA1CCR0
00000194   TA1CCR1
00000196   TA1CCR2
00000182   TA1CCTL0
00000184   TA1CCTL1
00000186   TA1CCTL2
00000180   TA1CTL
0000011e   TA1IV
00000190   TA1R
0000ccaa   Timer_A0_ISR
0000c97e   Timer_A1_ISR
0000005d   UCA0ABCTL
00000062   UCA0BR0
00000063   UCA0BR1
00000060   UCA0CTL0
00000061   UCA0CTL1
0000005f   UCA0IRRCTL
0000005e   UCA0IRTCTL
00000064   UCA0MCTL
00000066   UCA0RXBUF
00000065   UCA0STAT
00000067   UCA0TXBUF
0000006a   UCB0BR0
0000006b   UCB0BR1
00000068   UCB0CTL0
00000069   UCB0CTL1
0000006c   UCB0I2CIE
00000118   UCB0I2COA
0000011a   UCB0I2CSA
0000006e   UCB0RXBUF
0000006d   UCB0STAT
0000006f   UCB0TXBUF
00000120   WDTCTL
0000ccc8   _ZN5queue3popEv
0000cc66   _ZN5queue4pushEh
0000cc1e   _ZN5queue9availableEv
0000c532   _ZN6Serial14TimerA_UART_txEh
0000c872   _ZN6Serial14_Timer_A1_ISR_Ev
0000c1b6   _ZN6Serial17_Timer_A1_ISR_ODDEv
0000c2f0   _ZN6Serial18_Timer_A1_ISR_EVENEv
0000c8fe   _ZN6Serial18_Timer_A1_ISR_NONEEv
0000cdb4   _ZN6Serial4readEv
0000c62c   _ZN6Serial5beginEl
0000c000   _ZN6Serial5beginElh
0000cd00   _ZN6Serial5beginElhhh
0000cce4   _ZN6Serial5writeEPc
0000cbf6   _ZN6Serial5writeEPhh
0000c42a   _ZN6Serial5writeEh
0000cb3a   _ZN6Serial7printlnEPc
0000cc42   _ZN6Serial7printlnEc
0000c7cc   _ZN6Serial7printlnEi
0000cdbe   _ZN6Serial9availableEv
0000cc88   _ZN6SerialC1Ev
0000cc88   _ZN6SerialC2Ev
00000400   __STACK_END
00000050   __STACK_SIZE
0000ce1e   __TI_CINIT_Base
0000ce26   __TI_CINIT_Limit
0000ce14   __TI_Handler_Table_Base
0000ce1a   __TI_Handler_Table_Limit
0000ce0a   __TI_INITARRAY_Base
0000ce0c   __TI_INITARRAY_Limit
0000cdd2   __TI_ISR_TRAP
00000001   __TI_args_main
0000cd72   __TI_decompress_none
0000cdde   __TI_decompress_rle24
00000001   __TI_exit
0000ffe4   __TI_int02
0000ffe6   __TI_int03
0000ffea   __TI_int05
0000ffec   __TI_int06
0000ffee   __TI_int07
0000fff0   __TI_int08
0000fff2   __TI_int09
0000fff4   __TI_int10
0000fff6   __TI_int11
0000fff8   __TI_int12
0000fffa   __TI_int13
0000fffc   __TI_int14
0000cd4a   __TI_zero_init
ffffffff   __binit__
ffffffff   __c_args__
0000cda6   __cxa_guard_acquire
0000cdd8   __cxa_guard_release
0000cb9e   __mspabi_divi
0000cafa   __mspabi_divli
0000cd34   __mspabi_divu
0000caa2   __mspabi_divul
0000cda2   __mspabi_func_epilog_1
0000cda0   __mspabi_func_epilog_2
0000cd9e   __mspabi_func_epilog_3
0000cd9c   __mspabi_func_epilog_4
0000cd9a   __mspabi_func_epilog_5
0000cd98   __mspabi_func_epilog_6
0000cd96   __mspabi_func_epilog_7
0000cb9e   __mspabi_remi
0000cafa   __mspabi_remli
0000cd34   __mspabi_remu
0000caa2   __mspabi_remul
0000cbca   __mspabi_slli
0000cbf2   __mspabi_slli_1
0000cbe0   __mspabi_slli_10
0000cbde   __mspabi_slli_11
0000cbdc   __mspabi_slli_12
0000cbda   __mspabi_slli_13
0000cbd8   __mspabi_slli_14
0000cbd6   __mspabi_slli_15
0000cbf0   __mspabi_slli_2
0000cbee   __mspabi_slli_3
0000cbec   __mspabi_slli_4
0000cbea   __mspabi_slli_5
0000cbe8   __mspabi_slli_6
0000cbe6   __mspabi_slli_7
0000cbe4   __mspabi_slli_8
0000cbe2   __mspabi_slli_9
0000cb72   __mspabi_srai
0000cb9a   __mspabi_srai_1
0000cb88   __mspabi_srai_10
0000cb86   __mspabi_srai_11
0000cb84   __mspabi_srai_12
0000cb82   __mspabi_srai_13
0000cb80   __mspabi_srai_14
0000cb7e   __mspabi_srai_15
0000cb98   __mspabi_srai_2
0000cb96   __mspabi_srai_3
0000cb94   __mspabi_srai_4
0000cb92   __mspabi_srai_5
0000cb90   __mspabi_srai_6
0000cb8e   __mspabi_srai_7
0000cb8c   __mspabi_srai_8
0000cb8a   __mspabi_srai_9
0000cdc8   __sti___17_soft_uart_cpp_cpp_serial
0000ca44   _auto_init
0000cd1a   _c_int00
0000cd1a   _c_int00_noexit
0000fffe   _reset_vector
000003b0   _stack
0000cde4   _system_pre_init
0000cde8   abort
ffffffff   binit
0000024f   len_float
0000c716   main
0000cd84   memcpy
0000cd5e   memset
00000200   serial


GLOBAL SYMBOLS: SORTED BY Symbol Address 

address    name
--------   ----
00000000   IE1
00000001   IE2
00000001   __TI_args_main
00000001   __TI_exit
00000002   IFG1
00000003   IFG2
00000010   P3REN
00000018   P3IN
00000019   P3OUT
0000001a   P3DIR
0000001b   P3SEL
00000020   P1IN
00000021   P1OUT
00000022   P1DIR
00000023   P1IFG
00000024   P1IES
00000025   P1IE
00000026   P1SEL
00000027   P1REN
00000028   P2IN
00000029   P2OUT
0000002a   P2DIR
0000002b   P2IFG
0000002c   P2IES
0000002d   P2IE
0000002e   P2SEL
0000002f   P2REN
00000041   P1SEL2
00000042   P2SEL2
00000043   P3SEL2
00000048   ADC10DTC0
00000049   ADC10DTC1
0000004a   ADC10AE0
00000050   __STACK_SIZE
00000053   BCSCTL3
00000056   DCOCTL
00000057   BCSCTL1
00000058   BCSCTL2
00000059   CACTL1
0000005a   CACTL2
0000005b   CAPD
0000005d   UCA0ABCTL
0000005e   UCA0IRTCTL
0000005f   UCA0IRRCTL
00000060   UCA0CTL0
00000061   UCA0CTL1
00000062   UCA0BR0
00000063   UCA0BR1
00000064   UCA0MCTL
00000065   UCA0STAT
00000066   UCA0RXBUF
00000067   UCA0TXBUF
00000068   UCB0CTL0
00000069   UCB0CTL1
0000006a   UCB0BR0
0000006b   UCB0BR1
0000006c   UCB0I2CIE
0000006d   UCB0STAT
0000006e   UCB0RXBUF
0000006f   UCB0TXBUF
00000118   UCB0I2COA
0000011a   UCB0I2CSA
0000011e   TA1IV
00000120   WDTCTL
00000128   FCTL1
0000012a   FCTL2
0000012c   FCTL3
0000012e   TA0IV
00000160   TA0CTL
00000162   TA0CCTL0
00000164   TA0CCTL1
00000166   TA0CCTL2
00000170   TA0R
00000172   TA0CCR0
00000174   TA0CCR1
00000176   TA0CCR2
00000180   TA1CTL
00000182   TA1CCTL0
00000184   TA1CCTL1
00000186   TA1CCTL2
00000190   TA1R
00000192   TA1CCR0
00000194   TA1CCR1
00000196   TA1CCR2
000001b0   ADC10CTL0
000001b2   ADC10CTL1
000001b4   ADC10MEM
000001bc   ADC10SA
00000200   serial
0000024f   len_float
000003b0   _stack
00000400   __STACK_END
000010f8   CALDCO_16MHZ
000010f9   CALBC1_16MHZ
000010fa   CALDCO_12MHZ
000010fb   CALBC1_12MHZ
000010fc   CALDCO_8MHZ
000010fd   CALBC1_8MHZ
000010fe   CALDCO_1MHZ
000010ff   CALBC1_1MHZ
0000c000   _ZN6Serial5beginElh
0000c1b6   _ZN6Serial17_Timer_A1_ISR_ODDEv
0000c2f0   _ZN6Serial18_Timer_A1_ISR_EVENEv
0000c42a   _ZN6Serial5writeEh
0000c532   _ZN6Serial14TimerA_UART_txEh
0000c62c   _ZN6Serial5beginEl
0000c716   main
0000c7cc   _ZN6Serial7printlnEi
0000c872   _ZN6Serial14_Timer_A1_ISR_Ev
0000c8fe   _ZN6Serial18_Timer_A1_ISR_NONEEv
0000c97e   Timer_A1_ISR
0000ca44   _auto_init
0000caa2   __mspabi_divul
0000caa2   __mspabi_remul
0000cafa   __mspabi_divli
0000cafa   __mspabi_remli
0000cb3a   _ZN6Serial7printlnEPc
0000cb72   __mspabi_srai
0000cb7e   __mspabi_srai_15
0000cb80   __mspabi_srai_14
0000cb82   __mspabi_srai_13
0000cb84   __mspabi_srai_12
0000cb86   __mspabi_srai_11
0000cb88   __mspabi_srai_10
0000cb8a   __mspabi_srai_9
0000cb8c   __mspabi_srai_8
0000cb8e   __mspabi_srai_7
0000cb90   __mspabi_srai_6
0000cb92   __mspabi_srai_5
0000cb94   __mspabi_srai_4
0000cb96   __mspabi_srai_3
0000cb98   __mspabi_srai_2
0000cb9a   __mspabi_srai_1
0000cb9e   __mspabi_divi
0000cb9e   __mspabi_remi
0000cbca   __mspabi_slli
0000cbd6   __mspabi_slli_15
0000cbd8   __mspabi_slli_14
0000cbda   __mspabi_slli_13
0000cbdc   __mspabi_slli_12
0000cbde   __mspabi_slli_11
0000cbe0   __mspabi_slli_10
0000cbe2   __mspabi_slli_9
0000cbe4   __mspabi_slli_8
0000cbe6   __mspabi_slli_7
0000cbe8   __mspabi_slli_6
0000cbea   __mspabi_slli_5
0000cbec   __mspabi_slli_4
0000cbee   __mspabi_slli_3
0000cbf0   __mspabi_slli_2
0000cbf2   __mspabi_slli_1
0000cbf6   _ZN6Serial5writeEPhh
0000cc1e   _ZN5queue9availableEv
0000cc42   _ZN6Serial7printlnEc
0000cc66   _ZN5queue4pushEh
0000cc88   _ZN6SerialC1Ev
0000cc88   _ZN6SerialC2Ev
0000ccaa   Timer_A0_ISR
0000ccc8   _ZN5queue3popEv
0000cce4   _ZN6Serial5writeEPc
0000cd00   _ZN6Serial5beginElhhh
0000cd1a   _c_int00
0000cd1a   _c_int00_noexit
0000cd34   __mspabi_divu
0000cd34   __mspabi_remu
0000cd4a   __TI_zero_init
0000cd5e   memset
0000cd72   __TI_decompress_none
0000cd84   memcpy
0000cd96   __mspabi_func_epilog_7
0000cd98   __mspabi_func_epilog_6
0000cd9a   __mspabi_func_epilog_5
0000cd9c   __mspabi_func_epilog_4
0000cd9e   __mspabi_func_epilog_3
0000cda0   __mspabi_func_epilog_2
0000cda2   __mspabi_func_epilog_1
0000cda6   __cxa_guard_acquire
0000cdb4   _ZN6Serial4readEv
0000cdbe   _ZN6Serial9availableEv
0000cdc8   __sti___17_soft_uart_cpp_cpp_serial
0000cdd2   __TI_ISR_TRAP
0000cdd8   __cxa_guard_release
0000cdde   __TI_decompress_rle24
0000cde4   _system_pre_init
0000cde8   C$$EXIT
0000cde8   abort
0000ce0a   __TI_INITARRAY_Base
0000ce0c   __TI_INITARRAY_Limit
0000ce14   __TI_Handler_Table_Base
0000ce1a   __TI_Handler_Table_Limit
0000ce1e   __TI_CINIT_Base
0000ce26   __TI_CINIT_Limit
0000ffe4   __TI_int02
0000ffe6   __TI_int03
0000ffea   __TI_int05
0000ffec   __TI_int06
0000ffee   __TI_int07
0000fff0   __TI_int08
0000fff2   __TI_int09
0000fff4   __TI_int10
0000fff6   __TI_int11
0000fff8   __TI_int12
0000fffa   __TI_int13
0000fffc   __TI_int14
0000fffe   _reset_vector
ffffffff   __binit__
ffffffff   __c_args__
ffffffff   binit

[208 symbols]
