******************************************************************************
                  MSP430 Linker PC v4.2.1                      
******************************************************************************
>> Linked Mon Jul 25 16:38:13 2016

OUTPUT FILE NAME:   <LCD2.out>
ENTRY POINT SYMBOL: "_c_int00"  address: 0000ccea


MEMORY CONFIGURATION

         name            origin    length      used     unused   attr    fill
----------------------  --------  ---------  --------  --------  ----  --------
  SFR                   00000000   00000010  00000000  00000010  RWIX
  PERIPHERALS_8BIT      00000010   000000f0  00000000  000000f0  RWIX
  PERIPHERALS_16BIT     00000100   00000100  00000000  00000100  RWIX
  RAM                   00000210   000001f0  000001c6  0000002a  RWIX
  INFOD                 00001000   00000040  00000000  00000040  RWIX
  INFOC                 00001040   00000040  00000000  00000040  RWIX
  INFOB                 00001080   00000040  00000000  00000040  RWIX
  INFOA                 000010c0   00000040  00000000  00000040  RWIX
  FLASH                 0000c000   00002fe0  0000109d  00001f43  RWIX
  INT00                 0000efe0   00000002  00000000  00000002  RWIX
  INT01                 0000efe2   00000002  00000000  00000002  RWIX
  INT02                 0000efe4   00000002  00000002  00000000  RWIX
  INT03                 0000efe6   00000002  00000002  00000000  RWIX
  INT04                 0000efe8   00000002  00000000  00000002  RWIX
  INT05                 0000efea   00000002  00000002  00000000  RWIX
  INT06                 0000efec   00000002  00000002  00000000  RWIX
  INT07                 0000efee   00000002  00000002  00000000  RWIX
  INT08                 0000eff0   00000002  00000002  00000000  RWIX
  INT09                 0000eff2   00000002  00000002  00000000  RWIX
  INT10                 0000eff4   00000002  00000002  00000000  RWIX
  INT11                 0000eff6   00000002  00000002  00000000  RWIX
  INT12                 0000eff8   00000002  00000002  00000000  RWIX
  INT13                 0000effa   00000002  00000002  00000000  RWIX
  INT14                 0000effc   00000002  00000002  00000000  RWIX
  RESET                 0000effe   00000002  00000002  00000000  RWIX


SECTION ALLOCATION MAP

 output                                  attributes/
section   page    origin      length       input sections
--------  ----  ----------  ----------   ----------------
.init_array 
*          0    0000c000    00000000     UNINITIALIZED

.data      0    00000210    00000104     UNINITIALIZED
                  00000210    000000c8     np_module_mdk_v1.lib : np_driver_spi.obj (.data)
                  000002d8    00000036     t_my_app.obj (.data:apptext)
                  0000030e    00000003     np_module_mdk_v1.lib : np_function_ncn_interface.obj (.data:mdk_app_version)
                  00000311    00000001     I2C.obj (.data)
                  00000312    00000001     np_module_mdk_v1.lib : np_driver_pm.obj (.data)
                  00000313    00000001                          : np_driver_timerA0.obj (.data)

.TI.persistent 
*          0    00000210    00000000     UNINITIALIZED

.bss       0    00000314    00000072     UNINITIALIZED
                  00000314    00000040     (.common:t_message)
                  00000354    00000010     (.common:RxBuf)
                  00000364    00000010     (.common:TxBuf)
                  00000374    00000006     (.common:freq_call_function0)
                  0000037a    00000004     (.common:I2C)
                  0000037e    00000002     (.common:m_data)
                  00000380    00000002     (.common:mdk_cmd_func_table_ptr)
                  00000382    00000001     (.common:RxByteCtr)
                  00000383    00000001     (.common:TxByteCtr)
                  00000384    00000001     (.common:mdk_cmd_func_number)
                  00000385    00000001     (.common:source_address)

.TI.noinit 
*          0    00000314    00000000     UNINITIALIZED

.stack     0    000003b0    00000050     UNINITIALIZED
                  000003b0    00000002     rts430_eabi.lib : boot.obj (.stack)
                  000003b2    0000004e     --HOLE--

.text      0    0000c000    00000e1a     
                  0000c000    000001a8     np_module_mdk_v1.lib : np_driver_spi.obj (.text:np_driver_spi_isr)
                  0000c1a8    0000017a                          : np_function_ncn_interface.obj (.text:np_function_ncn_interface_parse)
                  0000c322    00000132                          : np_function_ncn_interface.obj (.text:np_function_ncn_interface_post_message)
                  0000c454    0000012a     tmain.obj (.text:np_api_setup)
                  0000c57e    000000c8     np_module_mdk_v1.lib : np_function_ncn_interface.obj (.text:np_function_ncn_interface_get_message)
                  0000c646    000000b8     LiquidCrystal.obj (.text:_Z13LCD_SetCursorhh)
                  0000c6fe    000000a8     LiquidCrystal.obj (.text:_Z8LCD_Initv)
                  0000c7a6    0000006c     I2C.obj (.text:_Z13USCIAB0TX_ISRv)
                  0000c812    0000005e     rts430_eabi.lib : copy_decompress_rle.obj (.text:__TI_decompress_rle_core)
                  0000c870    0000005e                     : autoinit.obj (.text:_auto_init)
                  0000c8ce    0000005e     np_module_mdk_v1.lib : np_driver_timerA0.obj (.text:np_driver_timer_isr)
                  0000c92c    00000054     I2C.obj (.text:_ZN9I2C_class6I2C_TxEhPhh)
                  0000c980    00000046     np_module_mdk_v1.lib : system.obj (.text:np_system_init)
                  0000c9c6    00000042     LiquidCrystal.obj (.text:_Z14LCD_Write_BytePhh)
                  0000ca08    0000003e     LiquidCrystal.obj (.text:_Z14LCD_Data_writeh)
                  0000ca46    0000003e     LiquidCrystal.obj (.text:_Z16LCD_Write_StringPKh)
                  0000ca84    0000003e     np_module_mdk_v1.lib : np_driver_ucs.obj (.text:np_driver_ucs_init)
                  0000cac2    0000003a                          : np_api_apis.obj (.text:np_api_register)
                  0000cafc    00000038     LiquidCrystal.obj (.text:_Z17LCD_Command_writeh)
                  0000cb34    00000032     I2C.obj (.text:_ZN9I2C_class5beginEh)
                  0000cb66    00000032     tmain.obj (.text:np_api_loop)
                  0000cb98    00000032     np_module_mdk_v1.lib : np_driver_spi.obj (.text:np_driver_spi_apply_post)
                  0000cbca    00000032                          : np_driver_spi.obj (.text:np_driver_spi_init)
                  0000cbfc    0000002e     t_my_app.obj (.text:text)
                  0000cc2a    0000002c     rts430_eabi.lib : lsl16.obj (.text)
                  0000cc56    0000002a     np_module_mdk_v1.lib : main.obj (.text:main)
                  0000cc80    00000028                          : np_function_ncn_interface.obj (.text:np_function_ncn_interface_loop)
                  0000cca8    00000024                          : np_function_crc.obj (.text:np_function_crc_calculate)
                  0000cccc    0000001e                          : np_function_task.obj (.text:np_function_task_register)
                  0000ccea    0000001a     rts430_eabi.lib : boot.obj (.text:_c_int00_noexit)
                  0000cd04    0000001a     np_module_mdk_v1.lib : np_api_apis.obj (.text:np_api_upload)
                  0000cd1e    00000018     LiquidCrystal.obj (.text:_Z5delayj)
                  0000cd36    00000018     np_module_mdk_v1.lib : np_function_crc.obj (.text:np_function_crc_check)
                  0000cd4e    00000016     LiquidCrystal.obj (.text:_Z9LCD_Clearv)
                  0000cd64    00000014     rts430_eabi.lib : copy_zero_init.obj (.text:decompress:ZI:__TI_zero_init)
                  0000cd78    00000012                     : copy_decompress_none.obj (.text:decompress:none:__TI_decompress_none)
                  0000cd8a    00000012                     : memcpy.obj (.text:memcpy)
                  0000cd9c    00000010                     : epilog.obj (.text)
                  0000cdac    0000000e     np_module_mdk_v1.lib : np_driver_pm.obj (.text:np_driver_pm_loop)
                  0000cdba    0000000e                          : np_driver_timerA0.obj (.text:np_driver_timer_init)
                  0000cdc8    0000000e                          : np_function_task.obj (.text:np_function_task_init)
                  0000cdd6    00000008                          : np_api_apis.obj (.text:np_api_poweroff)
                  0000cdde    00000008                          : np_driver_spi.obj (.text:np_driver_spi_is_aviable)
                  0000cde6    00000008                          : np_driver_timerA0.obj (.text:np_driver_timer_enable)
                  0000cdee    00000006     rts430_eabi.lib : isr_trap.obj (.text:__TI_ISR_TRAP)
                  0000cdf4    00000006                     : copy_decompress_rle.obj (.text:decompress:rle24:__TI_decompress_rle24)
                  0000cdfa    00000006     np_module_mdk_v1.lib : np_driver_pm.obj (.text:np_driver_pm_mode_get)
                  0000ce00    00000006                          : np_function_ncn_interface.obj (.text:np_function_set_post_address)
                  0000ce06    00000004     rts430_eabi.lib : pre_init.obj (.text:_system_pre_init)
                  0000ce0a    00000004                     : exit.obj (.text:abort)
                  0000ce0e    00000004     np_module_mdk_v1.lib : np_driver_pm.obj (.text:np_driver_pm_gie_clear)
                  0000ce12    00000004                          : np_driver_pm.obj (.text:np_driver_pm_gie_set)
                  0000ce16    00000002     tmain.obj (.text:np_api_start)
                  0000ce18    00000002     tmain.obj (.text:np_api_stop)

.const     0    0000ce1a    00000263     
                  0000ce1a    00000200     np_module_mdk_v1.lib : np_function_crc.obj (.const:crc_table)
                  0000d01a    0000005a     tmain.obj (.const:.string)
                  0000d074    00000004     LiquidCrystal.obj (.const:.string:$P$T0$1)
                  0000d078    00000004     tmain.obj (.const:my_cmd_func_table)
                  0000d07c    00000001     np_module_mdk_v1.lib : np_function_ncn_interface.obj (.const:.string:$P$T0$1)

.cinit     0    0000d07e    00000020     
                  0000d07e    0000000e     (.cinit..data.load) [load image, compression = rle]
                  0000d08c    00000006     (__TI_handler_table)
                  0000d092    00000004     (.cinit..bss.load) [load image, compression = zero_init]
                  0000d096    00000008     (__TI_cinit_table)

PORT1      0    0000efe4    00000002     
                  0000efe4    00000002     rts430_eabi.lib : int02.obj (.int02)

PORT2      0    0000efe6    00000002     
                  0000efe6    00000002     rts430_eabi.lib : int03.obj (.int03)

ADC10      0    0000efea    00000002     
                  0000efea    00000002     rts430_eabi.lib : int05.obj (.int05)

USCIAB0TX 
*          0    0000efec    00000002     
                  0000efec    00000002     I2C.obj (.int06)

USCIAB0RX 
*          0    0000efee    00000002     
                  0000efee    00000002     np_module_mdk_v1.lib : np_driver_spi.obj (.int07)

TIMER0_A1 
*          0    0000eff0    00000002     
                  0000eff0    00000002     rts430_eabi.lib : int08.obj (.int08)

TIMER0_A0 
*          0    0000eff2    00000002     
                  0000eff2    00000002     np_module_mdk_v1.lib : np_driver_timerA0.obj (.int09)

WDT        0    0000eff4    00000002     
                  0000eff4    00000002     rts430_eabi.lib : int10.obj (.int10)

COMPARATORA 
*          0    0000eff6    00000002     
                  0000eff6    00000002     rts430_eabi.lib : int11.obj (.int11)

TIMER1_A1 
*          0    0000eff8    00000002     
                  0000eff8    00000002     rts430_eabi.lib : int12.obj (.int12)

TIMER1_A0 
*          0    0000effa    00000002     
                  0000effa    00000002     rts430_eabi.lib : int13.obj (.int13)

NMI        0    0000effc    00000002     
                  0000effc    00000002     rts430_eabi.lib : int14.obj (.int14)

.reset     0    0000effe    00000002     
                  0000effe    00000002     rts430_eabi.lib : boot.obj (.reset)


LINKER GENERATED COPY TABLES

__TI_cinit_table @ 0000d096 records: 2, size/record: 4, table size: 8
	.data: load addr=0000d07e, load size=0000000e bytes, run addr=00000210, run size=00000104 bytes, compression=rle
	.bss: load addr=0000d092, load size=00000004 bytes, run addr=00000314, run size=00000072 bytes, compression=zero_init


LINKER GENERATED HANDLER TABLE

__TI_handler_table @ 0000d08c records: 3, size/record: 2, table size: 6
	index: 0, handler: __TI_zero_init
	index: 1, handler: __TI_decompress_rle24
	index: 2, handler: __TI_decompress_none


GLOBAL SYMBOLS: SORTED ALPHABETICALLY BY Name 

address    name
--------   ----
0000004a   ADC10AE0
000001b0   ADC10CTL0
000001b2   ADC10CTL1
00000048   ADC10DTC0
00000049   ADC10DTC1
000001b4   ADC10MEM
000001bc   ADC10SA
00000057   BCSCTL1
00000058   BCSCTL2
00000053   BCSCTL3
0000ce0a   C$$EXIT
00000059   CACTL1
0000005a   CACTL2
000010fb   CALBC1_12MHZ
000010f9   CALBC1_16MHZ
000010ff   CALBC1_1MHZ
000010fd   CALBC1_8MHZ
000010fa   CALDCO_12MHZ
000010f8   CALDCO_16MHZ
000010fe   CALDCO_1MHZ
000010fc   CALDCO_8MHZ
0000005b   CAPD
00000056   DCOCTL
00000128   FCTL1
0000012a   FCTL2
0000012c   FCTL3
0000037a   I2C
00000000   IE1
00000001   IE2
00000002   IFG1
00000003   IFG2
00000022   P1DIR
00000025   P1IE
00000024   P1IES
00000023   P1IFG
00000020   P1IN
00000021   P1OUT
00000027   P1REN
00000026   P1SEL
00000041   P1SEL2
0000002a   P2DIR
0000002d   P2IE
0000002c   P2IES
0000002b   P2IFG
00000028   P2IN
00000029   P2OUT
0000002f   P2REN
0000002e   P2SEL
00000042   P2SEL2
0000001a   P3DIR
00000018   P3IN
00000019   P3OUT
00000010   P3REN
0000001b   P3SEL
00000043   P3SEL2
00000172   TA0CCR0
00000174   TA0CCR1
00000176   TA0CCR2
00000162   TA0CCTL0
00000164   TA0CCTL1
00000166   TA0CCTL2
00000160   TA0CTL
0000012e   TA0IV
00000170   TA0R
00000192   TA1CCR0
00000194   TA1CCR1
00000196   TA1CCR2
00000182   TA1CCTL0
00000184   TA1CCTL1
00000186   TA1CCTL2
00000180   TA1CTL
0000011e   TA1IV
00000190   TA1R
0000005d   UCA0ABCTL
00000062   UCA0BR0
00000063   UCA0BR1
00000060   UCA0CTL0
00000061   UCA0CTL1
0000005f   UCA0IRRCTL
0000005e   UCA0IRTCTL
00000064   UCA0MCTL
00000066   UCA0RXBUF
00000065   UCA0STAT
00000067   UCA0TXBUF
0000006a   UCB0BR0
0000006b   UCB0BR1
00000068   UCB0CTL0
00000069   UCB0CTL1
0000006c   UCB0I2CIE
00000118   UCB0I2COA
0000011a   UCB0I2CSA
0000006e   UCB0RXBUF
0000006d   UCB0STAT
0000006f   UCB0TXBUF
00000120   WDTCTL
0000c646   _Z13LCD_SetCursorhh
0000c7a6   _Z13USCIAB0TX_ISRv
0000ca08   _Z14LCD_Data_writeh
0000c9c6   _Z14LCD_Write_BytePhh
0000ca46   _Z16LCD_Write_StringPKh
0000cafc   _Z17LCD_Command_writeh
0000cd1e   _Z5delayj
0000c6fe   _Z8LCD_Initv
0000cd4e   _Z9LCD_Clearv
0000cb34   _ZN9I2C_class5beginEh
0000c92c   _ZN9I2C_class6I2C_TxEhPhh
00000400   __STACK_END
00000050   __STACK_SIZE
0000d096   __TI_CINIT_Base
0000d09e   __TI_CINIT_Limit
0000d08c   __TI_Handler_Table_Base
0000d092   __TI_Handler_Table_Limit
UNDEFED    __TI_INITARRAY_Base
UNDEFED    __TI_INITARRAY_Limit
0000cdee   __TI_ISR_TRAP
00000001   __TI_args_main
0000cd78   __TI_decompress_none
0000cdf4   __TI_decompress_rle24
00000001   __TI_exit
0000efe4   __TI_int02
0000efe6   __TI_int03
0000efea   __TI_int05
0000efec   __TI_int06
0000efee   __TI_int07
0000eff0   __TI_int08
0000eff2   __TI_int09
0000eff4   __TI_int10
0000eff6   __TI_int11
0000eff8   __TI_int12
0000effa   __TI_int13
0000effc   __TI_int14
0000cd64   __TI_zero_init
ffffffff   __binit__
ffffffff   __c_args__
0000cda8   __mspabi_func_epilog_1
0000cda6   __mspabi_func_epilog_2
0000cda4   __mspabi_func_epilog_3
0000cda2   __mspabi_func_epilog_4
0000cda0   __mspabi_func_epilog_5
0000cd9e   __mspabi_func_epilog_6
0000cd9c   __mspabi_func_epilog_7
0000cc2a   __mspabi_slli
0000cc52   __mspabi_slli_1
0000cc40   __mspabi_slli_10
0000cc3e   __mspabi_slli_11
0000cc3c   __mspabi_slli_12
0000cc3a   __mspabi_slli_13
0000cc38   __mspabi_slli_14
0000cc36   __mspabi_slli_15
0000cc50   __mspabi_slli_2
0000cc4e   __mspabi_slli_3
0000cc4c   __mspabi_slli_4
0000cc4a   __mspabi_slli_5
0000cc48   __mspabi_slli_6
0000cc46   __mspabi_slli_7
0000cc44   __mspabi_slli_8
0000cc42   __mspabi_slli_9
0000c870   _auto_init
0000ccea   _c_int00
0000ccea   _c_int00_noexit
0000effe   _reset_vector
000003b0   _stack
0000ce06   _system_pre_init
0000ce0a   abort
000002d8   apptext
ffffffff   binit
0000ce1a   crc_table
00000374   freq_call_function0
0000037e   m_data
0000cc56   main
0000030e   mdk_app_version
00000312   mdk_auto_power_save
00000384   mdk_cmd_func_number
00000380   mdk_cmd_func_table_ptr
0000cd8a   memcpy
000002cf   my_node
0000cb66   np_api_loop
0000cdd6   np_api_poweroff
0000cac2   np_api_register
0000c454   np_api_setup
0000ce16   np_api_start
0000ce18   np_api_stop
0000cd04   np_api_upload
0000ce0e   np_driver_pm_gie_clear
0000ce12   np_driver_pm_gie_set
0000cdac   np_driver_pm_loop
0000cdfa   np_driver_pm_mode_get
0000cb98   np_driver_spi_apply_post
0000cbca   np_driver_spi_init
0000cdde   np_driver_spi_is_aviable
0000c000   np_driver_spi_isr
0000cde6   np_driver_timer_enable
0000cdba   np_driver_timer_init
0000c8ce   np_driver_timer_isr
0000ca84   np_driver_ucs_init
0000cca8   np_function_crc_calculate
0000cd36   np_function_crc_check
0000c57e   np_function_ncn_interface_get_message
0000cc80   np_function_ncn_interface_loop
0000c1a8   np_function_ncn_interface_parse
0000c322   np_function_ncn_interface_post_message
0000cdac   np_function_pm_loop
0000cdfa   np_function_pm_mode_get
0000ce00   np_function_set_post_address
0000cdc8   np_function_task_init
0000cccc   np_function_task_register
0000c980   np_system_init
00000313   run_the_loop
00000385   source_address
000002cc   spi_count
00000210   spi_get_buf
0000026e   spi_post_buf
000002ce   spi_rw
000002cd   spi_status
00000314   t_message
000002d4   test_get
000002d0   test_post
0000cbfc   text


GLOBAL SYMBOLS: SORTED BY Symbol Address 

address    name
--------   ----
00000000   IE1
00000001   IE2
00000001   __TI_args_main
00000001   __TI_exit
00000002   IFG1
00000003   IFG2
00000010   P3REN
00000018   P3IN
00000019   P3OUT
0000001a   P3DIR
0000001b   P3SEL
00000020   P1IN
00000021   P1OUT
00000022   P1DIR
00000023   P1IFG
00000024   P1IES
00000025   P1IE
00000026   P1SEL
00000027   P1REN
00000028   P2IN
00000029   P2OUT
0000002a   P2DIR
0000002b   P2IFG
0000002c   P2IES
0000002d   P2IE
0000002e   P2SEL
0000002f   P2REN
00000041   P1SEL2
00000042   P2SEL2
00000043   P3SEL2
00000048   ADC10DTC0
00000049   ADC10DTC1
0000004a   ADC10AE0
00000050   __STACK_SIZE
00000053   BCSCTL3
00000056   DCOCTL
00000057   BCSCTL1
00000058   BCSCTL2
00000059   CACTL1
0000005a   CACTL2
0000005b   CAPD
0000005d   UCA0ABCTL
0000005e   UCA0IRTCTL
0000005f   UCA0IRRCTL
00000060   UCA0CTL0
00000061   UCA0CTL1
00000062   UCA0BR0
00000063   UCA0BR1
00000064   UCA0MCTL
00000065   UCA0STAT
00000066   UCA0RXBUF
00000067   UCA0TXBUF
00000068   UCB0CTL0
00000069   UCB0CTL1
0000006a   UCB0BR0
0000006b   UCB0BR1
0000006c   UCB0I2CIE
0000006d   UCB0STAT
0000006e   UCB0RXBUF
0000006f   UCB0TXBUF
00000118   UCB0I2COA
0000011a   UCB0I2CSA
0000011e   TA1IV
00000120   WDTCTL
00000128   FCTL1
0000012a   FCTL2
0000012c   FCTL3
0000012e   TA0IV
00000160   TA0CTL
00000162   TA0CCTL0
00000164   TA0CCTL1
00000166   TA0CCTL2
00000170   TA0R
00000172   TA0CCR0
00000174   TA0CCR1
00000176   TA0CCR2
00000180   TA1CTL
00000182   TA1CCTL0
00000184   TA1CCTL1
00000186   TA1CCTL2
00000190   TA1R
00000192   TA1CCR0
00000194   TA1CCR1
00000196   TA1CCR2
000001b0   ADC10CTL0
000001b2   ADC10CTL1
000001b4   ADC10MEM
000001bc   ADC10SA
00000210   spi_get_buf
0000026e   spi_post_buf
000002cc   spi_count
000002cd   spi_status
000002ce   spi_rw
000002cf   my_node
000002d0   test_post
000002d4   test_get
000002d8   apptext
0000030e   mdk_app_version
00000312   mdk_auto_power_save
00000313   run_the_loop
00000314   t_message
00000374   freq_call_function0
0000037a   I2C
0000037e   m_data
00000380   mdk_cmd_func_table_ptr
00000384   mdk_cmd_func_number
00000385   source_address
000003b0   _stack
00000400   __STACK_END
000010f8   CALDCO_16MHZ
000010f9   CALBC1_16MHZ
000010fa   CALDCO_12MHZ
000010fb   CALBC1_12MHZ
000010fc   CALDCO_8MHZ
000010fd   CALBC1_8MHZ
000010fe   CALDCO_1MHZ
000010ff   CALBC1_1MHZ
0000c000   np_driver_spi_isr
0000c1a8   np_function_ncn_interface_parse
0000c322   np_function_ncn_interface_post_message
0000c454   np_api_setup
0000c57e   np_function_ncn_interface_get_message
0000c646   _Z13LCD_SetCursorhh
0000c6fe   _Z8LCD_Initv
0000c7a6   _Z13USCIAB0TX_ISRv
0000c870   _auto_init
0000c8ce   np_driver_timer_isr
0000c92c   _ZN9I2C_class6I2C_TxEhPhh
0000c980   np_system_init
0000c9c6   _Z14LCD_Write_BytePhh
0000ca08   _Z14LCD_Data_writeh
0000ca46   _Z16LCD_Write_StringPKh
0000ca84   np_driver_ucs_init
0000cac2   np_api_register
0000cafc   _Z17LCD_Command_writeh
0000cb34   _ZN9I2C_class5beginEh
0000cb66   np_api_loop
0000cb98   np_driver_spi_apply_post
0000cbca   np_driver_spi_init
0000cbfc   text
0000cc2a   __mspabi_slli
0000cc36   __mspabi_slli_15
0000cc38   __mspabi_slli_14
0000cc3a   __mspabi_slli_13
0000cc3c   __mspabi_slli_12
0000cc3e   __mspabi_slli_11
0000cc40   __mspabi_slli_10
0000cc42   __mspabi_slli_9
0000cc44   __mspabi_slli_8
0000cc46   __mspabi_slli_7
0000cc48   __mspabi_slli_6
0000cc4a   __mspabi_slli_5
0000cc4c   __mspabi_slli_4
0000cc4e   __mspabi_slli_3
0000cc50   __mspabi_slli_2
0000cc52   __mspabi_slli_1
0000cc56   main
0000cc80   np_function_ncn_interface_loop
0000cca8   np_function_crc_calculate
0000cccc   np_function_task_register
0000ccea   _c_int00
0000ccea   _c_int00_noexit
0000cd04   np_api_upload
0000cd1e   _Z5delayj
0000cd36   np_function_crc_check
0000cd4e   _Z9LCD_Clearv
0000cd64   __TI_zero_init
0000cd78   __TI_decompress_none
0000cd8a   memcpy
0000cd9c   __mspabi_func_epilog_7
0000cd9e   __mspabi_func_epilog_6
0000cda0   __mspabi_func_epilog_5
0000cda2   __mspabi_func_epilog_4
0000cda4   __mspabi_func_epilog_3
0000cda6   __mspabi_func_epilog_2
0000cda8   __mspabi_func_epilog_1
0000cdac   np_driver_pm_loop
0000cdac   np_function_pm_loop
0000cdba   np_driver_timer_init
0000cdc8   np_function_task_init
0000cdd6   np_api_poweroff
0000cdde   np_driver_spi_is_aviable
0000cde6   np_driver_timer_enable
0000cdee   __TI_ISR_TRAP
0000cdf4   __TI_decompress_rle24
0000cdfa   np_driver_pm_mode_get
0000cdfa   np_function_pm_mode_get
0000ce00   np_function_set_post_address
0000ce06   _system_pre_init
0000ce0a   C$$EXIT
0000ce0a   abort
0000ce0e   np_driver_pm_gie_clear
0000ce12   np_driver_pm_gie_set
0000ce16   np_api_start
0000ce18   np_api_stop
0000ce1a   crc_table
0000d08c   __TI_Handler_Table_Base
0000d092   __TI_Handler_Table_Limit
0000d096   __TI_CINIT_Base
0000d09e   __TI_CINIT_Limit
0000efe4   __TI_int02
0000efe6   __TI_int03
0000efea   __TI_int05
0000efec   __TI_int06
0000efee   __TI_int07
0000eff0   __TI_int08
0000eff2   __TI_int09
0000eff4   __TI_int10
0000eff6   __TI_int11
0000eff8   __TI_int12
0000effa   __TI_int13
0000effc   __TI_int14
0000effe   _reset_vector
ffffffff   __binit__
ffffffff   __c_args__
ffffffff   binit
UNDEFED    __TI_INITARRAY_Base
UNDEFED    __TI_INITARRAY_Limit

[218 symbols]
