<?xml version="1.0"?>
<link_info>
   <banner>MSP430 Linker PC v4.2.1</banner>
   <copyright>Copyright (c) 2003-2013 Texas Instruments Incorporated</copyright>
   <link_time>0x57b3c6ad</link_time>
   <link_errors>0x0</link_errors>
   <output_file>LCD.out</output_file>
   <entry_point>
      <name>_c_int00</name>
      <address>0xcd5a</address>
   </entry_point>
   <input_file_list>
      <input_file id="fl-2">
         <path>.\</path>
         <kind>object</kind>
         <file>t_my_app.obj</file>
         <name>t_my_app.obj</name>
      </input_file>
      <input_file id="fl-3">
         <path>.\</path>
         <kind>object</kind>
         <file>tmain.obj</file>
         <name>tmain.obj</name>
      </input_file>
      <input_file id="fl-4">
         <path>.\libraries\</path>
         <kind>object</kind>
         <file>I2C.obj</file>
         <name>I2C.obj</name>
      </input_file>
      <input_file id="fl-5">
         <path>.\libraries\</path>
         <kind>object</kind>
         <file>LiquidCrystal.obj</file>
         <name>LiquidCrystal.obj</name>
      </input_file>
      <input_file id="fl-6">
         <path>.\libraries\</path>
         <kind>object</kind>
         <file>NCN_GPIO.obj</file>
         <name>NCN_GPIO.obj</name>
      </input_file>
      <input_file id="fl-d">
         <path>..\mdk\</path>
         <kind>archive</kind>
         <file>np_module_mdk_v1.lib</file>
         <name>np_api_apis.obj</name>
      </input_file>
      <input_file id="fl-e">
         <path>..\mdk\</path>
         <kind>archive</kind>
         <file>np_module_mdk_v1.lib</file>
         <name>np_driver_timerA0.obj</name>
      </input_file>
      <input_file id="fl-f">
         <path>..\mdk\</path>
         <kind>archive</kind>
         <file>np_module_mdk_v1.lib</file>
         <name>np_driver_spi.obj</name>
      </input_file>
      <input_file id="fl-10">
         <path>..\mdk\</path>
         <kind>archive</kind>
         <file>np_module_mdk_v1.lib</file>
         <name>np_driver_pm.obj</name>
      </input_file>
      <input_file id="fl-11">
         <path>..\mdk\</path>
         <kind>archive</kind>
         <file>np_module_mdk_v1.lib</file>
         <name>np_function_pm.obj</name>
      </input_file>
      <input_file id="fl-12">
         <path>..\mdk\</path>
         <kind>archive</kind>
         <file>np_module_mdk_v1.lib</file>
         <name>np_function_ncn_interface.obj</name>
      </input_file>
      <input_file id="fl-13">
         <path>..\mdk\</path>
         <kind>archive</kind>
         <file>np_module_mdk_v1.lib</file>
         <name>np_function_crc.obj</name>
      </input_file>
      <input_file id="fl-29">
         <path>C:\ti\ccsv6\tools\compiler\msp430_4.2.1\lib\</path>
         <kind>archive</kind>
         <file>rts430_eabi.lib</file>
         <name>boot.obj</name>
      </input_file>
      <input_file id="fl-2a">
         <path>C:\ti\ccsv6\tools\compiler\msp430_4.2.1\lib\</path>
         <kind>archive</kind>
         <file>rts430_eabi.lib</file>
         <name>copy_decompress_none.obj</name>
      </input_file>
      <input_file id="fl-2b">
         <path>C:\ti\ccsv6\tools\compiler\msp430_4.2.1\lib\</path>
         <kind>archive</kind>
         <file>rts430_eabi.lib</file>
         <name>copy_decompress_rle.obj</name>
      </input_file>
      <input_file id="fl-2c">
         <path>C:\ti\ccsv6\tools\compiler\msp430_4.2.1\lib\</path>
         <kind>archive</kind>
         <file>rts430_eabi.lib</file>
         <name>copy_zero_init.obj</name>
      </input_file>
      <input_file id="fl-2d">
         <path>C:\ti\ccsv6\tools\compiler\msp430_4.2.1\lib\</path>
         <kind>archive</kind>
         <file>rts430_eabi.lib</file>
         <name>div16u.obj</name>
      </input_file>
      <input_file id="fl-2e">
         <path>C:\ti\ccsv6\tools\compiler\msp430_4.2.1\lib\</path>
         <kind>archive</kind>
         <file>rts430_eabi.lib</file>
         <name>div32s.obj</name>
      </input_file>
      <input_file id="fl-2f">
         <path>C:\ti\ccsv6\tools\compiler\msp430_4.2.1\lib\</path>
         <kind>archive</kind>
         <file>rts430_eabi.lib</file>
         <name>div32u.obj</name>
      </input_file>
      <input_file id="fl-30">
         <path>C:\ti\ccsv6\tools\compiler\msp430_4.2.1\lib\</path>
         <kind>archive</kind>
         <file>rts430_eabi.lib</file>
         <name>epilog.obj</name>
      </input_file>
      <input_file id="fl-31">
         <path>C:\ti\ccsv6\tools\compiler\msp430_4.2.1\lib\</path>
         <kind>archive</kind>
         <file>rts430_eabi.lib</file>
         <name>exit.obj</name>
      </input_file>
      <input_file id="fl-32">
         <path>C:\ti\ccsv6\tools\compiler\msp430_4.2.1\lib\</path>
         <kind>archive</kind>
         <file>rts430_eabi.lib</file>
         <name>int02.obj</name>
      </input_file>
      <input_file id="fl-33">
         <path>C:\ti\ccsv6\tools\compiler\msp430_4.2.1\lib\</path>
         <kind>archive</kind>
         <file>rts430_eabi.lib</file>
         <name>int03.obj</name>
      </input_file>
      <input_file id="fl-34">
         <path>C:\ti\ccsv6\tools\compiler\msp430_4.2.1\lib\</path>
         <kind>archive</kind>
         <file>rts430_eabi.lib</file>
         <name>int05.obj</name>
      </input_file>
      <input_file id="fl-35">
         <path>C:\ti\ccsv6\tools\compiler\msp430_4.2.1\lib\</path>
         <kind>archive</kind>
         <file>rts430_eabi.lib</file>
         <name>int08.obj</name>
      </input_file>
      <input_file id="fl-36">
         <path>C:\ti\ccsv6\tools\compiler\msp430_4.2.1\lib\</path>
         <kind>archive</kind>
         <file>rts430_eabi.lib</file>
         <name>int10.obj</name>
      </input_file>
      <input_file id="fl-37">
         <path>C:\ti\ccsv6\tools\compiler\msp430_4.2.1\lib\</path>
         <kind>archive</kind>
         <file>rts430_eabi.lib</file>
         <name>int11.obj</name>
      </input_file>
      <input_file id="fl-38">
         <path>C:\ti\ccsv6\tools\compiler\msp430_4.2.1\lib\</path>
         <kind>archive</kind>
         <file>rts430_eabi.lib</file>
         <name>int12.obj</name>
      </input_file>
      <input_file id="fl-39">
         <path>C:\ti\ccsv6\tools\compiler\msp430_4.2.1\lib\</path>
         <kind>archive</kind>
         <file>rts430_eabi.lib</file>
         <name>int13.obj</name>
      </input_file>
      <input_file id="fl-3a">
         <path>C:\ti\ccsv6\tools\compiler\msp430_4.2.1\lib\</path>
         <kind>archive</kind>
         <file>rts430_eabi.lib</file>
         <name>int14.obj</name>
      </input_file>
      <input_file id="fl-3b">
         <path>C:\ti\ccsv6\tools\compiler\msp430_4.2.1\lib\</path>
         <kind>archive</kind>
         <file>rts430_eabi.lib</file>
         <name>isr_trap.obj</name>
      </input_file>
      <input_file id="fl-3c">
         <path>C:\ti\ccsv6\tools\compiler\msp430_4.2.1\lib\</path>
         <kind>archive</kind>
         <file>rts430_eabi.lib</file>
         <name>lsl16.obj</name>
      </input_file>
      <input_file id="fl-3d">
         <path>C:\ti\ccsv6\tools\compiler\msp430_4.2.1\lib\</path>
         <kind>archive</kind>
         <file>rts430_eabi.lib</file>
         <name>memcpy.obj</name>
      </input_file>
      <input_file id="fl-3e">
         <path>C:\ti\ccsv6\tools\compiler\msp430_4.2.1\lib\</path>
         <kind>archive</kind>
         <file>rts430_eabi.lib</file>
         <name>mult16.obj</name>
      </input_file>
      <input_file id="fl-3f">
         <path>C:\ti\ccsv6\tools\compiler\msp430_4.2.1\lib\</path>
         <kind>archive</kind>
         <file>rts430_eabi.lib</file>
         <name>pre_init.obj</name>
      </input_file>
      <input_file id="fl-40">
         <path>C:\ti\ccsv6\tools\compiler\msp430_4.2.1\lib\</path>
         <kind>archive</kind>
         <file>rts430_eabi.lib</file>
         <name>_lock.obj</name>
      </input_file>
      <input_file id="fl-41">
         <path>C:\ti\ccsv6\tools\compiler\msp430_4.2.1\lib\</path>
         <kind>archive</kind>
         <file>rts430_eabi.lib</file>
         <name>args_main.obj</name>
      </input_file>
      <input_file id="fl-42">
         <path>C:\ti\ccsv6\tools\compiler\msp430_4.2.1\lib\</path>
         <kind>archive</kind>
         <file>rts430_eabi.lib</file>
         <name>autoinit.obj</name>
      </input_file>
      <input_file id="fl-43">
         <path>..\mdk\</path>
         <kind>archive</kind>
         <file>np_module_mdk_v1.lib</file>
         <name>main.obj</name>
      </input_file>
      <input_file id="fl-44">
         <path>..\mdk\</path>
         <kind>archive</kind>
         <file>np_module_mdk_v1.lib</file>
         <name>system.obj</name>
      </input_file>
      <input_file id="fl-45">
         <path>..\mdk\</path>
         <kind>archive</kind>
         <file>np_module_mdk_v1.lib</file>
         <name>np_driver_ucs.obj</name>
      </input_file>
      <input_file id="fl-46">
         <path>..\mdk\</path>
         <kind>archive</kind>
         <file>np_module_mdk_v1.lib</file>
         <name>np_function_task.obj</name>
      </input_file>
   </input_file_list>
   <object_component_list>
      <object_component id="oc-4e">
         <name>.stack</name>
         <uninitialized>true</uninitialized>
         <run_address>0x3b0</run_address>
         <size>0x2</size>
         <input_file_ref idref="fl-29"/>
      </object_component>
      <object_component id="oc-2af">
         <name>.stack</name>
         <uninitialized>true</uninitialized>
         <run_address>0x3b0</run_address>
         <size>0x0</size>
      </object_component>
      <object_component id="oc-5a">
         <name>.text:np_driver_spi_isr</name>
         <load_address>0xc000</load_address>
         <run_address>0xc000</run_address>
         <size>0x1a8</size>
         <input_file_ref idref="fl-f"/>
      </object_component>
      <object_component id="oc-195">
         <name>.text:np_function_ncn_interface_parse</name>
         <load_address>0xc1a8</load_address>
         <run_address>0xc1a8</run_address>
         <size>0x17a</size>
         <input_file_ref idref="fl-12"/>
      </object_component>
      <object_component id="oc-d0">
         <name>.text:np_function_ncn_interface_post_message</name>
         <load_address>0xc322</load_address>
         <run_address>0xc322</run_address>
         <size>0x132</size>
         <input_file_ref idref="fl-12"/>
      </object_component>
      <object_component id="oc-cb">
         <name>.text:np_api_setup</name>
         <load_address>0xc454</load_address>
         <run_address>0xc454</run_address>
         <size>0x11a</size>
         <input_file_ref idref="fl-3"/>
      </object_component>
      <object_component id="oc-1fd">
         <name>.text:np_function_ncn_interface_get_message</name>
         <load_address>0xc56e</load_address>
         <run_address>0xc56e</run_address>
         <size>0xc8</size>
         <input_file_ref idref="fl-12"/>
      </object_component>
      <object_component id="oc-14d">
         <name>.text:LCD_SetCursor</name>
         <load_address>0xc636</load_address>
         <run_address>0xc636</run_address>
         <size>0xb8</size>
         <input_file_ref idref="fl-5"/>
      </object_component>
      <object_component id="oc-148">
         <name>.text:LCD_Init</name>
         <load_address>0xc6ee</load_address>
         <run_address>0xc6ee</run_address>
         <size>0xa8</size>
         <input_file_ref idref="fl-5"/>
      </object_component>
      <object_component id="oc-55">
         <name>.text:_Z13USCIAB0TX_ISRv</name>
         <load_address>0xc796</load_address>
         <run_address>0xc796</run_address>
         <size>0x6c</size>
         <input_file_ref idref="fl-4"/>
      </object_component>
      <object_component id="oc-8c">
         <name>.text:__TI_decompress_rle_core</name>
         <load_address>0xc802</load_address>
         <run_address>0xc802</run_address>
         <size>0x5e</size>
         <input_file_ref idref="fl-2b"/>
      </object_component>
      <object_component id="oc-69">
         <name>.text:_auto_init</name>
         <load_address>0xc860</load_address>
         <run_address>0xc860</run_address>
         <size>0x5e</size>
         <input_file_ref idref="fl-42"/>
      </object_component>
      <object_component id="oc-5f">
         <name>.text:np_driver_timer_isr</name>
         <load_address>0xc8be</load_address>
         <run_address>0xc8be</run_address>
         <size>0x5e</size>
         <input_file_ref idref="fl-e"/>
      </object_component>
      <object_component id="oc-1b1">
         <name>.text:text_1</name>
         <load_address>0xc91c</load_address>
         <run_address>0xc91c</run_address>
         <size>0x5e</size>
         <input_file_ref idref="fl-2"/>
      </object_component>
      <object_component id="oc-1b6">
         <name>.text:text_2</name>
         <load_address>0xc97a</load_address>
         <run_address>0xc97a</run_address>
         <size>0x5e</size>
         <input_file_ref idref="fl-2"/>
      </object_component>
      <object_component id="oc-1ca">
         <name>.text:_ZN9I2C_class6I2C_TxEhPhh</name>
         <load_address>0xc9d8</load_address>
         <run_address>0xc9d8</run_address>
         <size>0x54</size>
         <input_file_ref idref="fl-4"/>
      </object_component>
      <object_component id="oc-1e5">
         <name>.text:LCD_Data_write</name>
         <load_address>0xca2c</load_address>
         <run_address>0xca2c</run_address>
         <size>0x52</size>
         <input_file_ref idref="fl-5"/>
      </object_component>
      <object_component id="oc-176">
         <name>.text:LCD_Command_write</name>
         <load_address>0xca7e</load_address>
         <run_address>0xca7e</run_address>
         <size>0x48</size>
         <input_file_ref idref="fl-5"/>
      </object_component>
      <object_component id="oc-c6">
         <name>.text:np_system_init</name>
         <load_address>0xcac6</load_address>
         <run_address>0xcac6</run_address>
         <size>0x46</size>
         <input_file_ref idref="fl-44"/>
      </object_component>
      <object_component id="oc-237">
         <name>.text:LCD_Write_Byte</name>
         <load_address>0xcb0c</load_address>
         <run_address>0xcb0c</run_address>
         <size>0x42</size>
         <input_file_ref idref="fl-5"/>
      </object_component>
      <object_component id="oc-153">
         <name>.text:LCD_Write_String</name>
         <load_address>0xcb4e</load_address>
         <run_address>0xcb4e</run_address>
         <size>0x3e</size>
         <input_file_ref idref="fl-5"/>
      </object_component>
      <object_component id="oc-118">
         <name>.text:np_driver_ucs_init</name>
         <load_address>0xcb8c</load_address>
         <run_address>0xcb8c</run_address>
         <size>0x3e</size>
         <input_file_ref idref="fl-45"/>
      </object_component>
      <object_component id="oc-143">
         <name>.text:np_api_register</name>
         <load_address>0xcbca</load_address>
         <run_address>0xcbca</run_address>
         <size>0x3a</size>
         <input_file_ref idref="fl-d"/>
      </object_component>
      <object_component id="oc-1c2">
         <name>.text:_ZN9I2C_class5beginEh</name>
         <load_address>0xcc04</load_address>
         <run_address>0xcc04</run_address>
         <size>0x32</size>
         <input_file_ref idref="fl-4"/>
      </object_component>
      <object_component id="oc-19f">
         <name>.text:np_driver_spi_apply_post</name>
         <load_address>0xcc36</load_address>
         <run_address>0xcc36</run_address>
         <size>0x32</size>
         <input_file_ref idref="fl-f"/>
      </object_component>
      <object_component id="oc-11d">
         <name>.text:np_driver_spi_init</name>
         <load_address>0xcc68</load_address>
         <run_address>0xcc68</run_address>
         <size>0x32</size>
         <input_file_ref idref="fl-f"/>
      </object_component>
      <object_component id="oc-1d8">
         <name>.text</name>
         <load_address>0xcc9a</load_address>
         <run_address>0xcc9a</run_address>
         <size>0x2c</size>
         <input_file_ref idref="fl-3c"/>
      </object_component>
      <object_component id="oc-6e">
         <name>.text:main</name>
         <load_address>0xccc6</load_address>
         <run_address>0xccc6</run_address>
         <size>0x2a</size>
         <input_file_ref idref="fl-43"/>
      </object_component>
      <object_component id="oc-131">
         <name>.text:np_function_ncn_interface_loop</name>
         <load_address>0xccf0</load_address>
         <run_address>0xccf0</run_address>
         <size>0x28</size>
         <input_file_ref idref="fl-12"/>
      </object_component>
      <object_component id="oc-169">
         <name>.text:np_function_crc_calculate</name>
         <load_address>0xcd18</load_address>
         <run_address>0xcd18</run_address>
         <size>0x24</size>
         <input_file_ref idref="fl-13"/>
      </object_component>
      <object_component id="oc-136">
         <name>.text:np_function_task_register</name>
         <load_address>0xcd3c</load_address>
         <run_address>0xcd3c</run_address>
         <size>0x1e</size>
         <input_file_ref idref="fl-46"/>
      </object_component>
      <object_component id="oc-3a">
         <name>.text:_c_int00_noexit</name>
         <load_address>0xcd5a</load_address>
         <run_address>0xcd5a</run_address>
         <size>0x1a</size>
         <input_file_ref idref="fl-29"/>
      </object_component>
      <object_component id="oc-23c">
         <name>.text:np_api_upload</name>
         <load_address>0xcd74</load_address>
         <run_address>0xcd74</run_address>
         <size>0x1a</size>
         <input_file_ref idref="fl-d"/>
      </object_component>
      <object_component id="oc-17b">
         <name>.text:delay</name>
         <load_address>0xcd8e</load_address>
         <run_address>0xcd8e</run_address>
         <size>0x18</size>
         <input_file_ref idref="fl-5"/>
      </object_component>
      <object_component id="oc-208">
         <name>.text:np_function_crc_check</name>
         <load_address>0xcda6</load_address>
         <run_address>0xcda6</run_address>
         <size>0x18</size>
         <input_file_ref idref="fl-13"/>
      </object_component>
      <object_component id="oc-d5">
         <name>.text:LCD_Clear</name>
         <load_address>0xcdbe</load_address>
         <run_address>0xcdbe</run_address>
         <size>0x16</size>
         <input_file_ref idref="fl-5"/>
      </object_component>
      <object_component id="oc-44">
         <name>.text:decompress:ZI:__TI_zero_init</name>
         <load_address>0xcdd4</load_address>
         <run_address>0xcdd4</run_address>
         <size>0x14</size>
         <input_file_ref idref="fl-2c"/>
      </object_component>
      <object_component id="oc-3f">
         <name>.text:decompress:none:__TI_decompress_none</name>
         <load_address>0xcde8</load_address>
         <run_address>0xcde8</run_address>
         <size>0x12</size>
         <input_file_ref idref="fl-2a"/>
      </object_component>
      <object_component id="oc-79">
         <name>.text:memcpy</name>
         <load_address>0xcdfa</load_address>
         <run_address>0xcdfa</run_address>
         <size>0x12</size>
         <input_file_ref idref="fl-3d"/>
      </object_component>
      <object_component id="oc-c0">
         <name>.text</name>
         <load_address>0xce0c</load_address>
         <run_address>0xce0c</run_address>
         <size>0x10</size>
         <input_file_ref idref="fl-30"/>
      </object_component>
      <object_component id="oc-da">
         <name>.text:np_driver_pm_loop</name>
         <load_address>0xce1c</load_address>
         <run_address>0xce1c</run_address>
         <size>0xe</size>
         <input_file_ref idref="fl-10"/>
      </object_component>
      <object_component id="oc-122">
         <name>.text:np_driver_timer_init</name>
         <load_address>0xce2a</load_address>
         <run_address>0xce2a</run_address>
         <size>0xe</size>
         <input_file_ref idref="fl-e"/>
      </object_component>
      <object_component id="oc-12c">
         <name>.text:np_function_task_init</name>
         <load_address>0xce38</load_address>
         <run_address>0xce38</run_address>
         <size>0xe</size>
         <input_file_ref idref="fl-46"/>
      </object_component>
      <object_component id="oc-211">
         <name>.text:np_api_poweroff</name>
         <load_address>0xce46</load_address>
         <run_address>0xce46</run_address>
         <size>0x8</size>
         <input_file_ref idref="fl-d"/>
      </object_component>
      <object_component id="oc-19a">
         <name>.text:np_driver_spi_is_aviable</name>
         <load_address>0xce4e</load_address>
         <run_address>0xce4e</run_address>
         <size>0x8</size>
         <input_file_ref idref="fl-f"/>
      </object_component>
      <object_component id="oc-1a9">
         <name>.text:np_driver_timer_enable</name>
         <load_address>0xce56</load_address>
         <run_address>0xce56</run_address>
         <size>0x8</size>
         <input_file_ref idref="fl-e"/>
      </object_component>
      <object_component id="oc-51">
         <name>.text:__TI_ISR_TRAP</name>
         <load_address>0xce5e</load_address>
         <run_address>0xce5e</run_address>
         <size>0x6</size>
         <input_file_ref idref="fl-3b"/>
      </object_component>
      <object_component id="oc-49">
         <name>.text:decompress:rle24:__TI_decompress_rle24</name>
         <load_address>0xce64</load_address>
         <run_address>0xce64</run_address>
         <size>0x6</size>
         <input_file_ref idref="fl-2b"/>
      </object_component>
      <object_component id="oc-158">
         <name>.text:np_driver_pm_automode_set</name>
         <load_address>0xce6a</load_address>
         <run_address>0xce6a</run_address>
         <size>0x6</size>
         <input_file_ref idref="fl-10"/>
      </object_component>
      <object_component id="oc-b7">
         <name>.text:np_driver_pm_mode_get</name>
         <load_address>0xce70</load_address>
         <run_address>0xce70</run_address>
         <size>0x6</size>
         <input_file_ref idref="fl-10"/>
      </object_component>
      <object_component id="oc-127">
         <name>.text:np_function_set_post_address</name>
         <load_address>0xce76</load_address>
         <run_address>0xce76</run_address>
         <size>0x6</size>
         <input_file_ref idref="fl-12"/>
      </object_component>
      <object_component id="oc-64">
         <name>.text:_system_pre_init</name>
         <load_address>0xce7c</load_address>
         <run_address>0xce7c</run_address>
         <size>0x4</size>
         <input_file_ref idref="fl-3f"/>
      </object_component>
      <object_component id="oc-73">
         <name>.text:abort</name>
         <load_address>0xce80</load_address>
         <run_address>0xce80</run_address>
         <size>0x4</size>
         <input_file_ref idref="fl-31"/>
      </object_component>
      <object_component id="oc-225">
         <name>.text:np_driver_pm_gie_clear</name>
         <load_address>0xce84</load_address>
         <run_address>0xce84</run_address>
         <size>0x4</size>
         <input_file_ref idref="fl-10"/>
      </object_component>
      <object_component id="oc-13b">
         <name>.text:np_driver_pm_gie_set</name>
         <load_address>0xce88</load_address>
         <run_address>0xce88</run_address>
         <size>0x4</size>
         <input_file_ref idref="fl-10"/>
      </object_component>
      <object_component id="oc-21b">
         <name>.text:np_api_start</name>
         <load_address>0xce8c</load_address>
         <run_address>0xce8c</run_address>
         <size>0x2</size>
         <input_file_ref idref="fl-3"/>
      </object_component>
      <object_component id="oc-216">
         <name>.text:np_api_stop</name>
         <load_address>0xce8e</load_address>
         <run_address>0xce8e</run_address>
         <size>0x2</size>
         <input_file_ref idref="fl-3"/>
      </object_component>
      <object_component id="oc-2ae">
         <name>.cinit..data.load</name>
         <load_address>0xd0f8</load_address>
         <run_address>0xd0f8</run_address>
         <size>0x12</size>
      </object_component>
      <object_component id="oc-2ab">
         <name>__TI_handler_table</name>
         <load_address>0xd10a</load_address>
         <run_address>0xd10a</run_address>
         <size>0x6</size>
      </object_component>
      <object_component id="oc-2ad">
         <name>.cinit..bss.load</name>
         <load_address>0xd110</load_address>
         <run_address>0xd110</run_address>
         <size>0x4</size>
      </object_component>
      <object_component id="oc-2ac">
         <name>__TI_cinit_table</name>
         <load_address>0xd114</load_address>
         <run_address>0xd114</run_address>
         <size>0x8</size>
      </object_component>
      <object_component id="oc-1ee">
         <name>.const:crc_table</name>
         <load_address>0xce90</load_address>
         <run_address>0xce90</run_address>
         <size>0x200</size>
         <input_file_ref idref="fl-13"/>
      </object_component>
      <object_component id="oc-152">
         <name>.const:.string</name>
         <load_address>0xd090</load_address>
         <run_address>0xd090</run_address>
         <size>0x5a</size>
         <input_file_ref idref="fl-3"/>
      </object_component>
      <object_component id="oc-141">
         <name>.const:my_cmd_func_table</name>
         <load_address>0xd0ea</load_address>
         <run_address>0xd0ea</run_address>
         <size>0x8</size>
         <input_file_ref idref="fl-3"/>
      </object_component>
      <object_component id="oc-1d0">
         <name>.const:.string:$P$T0$1</name>
         <load_address>0xd0f2</load_address>
         <run_address>0xd0f2</run_address>
         <size>0x4</size>
         <input_file_ref idref="fl-5"/>
      </object_component>
      <object_component id="oc-220">
         <name>.const:.string:$P$T0$1</name>
         <load_address>0xd0f6</load_address>
         <run_address>0xd0f6</run_address>
         <size>0x1</size>
         <input_file_ref idref="fl-12"/>
      </object_component>
      <object_component id="oc-2e">
         <name>.int02</name>
         <load_address>0xefe4</load_address>
         <run_address>0xefe4</run_address>
         <size>0x2</size>
         <input_file_ref idref="fl-32"/>
      </object_component>
      <object_component id="oc-2f">
         <name>.int03</name>
         <load_address>0xefe6</load_address>
         <run_address>0xefe6</run_address>
         <size>0x2</size>
         <input_file_ref idref="fl-33"/>
      </object_component>
      <object_component id="oc-30">
         <name>.int05</name>
         <load_address>0xefea</load_address>
         <run_address>0xefea</run_address>
         <size>0x2</size>
         <input_file_ref idref="fl-34"/>
      </object_component>
      <object_component id="oc-31">
         <name>.int06</name>
         <load_address>0xefec</load_address>
         <run_address>0xefec</run_address>
         <size>0x2</size>
         <input_file_ref idref="fl-4"/>
      </object_component>
      <object_component id="oc-32">
         <name>.int07</name>
         <load_address>0xefee</load_address>
         <run_address>0xefee</run_address>
         <size>0x2</size>
         <input_file_ref idref="fl-f"/>
      </object_component>
      <object_component id="oc-33">
         <name>.int08</name>
         <load_address>0xeff0</load_address>
         <run_address>0xeff0</run_address>
         <size>0x2</size>
         <input_file_ref idref="fl-35"/>
      </object_component>
      <object_component id="oc-34">
         <name>.int09</name>
         <load_address>0xeff2</load_address>
         <run_address>0xeff2</run_address>
         <size>0x2</size>
         <input_file_ref idref="fl-e"/>
      </object_component>
      <object_component id="oc-35">
         <name>.int10</name>
         <load_address>0xeff4</load_address>
         <run_address>0xeff4</run_address>
         <size>0x2</size>
         <input_file_ref idref="fl-36"/>
      </object_component>
      <object_component id="oc-36">
         <name>.int11</name>
         <load_address>0xeff6</load_address>
         <run_address>0xeff6</run_address>
         <size>0x2</size>
         <input_file_ref idref="fl-37"/>
      </object_component>
      <object_component id="oc-37">
         <name>.int12</name>
         <load_address>0xeff8</load_address>
         <run_address>0xeff8</run_address>
         <size>0x2</size>
         <input_file_ref idref="fl-38"/>
      </object_component>
      <object_component id="oc-38">
         <name>.int13</name>
         <load_address>0xeffa</load_address>
         <run_address>0xeffa</run_address>
         <size>0x2</size>
         <input_file_ref idref="fl-39"/>
      </object_component>
      <object_component id="oc-39">
         <name>.int14</name>
         <load_address>0xeffc</load_address>
         <run_address>0xeffc</run_address>
         <size>0x2</size>
         <input_file_ref idref="fl-3a"/>
      </object_component>
      <object_component id="oc-50">
         <name>.reset</name>
         <load_address>0xeffe</load_address>
         <run_address>0xeffe</run_address>
         <size>0x2</size>
         <input_file_ref idref="fl-29"/>
      </object_component>
      <object_component id="oc-252">
         <name>.common:TxByteCtr</name>
         <uninitialized>true</uninitialized>
         <run_address>0x36d</run_address>
         <size>0x1</size>
      </object_component>
      <object_component id="oc-ab">
         <name>.common:RxByteCtr</name>
         <uninitialized>true</uninitialized>
         <run_address>0x36c</run_address>
         <size>0x1</size>
      </object_component>
      <object_component id="oc-251">
         <name>.common:TxBuf</name>
         <uninitialized>true</uninitialized>
         <run_address>0x34e</run_address>
         <size>0x10</size>
      </object_component>
      <object_component id="oc-ac">
         <name>.common:RxBuf</name>
         <uninitialized>true</uninitialized>
         <run_address>0x33e</run_address>
         <size>0x10</size>
      </object_component>
      <object_component id="oc-26e">
         <name>.common:I2C</name>
         <uninitialized>true</uninitialized>
         <run_address>0x364</run_address>
         <size>0x4</size>
      </object_component>
      <object_component id="oc-26f">
         <name>.common:m_data</name>
         <uninitialized>true</uninitialized>
         <run_address>0x368</run_address>
         <size>0x2</size>
      </object_component>
      <object_component id="oc-22b">
         <name>.common:mdk_cmd_func_table_ptr</name>
         <uninitialized>true</uninitialized>
         <run_address>0x36a</run_address>
         <size>0x2</size>
      </object_component>
      <object_component id="oc-22e">
         <name>.common:mdk_cmd_func_number</name>
         <uninitialized>true</uninitialized>
         <run_address>0x36e</run_address>
         <size>0x1</size>
      </object_component>
      <object_component id="oc-1a8">
         <name>.common:freq_call_function0</name>
         <uninitialized>true</uninitialized>
         <run_address>0x35e</run_address>
         <size>0x6</size>
      </object_component>
      <object_component id="oc-22d">
         <name>.common:t_message</name>
         <uninitialized>true</uninitialized>
         <run_address>0x2fe</run_address>
         <size>0x40</size>
      </object_component>
      <object_component id="oc-224">
         <name>.common:source_address</name>
         <uninitialized>true</uninitialized>
         <run_address>0x36f</run_address>
         <size>0x1</size>
      </object_component>
      <object_component id="oc-a2">
         <name>.data</name>
         <load_address>0x2fb</load_address>
         <run_address>0x2fb</run_address>
         <size>0x1</size>
         <input_file_ref idref="fl-4"/>
      </object_component>
      <object_component id="oc-ae">
         <name>.data</name>
         <load_address>0x210</load_address>
         <run_address>0x210</run_address>
         <size>0xc8</size>
         <input_file_ref idref="fl-f"/>
      </object_component>
      <object_component id="oc-bc">
         <name>.data</name>
         <load_address>0x2fd</load_address>
         <run_address>0x2fd</run_address>
         <size>0x1</size>
         <input_file_ref idref="fl-e"/>
      </object_component>
      <object_component id="oc-10b">
         <name>.data</name>
         <load_address>0x2fc</load_address>
         <run_address>0x2fc</run_address>
         <size>0x1</size>
         <input_file_ref idref="fl-10"/>
      </object_component>
      <object_component id="oc-222">
         <name>.data:mdk_app_version</name>
         <load_address>0x2f8</load_address>
         <run_address>0x2f8</run_address>
         <size>0x3</size>
         <input_file_ref idref="fl-12"/>
      </object_component>
      <object_component id="oc-235">
         <name>.data:apptext_1</name>
         <load_address>0x2d8</load_address>
         <run_address>0x2d8</run_address>
         <size>0x10</size>
         <input_file_ref idref="fl-2"/>
      </object_component>
      <object_component id="oc-243">
         <name>.data:apptext_2</name>
         <load_address>0x2e8</load_address>
         <run_address>0x2e8</run_address>
         <size>0x10</size>
         <input_file_ref idref="fl-2"/>
      </object_component>
      <object_component id="oc-3b">
         <name>.debug_info</name>
         <load_address>0x0</load_address>
         <run_address>0x0</run_address>
         <size>0x125</size>
         <input_file_ref idref="fl-29"/>
      </object_component>
      <object_component id="oc-42">
         <name>.debug_info</name>
         <load_address>0x125</load_address>
         <run_address>0x125</run_address>
         <size>0x194</size>
         <input_file_ref idref="fl-2a"/>
      </object_component>
      <object_component id="oc-45">
         <name>.debug_info</name>
         <load_address>0x2b9</load_address>
         <run_address>0x2b9</run_address>
         <size>0x16a</size>
         <input_file_ref idref="fl-2c"/>
      </object_component>
      <object_component id="oc-4a">
         <name>.debug_info</name>
         <load_address>0x423</load_address>
         <run_address>0x423</run_address>
         <size>0x18e</size>
         <input_file_ref idref="fl-2b"/>
      </object_component>
      <object_component id="oc-4f">
         <name>.debug_info</name>
         <load_address>0x5b1</load_address>
         <run_address>0x5b1</run_address>
         <size>0xaa</size>
         <input_file_ref idref="fl-29"/>
      </object_component>
      <object_component id="oc-52">
         <name>.debug_info</name>
         <load_address>0x65b</load_address>
         <run_address>0x65b</run_address>
         <size>0xc2</size>
         <input_file_ref idref="fl-3b"/>
      </object_component>
      <object_component id="oc-56">
         <name>.debug_info</name>
         <load_address>0x71d</load_address>
         <run_address>0x71d</run_address>
         <size>0x131</size>
         <input_file_ref idref="fl-4"/>
      </object_component>
      <object_component id="oc-5b">
         <name>.debug_info</name>
         <load_address>0x84e</load_address>
         <run_address>0x84e</run_address>
         <size>0x16f</size>
         <input_file_ref idref="fl-f"/>
      </object_component>
      <object_component id="oc-60">
         <name>.debug_info</name>
         <load_address>0x9bd</load_address>
         <run_address>0x9bd</run_address>
         <size>0x189</size>
         <input_file_ref idref="fl-e"/>
      </object_component>
      <object_component id="oc-67">
         <name>.debug_info</name>
         <load_address>0xb46</load_address>
         <run_address>0xb46</run_address>
         <size>0xfd</size>
         <input_file_ref idref="fl-3f"/>
      </object_component>
      <object_component id="oc-6d">
         <name>.debug_info</name>
         <load_address>0xc43</load_address>
         <run_address>0xc43</run_address>
         <size>0x14d</size>
         <input_file_ref idref="fl-42"/>
      </object_component>
      <object_component id="oc-71">
         <name>.debug_info</name>
         <load_address>0xd90</load_address>
         <run_address>0xd90</run_address>
         <size>0x18d</size>
         <input_file_ref idref="fl-43"/>
      </object_component>
      <object_component id="oc-74">
         <name>.debug_info</name>
         <load_address>0xf1d</load_address>
         <run_address>0xf1d</run_address>
         <size>0xcc</size>
         <input_file_ref idref="fl-31"/>
      </object_component>
      <object_component id="oc-7a">
         <name>.debug_info</name>
         <load_address>0xfe9</load_address>
         <run_address>0xfe9</run_address>
         <size>0x157</size>
         <input_file_ref idref="fl-3d"/>
      </object_component>
      <object_component id="oc-7f">
         <name>.debug_info</name>
         <load_address>0x1140</load_address>
         <run_address>0x1140</run_address>
         <size>0x46</size>
         <input_file_ref idref="fl-2a"/>
      </object_component>
      <object_component id="oc-84">
         <name>.debug_info</name>
         <load_address>0x1186</load_address>
         <run_address>0x1186</run_address>
         <size>0x164</size>
         <input_file_ref idref="fl-2a"/>
      </object_component>
      <object_component id="oc-86">
         <name>.debug_info</name>
         <load_address>0x12ea</load_address>
         <run_address>0x12ea</run_address>
         <size>0x46</size>
         <input_file_ref idref="fl-2c"/>
      </object_component>
      <object_component id="oc-8b">
         <name>.debug_info</name>
         <load_address>0x1330</load_address>
         <run_address>0x1330</run_address>
         <size>0x11f</size>
         <input_file_ref idref="fl-2c"/>
      </object_component>
      <object_component id="oc-8e">
         <name>.debug_info</name>
         <load_address>0x144f</load_address>
         <run_address>0x144f</run_address>
         <size>0x1e9</size>
         <input_file_ref idref="fl-2b"/>
      </object_component>
      <object_component id="oc-92">
         <name>.debug_info</name>
         <load_address>0x1638</load_address>
         <run_address>0x1638</run_address>
         <size>0x129</size>
         <input_file_ref idref="fl-2b"/>
      </object_component>
      <object_component id="oc-93">
         <name>.debug_info</name>
         <load_address>0x1761</load_address>
         <run_address>0x1761</run_address>
         <size>0x39</size>
         <input_file_ref idref="fl-2b"/>
      </object_component>
      <object_component id="oc-9a">
         <name>.debug_info</name>
         <load_address>0x179a</load_address>
         <run_address>0x179a</run_address>
         <size>0x84</size>
         <input_file_ref idref="fl-2"/>
      </object_component>
      <object_component id="oc-a1">
         <name>.debug_info</name>
         <load_address>0x181e</load_address>
         <run_address>0x181e</run_address>
         <size>0x3e9</size>
         <input_file_ref idref="fl-4"/>
      </object_component>
      <object_component id="oc-a3">
         <name>.debug_info</name>
         <load_address>0x1c07</load_address>
         <run_address>0x1c07</run_address>
         <size>0xe2</size>
         <input_file_ref idref="fl-4"/>
      </object_component>
      <object_component id="oc-af">
         <name>.debug_info</name>
         <load_address>0x1ce9</load_address>
         <run_address>0x1ce9</run_address>
         <size>0x1e6</size>
         <input_file_ref idref="fl-f"/>
      </object_component>
      <object_component id="oc-b2">
         <name>.debug_info</name>
         <load_address>0x1ecf</load_address>
         <run_address>0x1ecf</run_address>
         <size>0x29e</size>
         <input_file_ref idref="fl-e"/>
      </object_component>
      <object_component id="oc-b9">
         <name>.debug_info</name>
         <load_address>0x216d</load_address>
         <run_address>0x216d</run_address>
         <size>0x15e</size>
         <input_file_ref idref="fl-10"/>
      </object_component>
      <object_component id="oc-bd">
         <name>.debug_info</name>
         <load_address>0x22cb</load_address>
         <run_address>0x22cb</run_address>
         <size>0xfb</size>
         <input_file_ref idref="fl-e"/>
      </object_component>
      <object_component id="oc-c1">
         <name>.debug_info</name>
         <load_address>0x23c6</load_address>
         <run_address>0x23c6</run_address>
         <size>0xe1</size>
         <input_file_ref idref="fl-30"/>
      </object_component>
      <object_component id="oc-c5">
         <name>.debug_info</name>
         <load_address>0x24a7</load_address>
         <run_address>0x24a7</run_address>
         <size>0x2ba</size>
         <input_file_ref idref="fl-42"/>
      </object_component>
      <object_component id="oc-c7">
         <name>.debug_info</name>
         <load_address>0x2761</load_address>
         <run_address>0x2761</run_address>
         <size>0x1fd</size>
         <input_file_ref idref="fl-44"/>
      </object_component>
      <object_component id="oc-cf">
         <name>.debug_info</name>
         <load_address>0x295e</load_address>
         <run_address>0x295e</run_address>
         <size>0x2c2</size>
         <input_file_ref idref="fl-3"/>
      </object_component>
      <object_component id="oc-d4">
         <name>.debug_info</name>
         <load_address>0x2c20</load_address>
         <run_address>0x2c20</run_address>
         <size>0x282</size>
         <input_file_ref idref="fl-12"/>
      </object_component>
      <object_component id="oc-d6">
         <name>.debug_info</name>
         <load_address>0x2ea2</load_address>
         <run_address>0x2ea2</run_address>
         <size>0x160</size>
         <input_file_ref idref="fl-5"/>
      </object_component>
      <object_component id="oc-dc">
         <name>.debug_info</name>
         <load_address>0x3002</load_address>
         <run_address>0x3002</run_address>
         <size>0x16e</size>
         <input_file_ref idref="fl-10"/>
      </object_component>
      <object_component id="oc-e2">
         <name>.debug_info</name>
         <load_address>0x3170</load_address>
         <run_address>0x3170</run_address>
         <size>0x127</size>
         <input_file_ref idref="fl-3d"/>
      </object_component>
      <object_component id="oc-e3">
         <name>.debug_info</name>
         <load_address>0x3297</load_address>
         <run_address>0x3297</run_address>
         <size>0x2c</size>
         <input_file_ref idref="fl-2c"/>
      </object_component>
      <object_component id="oc-e8">
         <name>.debug_info</name>
         <load_address>0x32c3</load_address>
         <run_address>0x32c3</run_address>
         <size>0x2c</size>
         <input_file_ref idref="fl-2a"/>
      </object_component>
      <object_component id="oc-f6">
         <name>.debug_info</name>
         <load_address>0x32ef</load_address>
         <run_address>0x32ef</run_address>
         <size>0x12d</size>
         <input_file_ref idref="fl-4"/>
      </object_component>
      <object_component id="oc-ff">
         <name>.debug_info</name>
         <load_address>0x341c</load_address>
         <run_address>0x341c</run_address>
         <size>0x18d</size>
         <input_file_ref idref="fl-d"/>
      </object_component>
      <object_component id="oc-106">
         <name>.debug_info</name>
         <load_address>0x35a9</load_address>
         <run_address>0x35a9</run_address>
         <size>0x72</size>
         <input_file_ref idref="fl-d"/>
      </object_component>
      <object_component id="oc-10c">
         <name>.debug_info</name>
         <load_address>0x361b</load_address>
         <run_address>0x361b</run_address>
         <size>0x104</size>
         <input_file_ref idref="fl-10"/>
      </object_component>
      <object_component id="oc-113">
         <name>.debug_info</name>
         <load_address>0x371f</load_address>
         <run_address>0x371f</run_address>
         <size>0x39</size>
         <input_file_ref idref="fl-42"/>
      </object_component>
      <object_component id="oc-119">
         <name>.debug_info</name>
         <load_address>0x3758</load_address>
         <run_address>0x3758</run_address>
         <size>0x179</size>
         <input_file_ref idref="fl-45"/>
      </object_component>
      <object_component id="oc-11e">
         <name>.debug_info</name>
         <load_address>0x38d1</load_address>
         <run_address>0x38d1</run_address>
         <size>0x195</size>
         <input_file_ref idref="fl-f"/>
      </object_component>
      <object_component id="oc-124">
         <name>.debug_info</name>
         <load_address>0x3a66</load_address>
         <run_address>0x3a66</run_address>
         <size>0x167</size>
         <input_file_ref idref="fl-e"/>
      </object_component>
      <object_component id="oc-12b">
         <name>.debug_info</name>
         <load_address>0x3bcd</load_address>
         <run_address>0x3bcd</run_address>
         <size>0x1c3</size>
         <input_file_ref idref="fl-12"/>
      </object_component>
      <object_component id="oc-12e">
         <name>.debug_info</name>
         <load_address>0x3d90</load_address>
         <run_address>0x3d90</run_address>
         <size>0x16c</size>
         <input_file_ref idref="fl-46"/>
      </object_component>
      <object_component id="oc-133">
         <name>.debug_info</name>
         <load_address>0x3efc</load_address>
         <run_address>0x3efc</run_address>
         <size>0x1fd</size>
         <input_file_ref idref="fl-12"/>
      </object_component>
      <object_component id="oc-137">
         <name>.debug_info</name>
         <load_address>0x40f9</load_address>
         <run_address>0x40f9</run_address>
         <size>0x1e9</size>
         <input_file_ref idref="fl-46"/>
      </object_component>
      <object_component id="oc-13c">
         <name>.debug_info</name>
         <load_address>0x42e2</load_address>
         <run_address>0x42e2</run_address>
         <size>0x158</size>
         <input_file_ref idref="fl-10"/>
      </object_component>
      <object_component id="oc-142">
         <name>.debug_info</name>
         <load_address>0x443a</load_address>
         <run_address>0x443a</run_address>
         <size>0xea</size>
         <input_file_ref idref="fl-3"/>
      </object_component>
      <object_component id="oc-147">
         <name>.debug_info</name>
         <load_address>0x4524</load_address>
         <run_address>0x4524</run_address>
         <size>0x1d0</size>
         <input_file_ref idref="fl-d"/>
      </object_component>
      <object_component id="oc-149">
         <name>.debug_info</name>
         <load_address>0x46f4</load_address>
         <run_address>0x46f4</run_address>
         <size>0x2d6</size>
         <input_file_ref idref="fl-5"/>
      </object_component>
      <object_component id="oc-14e">
         <name>.debug_info</name>
         <load_address>0x49ca</load_address>
         <run_address>0x49ca</run_address>
         <size>0x292</size>
         <input_file_ref idref="fl-5"/>
      </object_component>
      <object_component id="oc-154">
         <name>.debug_info</name>
         <load_address>0x4c5c</load_address>
         <run_address>0x4c5c</run_address>
         <size>0x1bc</size>
         <input_file_ref idref="fl-5"/>
      </object_component>
      <object_component id="oc-159">
         <name>.debug_info</name>
         <load_address>0x4e18</load_address>
         <run_address>0x4e18</run_address>
         <size>0x162</size>
         <input_file_ref idref="fl-10"/>
      </object_component>
      <object_component id="oc-15f">
         <name>.debug_info</name>
         <load_address>0x4f7a</load_address>
         <run_address>0x4f7a</run_address>
         <size>0x4bd</size>
         <input_file_ref idref="fl-12"/>
      </object_component>
      <object_component id="oc-16a">
         <name>.debug_info</name>
         <load_address>0x5437</load_address>
         <run_address>0x5437</run_address>
         <size>0x1cc</size>
         <input_file_ref idref="fl-13"/>
      </object_component>
      <object_component id="oc-177">
         <name>.debug_info</name>
         <load_address>0x5603</load_address>
         <run_address>0x5603</run_address>
         <size>0x1b2</size>
         <input_file_ref idref="fl-5"/>
      </object_component>
      <object_component id="oc-17c">
         <name>.debug_info</name>
         <load_address>0x57b5</load_address>
         <run_address>0x57b5</run_address>
         <size>0x136</size>
         <input_file_ref idref="fl-5"/>
      </object_component>
      <object_component id="oc-184">
         <name>.debug_info</name>
         <load_address>0x58eb</load_address>
         <run_address>0x58eb</run_address>
         <size>0x462</size>
         <input_file_ref idref="fl-d"/>
      </object_component>
      <object_component id="oc-185">
         <name>.debug_info</name>
         <load_address>0x5d4d</load_address>
         <run_address>0x5d4d</run_address>
         <size>0x40f</size>
         <input_file_ref idref="fl-d"/>
      </object_component>
      <object_component id="oc-198">
         <name>.debug_info</name>
         <load_address>0x615c</load_address>
         <run_address>0x615c</run_address>
         <size>0x47d</size>
         <input_file_ref idref="fl-12"/>
      </object_component>
      <object_component id="oc-19b">
         <name>.debug_info</name>
         <load_address>0x65d9</load_address>
         <run_address>0x65d9</run_address>
         <size>0x167</size>
         <input_file_ref idref="fl-f"/>
      </object_component>
      <object_component id="oc-1a0">
         <name>.debug_info</name>
         <load_address>0x6740</load_address>
         <run_address>0x6740</run_address>
         <size>0x163</size>
         <input_file_ref idref="fl-f"/>
      </object_component>
      <object_component id="oc-1ac">
         <name>.debug_info</name>
         <load_address>0x68a3</load_address>
         <run_address>0x68a3</run_address>
         <size>0x16b</size>
         <input_file_ref idref="fl-e"/>
      </object_component>
      <object_component id="oc-1af">
         <name>.debug_info</name>
         <load_address>0x6a0e</load_address>
         <run_address>0x6a0e</run_address>
         <size>0x206</size>
         <input_file_ref idref="fl-46"/>
      </object_component>
      <object_component id="oc-1b2">
         <name>.debug_info</name>
         <load_address>0x6c14</load_address>
         <run_address>0x6c14</run_address>
         <size>0x1ae</size>
         <input_file_ref idref="fl-2"/>
      </object_component>
      <object_component id="oc-1b7">
         <name>.debug_info</name>
         <load_address>0x6dc2</load_address>
         <run_address>0x6dc2</run_address>
         <size>0x1ae</size>
         <input_file_ref idref="fl-2"/>
      </object_component>
      <object_component id="oc-1bd">
         <name>.debug_info</name>
         <load_address>0x6f70</load_address>
         <run_address>0x6f70</run_address>
         <size>0x2ff</size>
         <input_file_ref idref="fl-3"/>
      </object_component>
      <object_component id="oc-1c4">
         <name>.debug_info</name>
         <load_address>0x726f</load_address>
         <run_address>0x726f</run_address>
         <size>0x185</size>
         <input_file_ref idref="fl-4"/>
      </object_component>
      <object_component id="oc-1c9">
         <name>.debug_info</name>
         <load_address>0x73f4</load_address>
         <run_address>0x73f4</run_address>
         <size>0x276</size>
         <input_file_ref idref="fl-5"/>
      </object_component>
      <object_component id="oc-1cb">
         <name>.debug_info</name>
         <load_address>0x766a</load_address>
         <run_address>0x766a</run_address>
         <size>0x1ad</size>
         <input_file_ref idref="fl-4"/>
      </object_component>
      <object_component id="oc-1d1">
         <name>.debug_info</name>
         <load_address>0x7817</load_address>
         <run_address>0x7817</run_address>
         <size>0xcb</size>
         <input_file_ref idref="fl-5"/>
      </object_component>
      <object_component id="oc-1d9">
         <name>.debug_info</name>
         <load_address>0x78e2</load_address>
         <run_address>0x78e2</run_address>
         <size>0xd3</size>
         <input_file_ref idref="fl-3c"/>
      </object_component>
      <object_component id="oc-1e6">
         <name>.debug_info</name>
         <load_address>0x79b5</load_address>
         <run_address>0x79b5</run_address>
         <size>0x1b0</size>
         <input_file_ref idref="fl-5"/>
      </object_component>
      <object_component id="oc-1ef">
         <name>.debug_info</name>
         <load_address>0x7b65</load_address>
         <run_address>0x7b65</run_address>
         <size>0xf5</size>
         <input_file_ref idref="fl-13"/>
      </object_component>
      <object_component id="oc-1f1">
         <name>.debug_info</name>
         <load_address>0x7c5a</load_address>
         <run_address>0x7c5a</run_address>
         <size>0x15e</size>
         <input_file_ref idref="fl-13"/>
      </object_component>
      <object_component id="oc-1ff">
         <name>.debug_info</name>
         <load_address>0x7db8</load_address>
         <run_address>0x7db8</run_address>
         <size>0x1e0</size>
         <input_file_ref idref="fl-12"/>
      </object_component>
      <object_component id="oc-209">
         <name>.debug_info</name>
         <load_address>0x7f98</load_address>
         <run_address>0x7f98</run_address>
         <size>0x1df</size>
         <input_file_ref idref="fl-13"/>
      </object_component>
      <object_component id="oc-215">
         <name>.debug_info</name>
         <load_address>0x8177</load_address>
         <run_address>0x8177</run_address>
         <size>0x142</size>
         <input_file_ref idref="fl-d"/>
      </object_component>
      <object_component id="oc-219">
         <name>.debug_info</name>
         <load_address>0x82b9</load_address>
         <run_address>0x82b9</run_address>
         <size>0x10f</size>
         <input_file_ref idref="fl-3"/>
      </object_component>
      <object_component id="oc-21f">
         <name>.debug_info</name>
         <load_address>0x83c8</load_address>
         <run_address>0x83c8</run_address>
         <size>0x111</size>
         <input_file_ref idref="fl-3"/>
      </object_component>
      <object_component id="oc-221">
         <name>.debug_info</name>
         <load_address>0x84d9</load_address>
         <run_address>0x84d9</run_address>
         <size>0xfb</size>
         <input_file_ref idref="fl-12"/>
      </object_component>
      <object_component id="oc-223">
         <name>.debug_info</name>
         <load_address>0x85d4</load_address>
         <run_address>0x85d4</run_address>
         <size>0x10b</size>
         <input_file_ref idref="fl-12"/>
      </object_component>
      <object_component id="oc-226">
         <name>.debug_info</name>
         <load_address>0x86df</load_address>
         <run_address>0x86df</run_address>
         <size>0x15c</size>
         <input_file_ref idref="fl-10"/>
      </object_component>
      <object_component id="oc-236">
         <name>.debug_info</name>
         <load_address>0x883b</load_address>
         <run_address>0x883b</run_address>
         <size>0xdc</size>
         <input_file_ref idref="fl-2"/>
      </object_component>
      <object_component id="oc-238">
         <name>.debug_info</name>
         <load_address>0x8917</load_address>
         <run_address>0x8917</run_address>
         <size>0x1d4</size>
         <input_file_ref idref="fl-5"/>
      </object_component>
      <object_component id="oc-240">
         <name>.debug_info</name>
         <load_address>0x8aeb</load_address>
         <run_address>0x8aeb</run_address>
         <size>0x1b5</size>
         <input_file_ref idref="fl-d"/>
      </object_component>
      <object_component id="oc-242">
         <name>.debug_info</name>
         <load_address>0x8ca0</load_address>
         <run_address>0x8ca0</run_address>
         <size>0x1f4</size>
         <input_file_ref idref="fl-2"/>
      </object_component>
      <object_component id="oc-244">
         <name>.debug_info</name>
         <load_address>0x8e94</load_address>
         <run_address>0x8e94</run_address>
         <size>0xdc</size>
         <input_file_ref idref="fl-2"/>
      </object_component>
      <object_component id="oc-248">
         <name>.debug_info</name>
         <load_address>0x8f70</load_address>
         <run_address>0x8f70</run_address>
         <size>0x88</size>
         <input_file_ref idref="fl-3"/>
      </object_component>
      <object_component id="oc-2b0">
         <name>.debug_info</name>
         <load_address>0x8ff8</load_address>
         <run_address>0x8ff8</run_address>
         <size>0xac</size>
      </object_component>
      <object_component id="oc-3c">
         <name>.debug_line</name>
         <load_address>0x0</load_address>
         <run_address>0x0</run_address>
         <size>0x44</size>
         <input_file_ref idref="fl-29"/>
      </object_component>
      <object_component id="oc-43">
         <name>.debug_line</name>
         <load_address>0x44</load_address>
         <run_address>0x44</run_address>
         <size>0x50</size>
         <input_file_ref idref="fl-2a"/>
      </object_component>
      <object_component id="oc-46">
         <name>.debug_line</name>
         <load_address>0x94</load_address>
         <run_address>0x94</run_address>
         <size>0x4a</size>
         <input_file_ref idref="fl-2c"/>
      </object_component>
      <object_component id="oc-4b">
         <name>.debug_line</name>
         <load_address>0xde</load_address>
         <run_address>0xde</run_address>
         <size>0x49</size>
         <input_file_ref idref="fl-2b"/>
      </object_component>
      <object_component id="oc-54">
         <name>.debug_line</name>
         <load_address>0x127</load_address>
         <run_address>0x127</run_address>
         <size>0x3c</size>
         <input_file_ref idref="fl-3b"/>
      </object_component>
      <object_component id="oc-57">
         <name>.debug_line</name>
         <load_address>0x163</load_address>
         <run_address>0x163</run_address>
         <size>0x6f</size>
         <input_file_ref idref="fl-4"/>
      </object_component>
      <object_component id="oc-5e">
         <name>.debug_line</name>
         <load_address>0x1d2</load_address>
         <run_address>0x1d2</run_address>
         <size>0x12c</size>
         <input_file_ref idref="fl-f"/>
      </object_component>
      <object_component id="oc-62">
         <name>.debug_line</name>
         <load_address>0x2fe</load_address>
         <run_address>0x2fe</run_address>
         <size>0x70</size>
         <input_file_ref idref="fl-e"/>
      </object_component>
      <object_component id="oc-65">
         <name>.debug_line</name>
         <load_address>0x36e</load_address>
         <run_address>0x36e</run_address>
         <size>0x3e</size>
         <input_file_ref idref="fl-3f"/>
      </object_component>
      <object_component id="oc-6a">
         <name>.debug_line</name>
         <load_address>0x3ac</load_address>
         <run_address>0x3ac</run_address>
         <size>0x6b</size>
         <input_file_ref idref="fl-42"/>
      </object_component>
      <object_component id="oc-6f">
         <name>.debug_line</name>
         <load_address>0x417</load_address>
         <run_address>0x417</run_address>
         <size>0x4c</size>
         <input_file_ref idref="fl-43"/>
      </object_component>
      <object_component id="oc-75">
         <name>.debug_line</name>
         <load_address>0x463</load_address>
         <run_address>0x463</run_address>
         <size>0x3a</size>
         <input_file_ref idref="fl-31"/>
      </object_component>
      <object_component id="oc-7c">
         <name>.debug_line</name>
         <load_address>0x49d</load_address>
         <run_address>0x49d</run_address>
         <size>0x45</size>
         <input_file_ref idref="fl-3d"/>
      </object_component>
      <object_component id="oc-81">
         <name>.debug_line</name>
         <load_address>0x4e2</load_address>
         <run_address>0x4e2</run_address>
         <size>0x3a</size>
         <input_file_ref idref="fl-2a"/>
      </object_component>
      <object_component id="oc-88">
         <name>.debug_line</name>
         <load_address>0x51c</load_address>
         <run_address>0x51c</run_address>
         <size>0x34</size>
         <input_file_ref idref="fl-2c"/>
      </object_component>
      <object_component id="oc-8d">
         <name>.debug_line</name>
         <load_address>0x550</load_address>
         <run_address>0x550</run_address>
         <size>0x80</size>
         <input_file_ref idref="fl-2b"/>
      </object_component>
      <object_component id="oc-95">
         <name>.debug_line</name>
         <load_address>0x5d0</load_address>
         <run_address>0x5d0</run_address>
         <size>0x39</size>
         <input_file_ref idref="fl-2b"/>
      </object_component>
      <object_component id="oc-99">
         <name>.debug_line</name>
         <load_address>0x609</load_address>
         <run_address>0x609</run_address>
         <size>0x2a</size>
         <input_file_ref idref="fl-29"/>
      </object_component>
      <object_component id="oc-9c">
         <name>.debug_line</name>
         <load_address>0x633</load_address>
         <run_address>0x633</run_address>
         <size>0x20</size>
         <input_file_ref idref="fl-2"/>
      </object_component>
      <object_component id="oc-ba">
         <name>.debug_line</name>
         <load_address>0x653</load_address>
         <run_address>0x653</run_address>
         <size>0x54</size>
         <input_file_ref idref="fl-10"/>
      </object_component>
      <object_component id="oc-c2">
         <name>.debug_line</name>
         <load_address>0x6a7</load_address>
         <run_address>0x6a7</run_address>
         <size>0x40</size>
         <input_file_ref idref="fl-30"/>
      </object_component>
      <object_component id="oc-c8">
         <name>.debug_line</name>
         <load_address>0x6e7</load_address>
         <run_address>0x6e7</run_address>
         <size>0xaa</size>
         <input_file_ref idref="fl-44"/>
      </object_component>
      <object_component id="oc-ce">
         <name>.debug_line</name>
         <load_address>0x791</load_address>
         <run_address>0x791</run_address>
         <size>0x10e</size>
         <input_file_ref idref="fl-3"/>
      </object_component>
      <object_component id="oc-d3">
         <name>.debug_line</name>
         <load_address>0x89f</load_address>
         <run_address>0x89f</run_address>
         <size>0xb1</size>
         <input_file_ref idref="fl-12"/>
      </object_component>
      <object_component id="oc-d7">
         <name>.debug_line</name>
         <load_address>0x950</load_address>
         <run_address>0x950</run_address>
         <size>0x57</size>
         <input_file_ref idref="fl-5"/>
      </object_component>
      <object_component id="oc-dd">
         <name>.debug_line</name>
         <load_address>0x9a7</load_address>
         <run_address>0x9a7</run_address>
         <size>0x59</size>
         <input_file_ref idref="fl-10"/>
      </object_component>
      <object_component id="oc-e5">
         <name>.debug_line</name>
         <load_address>0xa00</load_address>
         <run_address>0xa00</run_address>
         <size>0x44</size>
         <input_file_ref idref="fl-2c"/>
      </object_component>
      <object_component id="oc-ea">
         <name>.debug_line</name>
         <load_address>0xa44</load_address>
         <run_address>0xa44</run_address>
         <size>0x44</size>
         <input_file_ref idref="fl-2a"/>
      </object_component>
      <object_component id="oc-ee">
         <name>.debug_line</name>
         <load_address>0xa88</load_address>
         <run_address>0xa88</run_address>
         <size>0x20</size>
         <input_file_ref idref="fl-2a"/>
      </object_component>
      <object_component id="oc-f0">
         <name>.debug_line</name>
         <load_address>0xaa8</load_address>
         <run_address>0xaa8</run_address>
         <size>0x20</size>
         <input_file_ref idref="fl-2c"/>
      </object_component>
      <object_component id="oc-f3">
         <name>.debug_line</name>
         <load_address>0xac8</load_address>
         <run_address>0xac8</run_address>
         <size>0x20</size>
         <input_file_ref idref="fl-2b"/>
      </object_component>
      <object_component id="oc-f5">
         <name>.debug_line</name>
         <load_address>0xae8</load_address>
         <run_address>0xae8</run_address>
         <size>0x6d</size>
         <input_file_ref idref="fl-4"/>
      </object_component>
      <object_component id="oc-f8">
         <name>.debug_line</name>
         <load_address>0xb55</load_address>
         <run_address>0xb55</run_address>
         <size>0x36</size>
         <input_file_ref idref="fl-4"/>
      </object_component>
      <object_component id="oc-fc">
         <name>.debug_line</name>
         <load_address>0xb8b</load_address>
         <run_address>0xb8b</run_address>
         <size>0x38</size>
         <input_file_ref idref="fl-4"/>
      </object_component>
      <object_component id="oc-fe">
         <name>.debug_line</name>
         <load_address>0xbc3</load_address>
         <run_address>0xbc3</run_address>
         <size>0x42</size>
         <input_file_ref idref="fl-f"/>
      </object_component>
      <object_component id="oc-101">
         <name>.debug_line</name>
         <load_address>0xc05</load_address>
         <run_address>0xc05</run_address>
         <size>0x7c</size>
         <input_file_ref idref="fl-d"/>
      </object_component>
      <object_component id="oc-105">
         <name>.debug_line</name>
         <load_address>0xc81</load_address>
         <run_address>0xc81</run_address>
         <size>0xcb</size>
         <input_file_ref idref="fl-e"/>
      </object_component>
      <object_component id="oc-108">
         <name>.debug_line</name>
         <load_address>0xd4c</load_address>
         <run_address>0xd4c</run_address>
         <size>0x80</size>
         <input_file_ref idref="fl-d"/>
      </object_component>
      <object_component id="oc-10f">
         <name>.debug_line</name>
         <load_address>0xdcc</load_address>
         <run_address>0xdcc</run_address>
         <size>0x46</size>
         <input_file_ref idref="fl-e"/>
      </object_component>
      <object_component id="oc-112">
         <name>.debug_line</name>
         <load_address>0xe12</load_address>
         <run_address>0xe12</run_address>
         <size>0x2e</size>
         <input_file_ref idref="fl-42"/>
      </object_component>
      <object_component id="oc-115">
         <name>.debug_line</name>
         <load_address>0xe40</load_address>
         <run_address>0xe40</run_address>
         <size>0x2e</size>
         <input_file_ref idref="fl-42"/>
      </object_component>
      <object_component id="oc-11a">
         <name>.debug_line</name>
         <load_address>0xe6e</load_address>
         <run_address>0xe6e</run_address>
         <size>0x6d</size>
         <input_file_ref idref="fl-45"/>
      </object_component>
      <object_component id="oc-11f">
         <name>.debug_line</name>
         <load_address>0xedb</load_address>
         <run_address>0xedb</run_address>
         <size>0x5e</size>
         <input_file_ref idref="fl-f"/>
      </object_component>
      <object_component id="oc-123">
         <name>.debug_line</name>
         <load_address>0xf39</load_address>
         <run_address>0xf39</run_address>
         <size>0x5a</size>
         <input_file_ref idref="fl-e"/>
      </object_component>
      <object_component id="oc-12a">
         <name>.debug_line</name>
         <load_address>0xf93</load_address>
         <run_address>0xf93</run_address>
         <size>0x63</size>
         <input_file_ref idref="fl-12"/>
      </object_component>
      <object_component id="oc-12d">
         <name>.debug_line</name>
         <load_address>0xff6</load_address>
         <run_address>0xff6</run_address>
         <size>0x5c</size>
         <input_file_ref idref="fl-46"/>
      </object_component>
      <object_component id="oc-135">
         <name>.debug_line</name>
         <load_address>0x1052</load_address>
         <run_address>0x1052</run_address>
         <size>0x70</size>
         <input_file_ref idref="fl-12"/>
      </object_component>
      <object_component id="oc-138">
         <name>.debug_line</name>
         <load_address>0x10c2</load_address>
         <run_address>0x10c2</run_address>
         <size>0x64</size>
         <input_file_ref idref="fl-46"/>
      </object_component>
      <object_component id="oc-13d">
         <name>.debug_line</name>
         <load_address>0x1126</load_address>
         <run_address>0x1126</run_address>
         <size>0x54</size>
         <input_file_ref idref="fl-10"/>
      </object_component>
      <object_component id="oc-146">
         <name>.debug_line</name>
         <load_address>0x117a</load_address>
         <run_address>0x117a</run_address>
         <size>0x6b</size>
         <input_file_ref idref="fl-d"/>
      </object_component>
      <object_component id="oc-14a">
         <name>.debug_line</name>
         <load_address>0x11e5</load_address>
         <run_address>0x11e5</run_address>
         <size>0x69</size>
         <input_file_ref idref="fl-5"/>
      </object_component>
      <object_component id="oc-14f">
         <name>.debug_line</name>
         <load_address>0x124e</load_address>
         <run_address>0x124e</run_address>
         <size>0x69</size>
         <input_file_ref idref="fl-5"/>
      </object_component>
      <object_component id="oc-155">
         <name>.debug_line</name>
         <load_address>0x12b7</load_address>
         <run_address>0x12b7</run_address>
         <size>0x62</size>
         <input_file_ref idref="fl-5"/>
      </object_component>
      <object_component id="oc-15b">
         <name>.debug_line</name>
         <load_address>0x1319</load_address>
         <run_address>0x1319</run_address>
         <size>0x54</size>
         <input_file_ref idref="fl-10"/>
      </object_component>
      <object_component id="oc-16b">
         <name>.debug_line</name>
         <load_address>0x136d</load_address>
         <run_address>0x136d</run_address>
         <size>0x68</size>
         <input_file_ref idref="fl-13"/>
      </object_component>
      <object_component id="oc-178">
         <name>.debug_line</name>
         <load_address>0x13d5</load_address>
         <run_address>0x13d5</run_address>
         <size>0x5b</size>
         <input_file_ref idref="fl-5"/>
      </object_component>
      <object_component id="oc-17d">
         <name>.debug_line</name>
         <load_address>0x1430</load_address>
         <run_address>0x1430</run_address>
         <size>0x5b</size>
         <input_file_ref idref="fl-5"/>
      </object_component>
      <object_component id="oc-183">
         <name>.debug_line</name>
         <load_address>0x148b</load_address>
         <run_address>0x148b</run_address>
         <size>0x20</size>
         <input_file_ref idref="fl-3d"/>
      </object_component>
      <object_component id="oc-187">
         <name>.debug_line</name>
         <load_address>0x14ab</load_address>
         <run_address>0x14ab</run_address>
         <size>0x6a</size>
         <input_file_ref idref="fl-d"/>
      </object_component>
      <object_component id="oc-18b">
         <name>.debug_line</name>
         <load_address>0x1515</load_address>
         <run_address>0x1515</run_address>
         <size>0x41</size>
         <input_file_ref idref="fl-10"/>
      </object_component>
      <object_component id="oc-197">
         <name>.debug_line</name>
         <load_address>0x1556</load_address>
         <run_address>0x1556</run_address>
         <size>0xe0</size>
         <input_file_ref idref="fl-12"/>
      </object_component>
      <object_component id="oc-19d">
         <name>.debug_line</name>
         <load_address>0x1636</load_address>
         <run_address>0x1636</run_address>
         <size>0x58</size>
         <input_file_ref idref="fl-f"/>
      </object_component>
      <object_component id="oc-1a3">
         <name>.debug_line</name>
         <load_address>0x168e</load_address>
         <run_address>0x168e</run_address>
         <size>0x61</size>
         <input_file_ref idref="fl-f"/>
      </object_component>
      <object_component id="oc-1aa">
         <name>.debug_line</name>
         <load_address>0x16ef</load_address>
         <run_address>0x16ef</run_address>
         <size>0x59</size>
         <input_file_ref idref="fl-e"/>
      </object_component>
      <object_component id="oc-1b3">
         <name>.debug_line</name>
         <load_address>0x1748</load_address>
         <run_address>0x1748</run_address>
         <size>0x63</size>
         <input_file_ref idref="fl-2"/>
      </object_component>
      <object_component id="oc-1b8">
         <name>.debug_line</name>
         <load_address>0x17ab</load_address>
         <run_address>0x17ab</run_address>
         <size>0x65</size>
         <input_file_ref idref="fl-2"/>
      </object_component>
      <object_component id="oc-1bc">
         <name>.debug_line</name>
         <load_address>0x1810</load_address>
         <run_address>0x1810</run_address>
         <size>0x30</size>
         <input_file_ref idref="fl-3"/>
      </object_component>
      <object_component id="oc-1c3">
         <name>.debug_line</name>
         <load_address>0x1840</load_address>
         <run_address>0x1840</run_address>
         <size>0x53</size>
         <input_file_ref idref="fl-4"/>
      </object_component>
      <object_component id="oc-1cc">
         <name>.debug_line</name>
         <load_address>0x1893</load_address>
         <run_address>0x1893</run_address>
         <size>0x68</size>
         <input_file_ref idref="fl-4"/>
      </object_component>
      <object_component id="oc-1da">
         <name>.debug_line</name>
         <load_address>0x18fb</load_address>
         <run_address>0x18fb</run_address>
         <size>0x4e</size>
         <input_file_ref idref="fl-3c"/>
      </object_component>
      <object_component id="oc-1e7">
         <name>.debug_line</name>
         <load_address>0x1949</load_address>
         <run_address>0x1949</run_address>
         <size>0x5b</size>
         <input_file_ref idref="fl-5"/>
      </object_component>
      <object_component id="oc-1ed">
         <name>.debug_line</name>
         <load_address>0x19a4</load_address>
         <run_address>0x19a4</run_address>
         <size>0x184</size>
         <input_file_ref idref="fl-12"/>
      </object_component>
      <object_component id="oc-1fb">
         <name>.debug_line</name>
         <load_address>0x1b28</load_address>
         <run_address>0x1b28</run_address>
         <size>0x1f7</size>
         <input_file_ref idref="fl-d"/>
      </object_component>
      <object_component id="oc-200">
         <name>.debug_line</name>
         <load_address>0x1d1f</load_address>
         <run_address>0x1d1f</run_address>
         <size>0x97</size>
         <input_file_ref idref="fl-12"/>
      </object_component>
      <object_component id="oc-20b">
         <name>.debug_line</name>
         <load_address>0x1db6</load_address>
         <run_address>0x1db6</run_address>
         <size>0x5c</size>
         <input_file_ref idref="fl-13"/>
      </object_component>
      <object_component id="oc-214">
         <name>.debug_line</name>
         <load_address>0x1e12</load_address>
         <run_address>0x1e12</run_address>
         <size>0x50</size>
         <input_file_ref idref="fl-d"/>
      </object_component>
      <object_component id="oc-21a">
         <name>.debug_line</name>
         <load_address>0x1e62</load_address>
         <run_address>0x1e62</run_address>
         <size>0x40</size>
         <input_file_ref idref="fl-3"/>
      </object_component>
      <object_component id="oc-21e">
         <name>.debug_line</name>
         <load_address>0x1ea2</load_address>
         <run_address>0x1ea2</run_address>
         <size>0x40</size>
         <input_file_ref idref="fl-3"/>
      </object_component>
      <object_component id="oc-227">
         <name>.debug_line</name>
         <load_address>0x1ee2</load_address>
         <run_address>0x1ee2</run_address>
         <size>0x54</size>
         <input_file_ref idref="fl-10"/>
      </object_component>
      <object_component id="oc-234">
         <name>.debug_line</name>
         <load_address>0x1f36</load_address>
         <run_address>0x1f36</run_address>
         <size>0x80</size>
         <input_file_ref idref="fl-46"/>
      </object_component>
      <object_component id="oc-23a">
         <name>.debug_line</name>
         <load_address>0x1fb6</load_address>
         <run_address>0x1fb6</run_address>
         <size>0x66</size>
         <input_file_ref idref="fl-5"/>
      </object_component>
      <object_component id="oc-23e">
         <name>.debug_line</name>
         <load_address>0x201c</load_address>
         <run_address>0x201c</run_address>
         <size>0x5a</size>
         <input_file_ref idref="fl-d"/>
      </object_component>
      <object_component id="oc-247">
         <name>.debug_line</name>
         <load_address>0x2076</load_address>
         <run_address>0x2076</run_address>
         <size>0xda</size>
         <input_file_ref idref="fl-3"/>
      </object_component>
      <object_component id="oc-24a">
         <name>.debug_line</name>
         <load_address>0x2150</load_address>
         <run_address>0x2150</run_address>
         <size>0x73</size>
         <input_file_ref idref="fl-3"/>
      </object_component>
      <object_component id="oc-24f">
         <name>.debug_line</name>
         <load_address>0x21c3</load_address>
         <run_address>0x21c3</run_address>
         <size>0x58</size>
         <input_file_ref idref="fl-5"/>
      </object_component>
      <object_component id="oc-255">
         <name>.debug_line</name>
         <load_address>0x221b</load_address>
         <run_address>0x221b</run_address>
         <size>0x42</size>
         <input_file_ref idref="fl-5"/>
      </object_component>
      <object_component id="oc-25f">
         <name>.debug_line</name>
         <load_address>0x225d</load_address>
         <run_address>0x225d</run_address>
         <size>0x46</size>
         <input_file_ref idref="fl-13"/>
      </object_component>
      <object_component id="oc-261">
         <name>.debug_line</name>
         <load_address>0x22a3</load_address>
         <run_address>0x22a3</run_address>
         <size>0x20</size>
         <input_file_ref idref="fl-13"/>
      </object_component>
      <object_component id="oc-268">
         <name>.debug_line</name>
         <load_address>0x22c3</load_address>
         <run_address>0x22c3</run_address>
         <size>0x50</size>
         <input_file_ref idref="fl-12"/>
      </object_component>
      <object_component id="oc-26a">
         <name>.debug_line</name>
         <load_address>0x2313</load_address>
         <run_address>0x2313</run_address>
         <size>0x50</size>
         <input_file_ref idref="fl-12"/>
      </object_component>
      <object_component id="oc-26d">
[...]
         <value>0x10f6</value>
      </symbol>
      <symbol id="sm-60">
         <name>TLV_DCO_30_LEN</name>
         <value>0x10f7</value>
      </symbol>
      <symbol id="sm-61">
         <name>TLV_ADC10_1_TAG</name>
         <value>0x10da</value>
      </symbol>
      <symbol id="sm-62">
         <name>TLV_ADC10_1_LEN</name>
         <value>0x10db</value>
      </symbol>
      <symbol id="sm-63">
         <name>__TI_CINIT_Base</name>
         <value>0xd114</value>
      </symbol>
      <symbol id="sm-64">
         <name>__TI_CINIT_Limit</name>
         <value>0xd11c</value>
      </symbol>
      <symbol id="sm-65">
         <name>__TI_Handler_Table_Base</name>
         <value>0xd10a</value>
      </symbol>
      <symbol id="sm-66">
         <name>__TI_Handler_Table_Limit</name>
         <value>0xd110</value>
      </symbol>
      <symbol id="sm-67">
         <name>binit</name>
         <value>0xffffffff</value>
      </symbol>
      <symbol id="sm-68">
         <name>__binit__</name>
         <value>0xffffffff</value>
      </symbol>
      <symbol id="sm-69">
         <name>__STACK_SIZE</name>
         <value>0x50</value>
      </symbol>
      <symbol id="sm-6a">
         <name>__STACK_END</name>
         <value>0x400</value>
      </symbol>
      <symbol id="sm-6b">
         <name>__c_args__</name>
         <value>0xffffffff</value>
      </symbol>
      <symbol id="sm-ba">
         <name>text_1</name>
         <value>0xc91c</value>
         <object_component_ref idref="oc-1b1"/>
      </symbol>
      <symbol id="sm-bb">
         <name>text_2</name>
         <value>0xc97a</value>
         <object_component_ref idref="oc-1b6"/>
      </symbol>
      <symbol id="sm-bc">
         <name>apptext_1</name>
         <value>0x2d8</value>
         <object_component_ref idref="oc-235"/>
      </symbol>
      <symbol id="sm-bd">
         <name>apptext_2</name>
         <value>0x2e8</value>
         <object_component_ref idref="oc-243"/>
      </symbol>
      <symbol id="sm-f8">
         <name>np_api_start</name>
         <value>0xce8c</value>
         <object_component_ref idref="oc-21b"/>
      </symbol>
      <symbol id="sm-f9">
         <name>np_api_setup</name>
         <value>0xc454</value>
         <object_component_ref idref="oc-cb"/>
      </symbol>
      <symbol id="sm-fa">
         <name>np_api_stop</name>
         <value>0xce8e</value>
         <object_component_ref idref="oc-216"/>
      </symbol>
      <symbol id="sm-129">
         <name>I2C</name>
         <value>0x364</value>
      </symbol>
      <symbol id="sm-12a">
         <name>__TI_int06</name>
         <value>0xefec</value>
         <object_component_ref idref="oc-31"/>
      </symbol>
      <symbol id="sm-12b">
         <name>_ZN9I2C_class5beginEh</name>
         <value>0xcc04</value>
         <object_component_ref idref="oc-1c2"/>
      </symbol>
      <symbol id="sm-12c">
         <name>_Z13USCIAB0TX_ISRv</name>
         <value>0xc796</value>
         <object_component_ref idref="oc-55"/>
      </symbol>
      <symbol id="sm-12d">
         <name>_ZN9I2C_class6I2C_TxEhPhh</name>
         <value>0xc9d8</value>
         <object_component_ref idref="oc-1ca"/>
      </symbol>
      <symbol id="sm-171">
         <name>m_data</name>
         <value>0x368</value>
      </symbol>
      <symbol id="sm-172">
         <name>LCD_Data_write</name>
         <value>0xca2c</value>
         <object_component_ref idref="oc-1e5"/>
      </symbol>
      <symbol id="sm-173">
         <name>LCD_Init</name>
         <value>0xc6ee</value>
         <object_component_ref idref="oc-148"/>
      </symbol>
      <symbol id="sm-174">
         <name>delay</name>
         <value>0xcd8e</value>
         <object_component_ref idref="oc-17b"/>
      </symbol>
      <symbol id="sm-175">
         <name>LCD_SetCursor</name>
         <value>0xc636</value>
         <object_component_ref idref="oc-14d"/>
      </symbol>
      <symbol id="sm-176">
         <name>LCD_Command_write</name>
         <value>0xca7e</value>
         <object_component_ref idref="oc-176"/>
      </symbol>
      <symbol id="sm-177">
         <name>LCD_Write_String</name>
         <value>0xcb4e</value>
         <object_component_ref idref="oc-153"/>
      </symbol>
      <symbol id="sm-178">
         <name>LCD_Clear</name>
         <value>0xcdbe</value>
         <object_component_ref idref="oc-d5"/>
      </symbol>
      <symbol id="sm-179">
         <name>LCD_Write_Byte</name>
         <value>0xcb0c</value>
         <object_component_ref idref="oc-237"/>
      </symbol>
      <symbol id="sm-1a7">
         <name>mdk_cmd_func_table_ptr</name>
         <value>0x36a</value>
      </symbol>
      <symbol id="sm-1a8">
         <name>mdk_cmd_func_number</name>
         <value>0x36e</value>
      </symbol>
      <symbol id="sm-1a9">
         <name>np_api_register</name>
         <value>0xcbca</value>
         <object_component_ref idref="oc-143"/>
      </symbol>
      <symbol id="sm-1aa">
         <name>np_api_upload</name>
         <value>0xcd74</value>
         <object_component_ref idref="oc-23c"/>
      </symbol>
      <symbol id="sm-1ab">
         <name>np_api_poweroff</name>
         <value>0xce46</value>
         <object_component_ref idref="oc-211"/>
      </symbol>
      <symbol id="sm-1ca">
         <name>freq_call_function0</name>
         <value>0x35e</value>
      </symbol>
      <symbol id="sm-1cb">
         <name>__TI_int09</name>
         <value>0xeff2</value>
         <object_component_ref idref="oc-34"/>
      </symbol>
      <symbol id="sm-1cc">
         <name>np_driver_timer_enable</name>
         <value>0xce56</value>
         <object_component_ref idref="oc-1a9"/>
      </symbol>
      <symbol id="sm-1cd">
         <name>run_the_loop</name>
         <value>0x2fd</value>
         <object_component_ref idref="oc-bc"/>
      </symbol>
      <symbol id="sm-1ce">
         <name>np_driver_timer_init</name>
         <value>0xce2a</value>
         <object_component_ref idref="oc-122"/>
      </symbol>
      <symbol id="sm-1cf">
         <name>np_driver_timer_isr</name>
         <value>0xc8be</value>
         <object_component_ref idref="oc-5f"/>
      </symbol>
      <symbol id="sm-1ff">
         <name>spi_post_buf</name>
         <value>0x26e</value>
         <object_component_ref idref="oc-ae"/>
      </symbol>
      <symbol id="sm-200">
         <name>my_node</name>
         <value>0x2cf</value>
         <object_component_ref idref="oc-ae"/>
      </symbol>
      <symbol id="sm-201">
         <name>spi_status</name>
         <value>0x2cd</value>
         <object_component_ref idref="oc-ae"/>
      </symbol>
      <symbol id="sm-202">
         <name>__TI_int07</name>
         <value>0xefee</value>
         <object_component_ref idref="oc-32"/>
      </symbol>
      <symbol id="sm-203">
         <name>np_driver_spi_init</name>
         <value>0xcc68</value>
         <object_component_ref idref="oc-11d"/>
      </symbol>
      <symbol id="sm-204">
         <name>spi_count</name>
         <value>0x2cc</value>
         <object_component_ref idref="oc-ae"/>
      </symbol>
      <symbol id="sm-205">
         <name>test_get</name>
         <value>0x2d4</value>
         <object_component_ref idref="oc-ae"/>
      </symbol>
      <symbol id="sm-206">
         <name>np_driver_spi_is_aviable</name>
         <value>0xce4e</value>
         <object_component_ref idref="oc-19a"/>
      </symbol>
      <symbol id="sm-207">
         <name>test_post</name>
         <value>0x2d0</value>
         <object_component_ref idref="oc-ae"/>
      </symbol>
      <symbol id="sm-208">
         <name>np_driver_spi_apply_post</name>
         <value>0xcc36</value>
         <object_component_ref idref="oc-19f"/>
      </symbol>
      <symbol id="sm-209">
         <name>spi_rw</name>
         <value>0x2ce</value>
         <object_component_ref idref="oc-ae"/>
      </symbol>
      <symbol id="sm-20a">
         <name>np_driver_spi_isr</name>
         <value>0xc000</value>
         <object_component_ref idref="oc-5a"/>
      </symbol>
      <symbol id="sm-20b">
         <name>spi_get_buf</name>
         <value>0x210</value>
         <object_component_ref idref="oc-ae"/>
      </symbol>
      <symbol id="sm-230">
         <name>np_driver_pm_loop</name>
         <value>0xce1c</value>
         <object_component_ref idref="oc-da"/>
      </symbol>
      <symbol id="sm-231">
         <name>np_driver_pm_mode_get</name>
         <value>0xce70</value>
         <object_component_ref idref="oc-b7"/>
      </symbol>
      <symbol id="sm-232">
         <name>np_driver_pm_gie_set</name>
         <value>0xce88</value>
         <object_component_ref idref="oc-13b"/>
      </symbol>
      <symbol id="sm-233">
         <name>mdk_auto_power_save</name>
         <value>0x2fc</value>
         <object_component_ref idref="oc-10b"/>
      </symbol>
      <symbol id="sm-234">
         <name>np_driver_pm_gie_clear</name>
         <value>0xce84</value>
         <object_component_ref idref="oc-225"/>
      </symbol>
      <symbol id="sm-235">
         <name>np_driver_pm_automode_set</name>
         <value>0xce6a</value>
         <object_component_ref idref="oc-158"/>
      </symbol>
      <symbol id="sm-281">
         <name>t_message</name>
         <value>0x2fe</value>
      </symbol>
      <symbol id="sm-282">
         <name>source_address</name>
         <value>0x36f</value>
      </symbol>
      <symbol id="sm-283">
         <name>np_function_ncn_interface_loop</name>
         <value>0xccf0</value>
         <object_component_ref idref="oc-131"/>
      </symbol>
      <symbol id="sm-284">
         <name>np_function_ncn_interface_get_message</name>
         <value>0xc56e</value>
         <object_component_ref idref="oc-1fd"/>
      </symbol>
      <symbol id="sm-285">
         <name>np_function_ncn_interface_post_message</name>
         <value>0xc322</value>
         <object_component_ref idref="oc-d0"/>
      </symbol>
      <symbol id="sm-286">
         <name>np_function_set_post_address</name>
         <value>0xce76</value>
         <object_component_ref idref="oc-127"/>
      </symbol>
      <symbol id="sm-287">
         <name>np_function_ncn_interface_parse</name>
         <value>0xc1a8</value>
         <object_component_ref idref="oc-195"/>
      </symbol>
      <symbol id="sm-288">
         <name>mdk_app_version</name>
         <value>0x2f8</value>
         <object_component_ref idref="oc-222"/>
      </symbol>
      <symbol id="sm-2a0">
         <name>np_function_crc_calculate</name>
         <value>0xcd18</value>
         <object_component_ref idref="oc-169"/>
      </symbol>
      <symbol id="sm-2a1">
         <name>crc_table</name>
         <value>0xce90</value>
         <object_component_ref idref="oc-1ee"/>
      </symbol>
      <symbol id="sm-2a2">
         <name>np_function_crc_check</name>
         <value>0xcda6</value>
         <object_component_ref idref="oc-208"/>
      </symbol>
      <symbol id="sm-2b0">
         <name>_c_int00_noexit</name>
         <value>0xcd5a</value>
         <object_component_ref idref="oc-3a"/>
      </symbol>
      <symbol id="sm-2b1">
         <name>_c_int00</name>
         <value>0xcd5a</value>
         <object_component_ref idref="oc-3a"/>
      </symbol>
      <symbol id="sm-2b2">
         <name>_stack</name>
         <value>0x3b0</value>
         <object_component_ref idref="oc-4e"/>
      </symbol>
      <symbol id="sm-2b3">
         <name>_reset_vector</name>
         <value>0xeffe</value>
         <object_component_ref idref="oc-50"/>
      </symbol>
      <symbol id="sm-2c8">
         <name>__TI_decompress_none</name>
         <value>0xcde8</value>
         <object_component_ref idref="oc-3f"/>
      </symbol>
      <symbol id="sm-2e8">
         <name>__TI_decompress_rle24</name>
         <value>0xce64</value>
         <object_component_ref idref="oc-49"/>
      </symbol>
      <symbol id="sm-2ff">
         <name>__TI_zero_init</name>
         <value>0xcdd4</value>
         <object_component_ref idref="oc-44"/>
      </symbol>
      <symbol id="sm-30a">
         <name>__mspabi_func_epilog_2</name>
         <value>0xce16</value>
         <object_component_ref idref="oc-c0"/>
      </symbol>
      <symbol id="sm-30b">
         <name>__mspabi_func_epilog_3</name>
         <value>0xce14</value>
         <object_component_ref idref="oc-c0"/>
      </symbol>
      <symbol id="sm-30c">
         <name>__mspabi_func_epilog_1</name>
         <value>0xce18</value>
         <object_component_ref idref="oc-c0"/>
      </symbol>
      <symbol id="sm-30d">
         <name>__mspabi_func_epilog_6</name>
         <value>0xce0e</value>
         <object_component_ref idref="oc-c0"/>
      </symbol>
      <symbol id="sm-30e">
         <name>__mspabi_func_epilog_7</name>
         <value>0xce0c</value>
         <object_component_ref idref="oc-c0"/>
      </symbol>
      <symbol id="sm-30f">
         <name>__mspabi_func_epilog_4</name>
         <value>0xce12</value>
         <object_component_ref idref="oc-c0"/>
      </symbol>
      <symbol id="sm-310">
         <name>__mspabi_func_epilog_5</name>
         <value>0xce10</value>
         <object_component_ref idref="oc-c0"/>
      </symbol>
      <symbol id="sm-319">
         <name>C$$EXIT</name>
         <value>0xce80</value>
         <object_component_ref idref="oc-73"/>
      </symbol>
      <symbol id="sm-31a">
         <name>abort</name>
         <value>0xce80</value>
         <object_component_ref idref="oc-73"/>
      </symbol>
      <symbol id="sm-31d">
         <name>__TI_int02</name>
         <value>0xefe4</value>
         <object_component_ref idref="oc-2e"/>
      </symbol>
      <symbol id="sm-320">
         <name>__TI_int03</name>
         <value>0xefe6</value>
         <object_component_ref idref="oc-2f"/>
      </symbol>
      <symbol id="sm-323">
         <name>__TI_int05</name>
         <value>0xefea</value>
         <object_component_ref idref="oc-30"/>
      </symbol>
      <symbol id="sm-326">
         <name>__TI_int08</name>
         <value>0xeff0</value>
         <object_component_ref idref="oc-33"/>
      </symbol>
      <symbol id="sm-329">
         <name>__TI_int10</name>
         <value>0xeff4</value>
         <object_component_ref idref="oc-35"/>
      </symbol>
      <symbol id="sm-32c">
         <name>__TI_int11</name>
         <value>0xeff6</value>
         <object_component_ref idref="oc-36"/>
      </symbol>
      <symbol id="sm-32f">
         <name>__TI_int12</name>
         <value>0xeff8</value>
         <object_component_ref idref="oc-37"/>
      </symbol>
      <symbol id="sm-332">
         <name>__TI_int13</name>
         <value>0xeffa</value>
         <object_component_ref idref="oc-38"/>
      </symbol>
      <symbol id="sm-335">
         <name>__TI_int14</name>
         <value>0xeffc</value>
         <object_component_ref idref="oc-39"/>
      </symbol>
      <symbol id="sm-33c">
         <name>__TI_ISR_TRAP</name>
         <value>0xce5e</value>
         <object_component_ref idref="oc-51"/>
      </symbol>
      <symbol id="sm-343">
         <name>__mspabi_slli</name>
         <value>0xcc9a</value>
         <object_component_ref idref="oc-1d8"/>
      </symbol>
      <symbol id="sm-344">
         <name>__mspabi_slli_9</name>
         <value>0xccb2</value>
         <object_component_ref idref="oc-1d8"/>
      </symbol>
      <symbol id="sm-345">
         <name>__mspabi_slli_8</name>
         <value>0xccb4</value>
         <object_component_ref idref="oc-1d8"/>
      </symbol>
      <symbol id="sm-346">
         <name>__mspabi_slli_7</name>
         <value>0xccb6</value>
         <object_component_ref idref="oc-1d8"/>
      </symbol>
      <symbol id="sm-347">
         <name>__mspabi_slli_6</name>
         <value>0xccb8</value>
         <object_component_ref idref="oc-1d8"/>
      </symbol>
      <symbol id="sm-348">
         <name>__mspabi_slli_5</name>
         <value>0xccba</value>
         <object_component_ref idref="oc-1d8"/>
      </symbol>
      <symbol id="sm-349">
         <name>__mspabi_slli_4</name>
         <value>0xccbc</value>
         <object_component_ref idref="oc-1d8"/>
      </symbol>
      <symbol id="sm-34a">
         <name>__mspabi_slli_3</name>
         <value>0xccbe</value>
         <object_component_ref idref="oc-1d8"/>
      </symbol>
      <symbol id="sm-34b">
         <name>__mspabi_slli_2</name>
         <value>0xccc0</value>
         <object_component_ref idref="oc-1d8"/>
      </symbol>
      <symbol id="sm-34c">
         <name>__mspabi_slli_1</name>
         <value>0xccc2</value>
         <object_component_ref idref="oc-1d8"/>
      </symbol>
      <symbol id="sm-34d">
         <name>__mspabi_slli_15</name>
         <value>0xcca6</value>
         <object_component_ref idref="oc-1d8"/>
      </symbol>
      <symbol id="sm-34e">
         <name>__mspabi_slli_14</name>
         <value>0xcca8</value>
         <object_component_ref idref="oc-1d8"/>
      </symbol>
      <symbol id="sm-34f">
         <name>__mspabi_slli_13</name>
         <value>0xccaa</value>
         <object_component_ref idref="oc-1d8"/>
      </symbol>
      <symbol id="sm-350">
         <name>__mspabi_slli_12</name>
         <value>0xccac</value>
         <object_component_ref idref="oc-1d8"/>
      </symbol>
      <symbol id="sm-351">
         <name>__mspabi_slli_11</name>
         <value>0xccae</value>
         <object_component_ref idref="oc-1d8"/>
      </symbol>
      <symbol id="sm-352">
         <name>__mspabi_slli_10</name>
         <value>0xccb0</value>
         <object_component_ref idref="oc-1d8"/>
      </symbol>
      <symbol id="sm-35f">
         <name>memcpy</name>
         <value>0xcdfa</value>
         <object_component_ref idref="oc-79"/>
      </symbol>
      <symbol id="sm-368">
         <name>_system_pre_init</name>
         <value>0xce7c</value>
         <object_component_ref idref="oc-64"/>
      </symbol>
      <symbol id="sm-37f">
         <name>_auto_init</name>
         <value>0xc860</value>
         <object_component_ref idref="oc-69"/>
      </symbol>
      <symbol id="sm-388">
         <name>main</name>
         <value>0xccc6</value>
         <object_component_ref idref="oc-6e"/>
      </symbol>
      <symbol id="sm-393">
         <name>np_system_init</name>
         <value>0xcac6</value>
         <object_component_ref idref="oc-c6"/>
      </symbol>
      <symbol id="sm-39f">
         <name>np_driver_ucs_init</name>
         <value>0xcb8c</value>
         <object_component_ref idref="oc-118"/>
      </symbol>
      <symbol id="sm-3b2">
         <name>np_function_task_register</name>
         <value>0xcd3c</value>
         <object_component_ref idref="oc-136"/>
      </symbol>
      <symbol id="sm-3b3">
         <name>np_function_task_init</name>
         <value>0xce38</value>
         <object_component_ref idref="oc-12c"/>
      </symbol>
      <symbol id="sm-3b4">
         <name>__TI_exit</name>
         <value>0x1</value>
      </symbol>
      <symbol id="sm-3b5">
         <name>__TI_args_main</name>
         <value>0x1</value>
      </symbol>
      <symbol id="sm-3b6">
         <name>__TI_INITARRAY_Base</name>
         <value>0x0</value>
      </symbol>
      <symbol id="sm-3b7">
         <name>__TI_INITARRAY_Limit</name>
         <value>0x0</value>
      </symbol>
      <symbol id="sm-3ba">
         <name>np_api_loop</name>
         <value>0xcdbe</value>
      </symbol>
      <symbol id="sm-3bb">
         <name>np_api_pm_automode_set</name>
         <value>0xce6a</value>
      </symbol>
      <symbol id="sm-3bc">
         <name>np_function_pm_automode_set</name>
         <value>0xce6a</value>
      </symbol>
      <symbol id="sm-3bd">
         <name>np_function_pm_mode_get</name>
         <value>0xce70</value>
      </symbol>
      <symbol id="sm-3be">
         <name>np_function_pm_loop</name>
         <value>0xce1c</value>
      </symbol>
   </symbol_table>
   <title>Link successful</title>
</link_info>
